Archive member included to satisfy reference by file (symbol)

/usr/bin/../lib/gcc/arm-none-eabi/7.3.1/../../../../arm-none-eabi/lib/thumb/v7e-m/libg.a(lib_a-errno.o)
                              lib_build/syscalls.o (__errno)
/usr/bin/../lib/gcc/arm-none-eabi/7.3.1/../../../../arm-none-eabi/lib/thumb/v7e-m/libg.a(lib_a-impure.o)
                              /usr/bin/../lib/gcc/arm-none-eabi/7.3.1/../../../../arm-none-eabi/lib/thumb/v7e-m/libg.a(lib_a-errno.o) (_impure_ptr)
/usr/bin/../lib/gcc/arm-none-eabi/7.3.1/../../../../arm-none-eabi/lib/thumb/v7e-m/libg.a(lib_a-init.o)
                              lib_build/startup_XMC4500.o (__libc_init_array)
/usr/bin/../lib/gcc/arm-none-eabi/7.3.1/../../../../arm-none-eabi/lib/thumb/v7e-m/libg.a(lib_a-memcpy.o)
                              lib_build/xmc_usbd.o (memcpy)
/usr/bin/../lib/gcc/arm-none-eabi/7.3.1/../../../../arm-none-eabi/lib/thumb/v7e-m/libg.a(lib_a-memset.o)
                              build/main.o (memset)
/usr/bin/../lib/gcc/arm-none-eabi/7.3.1/../../../../arm-none-eabi/lib/thumb/v7e-m/libg.a(lib_a-printf.o)
                              build/main.o (printf)
/usr/bin/../lib/gcc/arm-none-eabi/7.3.1/../../../../arm-none-eabi/lib/thumb/v7e-m/libg.a(lib_a-strlen.o)
                              build/main.o (strlen)
/usr/bin/../lib/gcc/arm-none-eabi/7.3.1/../../../../arm-none-eabi/lib/thumb/v7e-m/libg.a(lib_a-vfprintf.o)
                              /usr/bin/../lib/gcc/arm-none-eabi/7.3.1/../../../../arm-none-eabi/lib/thumb/v7e-m/libg.a(lib_a-printf.o) (_vfprintf_r)
/usr/bin/../lib/gcc/arm-none-eabi/7.3.1/../../../../arm-none-eabi/lib/thumb/v7e-m/libg.a(lib_a-wsetup.o)
                              /usr/bin/../lib/gcc/arm-none-eabi/7.3.1/../../../../arm-none-eabi/lib/thumb/v7e-m/libg.a(lib_a-vfprintf.o) (__swsetup_r)
/usr/bin/../lib/gcc/arm-none-eabi/7.3.1/../../../../arm-none-eabi/lib/thumb/v7e-m/libg.a(lib_a-dtoa.o)
                              /usr/bin/../lib/gcc/arm-none-eabi/7.3.1/../../../../arm-none-eabi/lib/thumb/v7e-m/libg.a(lib_a-vfprintf.o) (_dtoa_r)
/usr/bin/../lib/gcc/arm-none-eabi/7.3.1/../../../../arm-none-eabi/lib/thumb/v7e-m/libg.a(lib_a-fflush.o)
                              /usr/bin/../lib/gcc/arm-none-eabi/7.3.1/../../../../arm-none-eabi/lib/thumb/v7e-m/libg.a(lib_a-vfprintf.o) (_fflush_r)
/usr/bin/../lib/gcc/arm-none-eabi/7.3.1/../../../../arm-none-eabi/lib/thumb/v7e-m/libg.a(lib_a-findfp.o)
                              /usr/bin/../lib/gcc/arm-none-eabi/7.3.1/../../../../arm-none-eabi/lib/thumb/v7e-m/libg.a(lib_a-vfprintf.o) (__sinit)
/usr/bin/../lib/gcc/arm-none-eabi/7.3.1/../../../../arm-none-eabi/lib/thumb/v7e-m/libg.a(lib_a-freer.o)
                              /usr/bin/../lib/gcc/arm-none-eabi/7.3.1/../../../../arm-none-eabi/lib/thumb/v7e-m/libg.a(lib_a-vfprintf.o) (_free_r)
/usr/bin/../lib/gcc/arm-none-eabi/7.3.1/../../../../arm-none-eabi/lib/thumb/v7e-m/libg.a(lib_a-fwalk.o)
                              /usr/bin/../lib/gcc/arm-none-eabi/7.3.1/../../../../arm-none-eabi/lib/thumb/v7e-m/libg.a(lib_a-findfp.o) (_fwalk)
/usr/bin/../lib/gcc/arm-none-eabi/7.3.1/../../../../arm-none-eabi/lib/thumb/v7e-m/libg.a(lib_a-localeconv.o)
                              /usr/bin/../lib/gcc/arm-none-eabi/7.3.1/../../../../arm-none-eabi/lib/thumb/v7e-m/libg.a(lib_a-vfprintf.o) (_localeconv_r)
/usr/bin/../lib/gcc/arm-none-eabi/7.3.1/../../../../arm-none-eabi/lib/thumb/v7e-m/libg.a(lib_a-lock.o)
                              /usr/bin/../lib/gcc/arm-none-eabi/7.3.1/../../../../arm-none-eabi/lib/thumb/v7e-m/libg.a(lib_a-vfprintf.o) (__retarget_lock_init_recursive)
/usr/bin/../lib/gcc/arm-none-eabi/7.3.1/../../../../arm-none-eabi/lib/thumb/v7e-m/libg.a(lib_a-makebuf.o)
                              /usr/bin/../lib/gcc/arm-none-eabi/7.3.1/../../../../arm-none-eabi/lib/thumb/v7e-m/libg.a(lib_a-wsetup.o) (__smakebuf_r)
/usr/bin/../lib/gcc/arm-none-eabi/7.3.1/../../../../arm-none-eabi/lib/thumb/v7e-m/libg.a(lib_a-mallocr.o)
                              /usr/bin/../lib/gcc/arm-none-eabi/7.3.1/../../../../arm-none-eabi/lib/thumb/v7e-m/libg.a(lib_a-vfprintf.o) (_malloc_r)
/usr/bin/../lib/gcc/arm-none-eabi/7.3.1/../../../../arm-none-eabi/lib/thumb/v7e-m/libg.a(lib_a-memchr.o)
                              /usr/bin/../lib/gcc/arm-none-eabi/7.3.1/../../../../arm-none-eabi/lib/thumb/v7e-m/libg.a(lib_a-vfprintf.o) (memchr)
/usr/bin/../lib/gcc/arm-none-eabi/7.3.1/../../../../arm-none-eabi/lib/thumb/v7e-m/libg.a(lib_a-mlock.o)
                              /usr/bin/../lib/gcc/arm-none-eabi/7.3.1/../../../../arm-none-eabi/lib/thumb/v7e-m/libg.a(lib_a-freer.o) (__malloc_lock)
/usr/bin/../lib/gcc/arm-none-eabi/7.3.1/../../../../arm-none-eabi/lib/thumb/v7e-m/libg.a(lib_a-mprec.o)
                              /usr/bin/../lib/gcc/arm-none-eabi/7.3.1/../../../../arm-none-eabi/lib/thumb/v7e-m/libg.a(lib_a-dtoa.o) (_Balloc)
/usr/bin/../lib/gcc/arm-none-eabi/7.3.1/../../../../arm-none-eabi/lib/thumb/v7e-m/libg.a(lib_a-s_frexp.o)
[...]
Memory Configuration

Name             Origin             Length             Attributes
FLASH_1_cached   0x0000000008000000 0x0000000000100000 xr
FLASH_1_uncached 0x000000000c000000 0x0000000000100000 xr
PSRAM_1          0x0000000010000000 0x0000000000010000 !xr
DSRAM_1_system   0x0000000020000000 0x0000000000010000 !xr
DSRAM_2_comm     0x0000000030000000 0x0000000000008000 !xr
*default*        0x0000000000000000 0xffffffffffffffff

Linker script and memory map

LOAD build/main.o
LOAD build/VirtualSerial.o
LOAD build/Descriptors.o
LOAD lib_build/USBController_XMC4000.o
LOAD lib_build/xmc_usbd.o
LOAD lib_build/CDCClassDevice.o
LOAD lib_build/USBTask.o
LOAD lib_build/Endpoint_XMC4000.o
LOAD lib_build/xmc4_scu.o
LOAD lib_build/EndpointStream_XMC4000.o
LOAD lib_build/memcpy.o
LOAD lib_build/xmc_eru.o
LOAD lib_build/xmc4_eru.o
LOAD lib_build/xmc_gpio.o
LOAD lib_build/xmc4_gpio.o
LOAD lib_build/startup_XMC4500.o
LOAD lib_build/system_XMC4500.o
LOAD lib_build/syscalls.o
LOAD /usr/bin/../lib/gcc/arm-none-eabi/7.3.1/../../../../arm-none-eabi/lib/thumb/v7e-m/libm.a
START GROUP
LOAD /usr/bin/../lib/gcc/arm-none-eabi/7.3.1/thumb/v7e-m/libgcc.a
LOAD /usr/bin/../lib/gcc/arm-none-eabi/7.3.1/../../../../arm-none-eabi/lib/thumb/v7e-m/libg.a
LOAD /usr/bin/../lib/gcc/arm-none-eabi/7.3.1/../../../../arm-none-eabi/lib/thumb/v7e-m/libc.a
END GROUP
START GROUP
LOAD /usr/bin/../lib/gcc/arm-none-eabi/7.3.1/thumb/v7e-m/libgcc.a
LOAD /usr/bin/../lib/gcc/arm-none-eabi/7.3.1/../../../../arm-none-eabi/lib/thumb/v7e-m/libc.a
LOAD /usr/bin/../lib/gcc/arm-none-eabi/7.3.1/../../../../arm-none-eabi/lib/thumb/v7e-m/libnosys.a
END GROUP
                0x0000000000000800                stack_size = DEFINED (stack_size)?stack_size:0x800
                0x0000000000000040                no_init_size = 0x40

.text           0x0000000008000000     0xe9b8 load address 0x000000000c000000
                0x0000000008000000                sText = .
 *(.reset)
 .reset         0x0000000008000000      0x2b2 lib_build/startup_XMC4500.o
                0x0000000008000000                __Vectors
                0x0000000008000200                Reset_Handler
                0x00000000080002b0                VADC0_C0_3_IRQHandler
                0x00000000080002b0                DSD0_7_IRQHandler
                0x00000000080002b0                DebugMon_Handler
                0x00000000080002b0                VADC0_C0_0_IRQHandler
                0x00000000080002b0                CAN0_4_IRQHandler
                0x00000000080002b0                VADC0_G2_0_IRQHandler
                0x00000000080002b0                USIC0_5_IRQHandler
                0x00000000080002b0                POSIF0_0_IRQHandler
                0x00000000080002b0                POSIF1_0_IRQHandler
                0x00000000080002b0                HardFault_Handler
                0x00000000080002b0                VADC0_G1_1_IRQHandler
                0x00000000080002b0                PendSV_Handler
                0x00000000080002b0                NMI_Handler
                0x00000000080002b0                USIC1_3_IRQHandler
                0x00000000080002b0                CCU40_2_IRQHandler
                0x00000000080002b0                SCU_0_IRQHandler
                0x00000000080002b0                ERU0_0_IRQHandler
                0x00000000080002b0                CCU41_0_IRQHandler
                0x00000000080002b0                USIC1_5_IRQHandler
                0x00000000080002b0                DSD0_4_IRQHandler
                0x00000000080002b0                CCU80_1_IRQHandler
                0x00000000080002b0                CCU81_0_IRQHandler
                0x00000000080002b0                UsageFault_Handler
                0x00000000080002b0                USIC0_0_IRQHandler
                0x00000000080002b0                POSIF1_1_IRQHandler
                0x00000000080002b0                ERU0_2_IRQHandler
                0x00000000080002b0                CCU81_1_IRQHandler
                0x00000000080002b0                ERU1_1_IRQHandler
                0x00000000080002b0                VADC0_G2_3_IRQHandler
                0x00000000080002b0                VADC0_G2_2_IRQHandler
                0x00000000080002b0                CCU42_3_IRQHandler
                0x00000000080002b0                ERU0_3_IRQHandler
                0x00000000080002b0                DSD0_5_IRQHandler
                0x00000000080002b0                CAN0_6_IRQHandler
                0x00000000080002b0                CCU43_0_IRQHandler
                0x00000000080002b0                VADC0_G0_1_IRQHandler
                0x00000000080002b0                CCU81_2_IRQHandler
                0x00000000080002b0                USIC2_4_IRQHandler
                0x00000000080002b0                CCU81_3_IRQHandler
                0x00000000080002b0                CCU42_1_IRQHandler
                0x00000000080002b0                USIC1_1_IRQHandler
                0x00000000080002b0                USIC2_5_IRQHandler
                0x00000000080002b0                CCU40_0_IRQHandler
                0x00000000080002b0                CAN0_0_IRQHandler
                0x00000000080002b0                ERU1_0_IRQHandler
                0x00000000080002b0                CCU42_2_IRQHandler
                0x00000000080002b0                Default_Handler
                0x00000000080002b0                USIC1_4_IRQHandler
                0x00000000080002b0                ERU1_3_IRQHandler
                0x00000000080002b0                USIC1_0_IRQHandler
                0x00000000080002b0                POSIF0_1_IRQHandler
                0x00000000080002b0                VADC0_G0_0_IRQHandler
                0x00000000080002b0                DSD0_2_IRQHandler
                0x00000000080002b0                CCU80_3_IRQHandler
                0x00000000080002b0                CCU41_3_IRQHandler
                0x00000000080002b0                CCU80_2_IRQHandler
                0x00000000080002b0                VADC0_G1_3_IRQHandler
                0x00000000080002b0                VADC0_G0_3_IRQHandler
                0x00000000080002b0                GPDMA0_0_IRQHandler
                0x00000000080002b0                PMU0_0_IRQHandler
                0x00000000080002b0                CAN0_7_IRQHandler
                0x00000000080002b0                DSD0_1_IRQHandler
                0x00000000080002b0                CCU41_2_IRQHandler
                0x00000000080002b0                VADC0_C0_1_IRQHandler
                0x00000000080002b0                CCU43_2_IRQHandler
                0x00000000080002b0                USIC2_2_IRQHandler
                0x00000000080002b0                MemManage_Handler
                0x00000000080002b0                VADC0_G3_1_IRQHandler
                0x00000000080002b0                DAC0_0_IRQHandler
                0x00000000080002b0                SVC_Handler
                0x00000000080002b0                VADC0_G3_3_IRQHandler
                0x00000000080002b0                ERU1_2_IRQHandler
                0x00000000080002b0                CCU41_1_IRQHandler
                0x00000000080002b0                DSD0_6_IRQHandler
                0x00000000080002b0                CCU43_1_IRQHandler
                0x00000000080002b0                VADC0_G1_2_IRQHandler
                0x00000000080002b0                USIC2_3_IRQHandler
                0x00000000080002b0                CAN0_2_IRQHandler
                0x00000000080002b0                USIC2_0_IRQHandler
                0x00000000080002b0                VADC0_G0_2_IRQHandler
                0x00000000080002b0                VADC0_G2_1_IRQHandler
                0x00000000080002b0                CAN0_3_IRQHandler
                0x00000000080002b0                ETH0_0_IRQHandler
                0x00000000080002b0                USIC0_3_IRQHandler
                0x00000000080002b0                DSD0_0_IRQHandler
                0x00000000080002b0                VADC0_C0_2_IRQHandler
                0x00000000080002b0                CCU42_0_IRQHandler
                0x00000000080002b0                FCE0_0_IRQHandler
                0x00000000080002b0                VADC0_G1_0_IRQHandler
                0x00000000080002b0                CAN0_5_IRQHandler
                0x00000000080002b0                CCU80_0_IRQHandler
                0x00000000080002b0                CCU40_1_IRQHandler
                0x00000000080002b0                USIC2_1_IRQHandler
                0x00000000080002b0                USIC0_1_IRQHandler
                0x00000000080002b0                VADC0_G3_2_IRQHandler
                0x00000000080002b0                CCU40_3_IRQHandler
                0x00000000080002b0                BusFault_Handler
                0x00000000080002b0                LEDTS0_0_IRQHandler
                0x00000000080002b0                USIC0_4_IRQHandler
                0x00000000080002b0                CCU43_3_IRQHandler
                0x00000000080002b0                ERU0_1_IRQHandler
                0x00000000080002b0                VADC0_G3_0_IRQHandler
                0x00000000080002b0                USIC1_2_IRQHandler
                0x00000000080002b0                DSD0_3_IRQHandler
                0x00000000080002b0                SDMMC0_0_IRQHandler
                0x00000000080002b0                CAN0_1_IRQHandler
                0x00000000080002b0                USIC0_2_IRQHandler
                0x00000000080002b0                DAC0_1_IRQHandler
                0x00000000080002b0                GPDMA1_0_IRQHandler
 *(.text .text.* .gnu.linkonce.t.*)
 .text          0x00000000080002b2        0x0 build/main.o
 *fill*         0x00000000080002b2        0x2 
 .text.__NVIC_SetPriority
                0x00000000080002b4       0x54 build/main.o
 .text.SysTick_Config
                0x0000000008000308       0x44 build/main.o
 .text.XMC_GPIO_SetOutputLow
                0x000000000800034c       0x24 build/main.o
 .text.XMC_GPIO_ToggleOutput
                0x0000000008000370       0x24 build/main.o
 .text.XMC_GPIO_GetInput
                0x0000000008000394       0x26 build/main.o
 *fill*         0x00000000080003ba        0x2 
 .text.ascii_to_morse
                0x00000000080003bc      0x7e0 build/main.o
                0x00000000080003bc                ascii_to_morse
 .text.SysTick_Handler
                0x0000000008000b9c       0xfc build/main.o
                0x0000000008000b9c                SysTick_Handler
 .text.translate_to_morse
                0x0000000008000c98       0x50 build/main.o
                0x0000000008000c98                translate_to_morse
 .text.translate_to_led
                0x0000000008000ce8       0x50 build/main.o
                0x0000000008000ce8                translate_to_led
 .text.SystemCoreClockSetup
                0x0000000008000d38       0x34 build/main.o
                0x0000000008000d38                SystemCoreClockSetup
 .text.main     0x0000000008000d6c      0x194 build/main.o
                0x0000000008000d6c                main
 .text          0x0000000008000f00        0x0 build/VirtualSerial.o
 .text.__NVIC_GetPriorityGrouping
                0x0000000008000f00       0x1c build/VirtualSerial.o
 .text.__NVIC_EnableIRQ
                0x0000000008000f1c       0x3c build/VirtualSerial.o
 .text.__NVIC_ClearPendingIRQ
                0x0000000008000f58       0x3c build/VirtualSerial.o
 .text.__NVIC_SetPriority
                0x0000000008000f94       0x54 build/VirtualSerial.o
 .text.NVIC_EncodePriority
                0x0000000008000fe8       0x66 build/VirtualSerial.o
 *fill*         0x000000000800104e        0x2 
 .text.USB0_0_IRQHandler
                0x0000000008001050       0x14 build/VirtualSerial.o
                0x0000000008001050                USB0_0_IRQHandler
 .text.USB_Init
                0x0000000008001064       0x58 build/VirtualSerial.o
                0x0000000008001064                USB_Init
 .text.EVENT_USB_Device_Connect
                0x00000000080010bc        0xe build/VirtualSerial.o
                0x00000000080010bc                EVENT_USB_Device_Connect
 .text.EVENT_USB_Device_Disconnect
                0x00000000080010ca        0xe build/VirtualSerial.o
                0x00000000080010ca                EVENT_USB_Device_Disconnect
 .text.EVENT_USB_Device_Reset
                0x00000000080010d8       0x30 build/VirtualSerial.o
                0x00000000080010d8                EVENT_USB_Device_Reset
 .text.EVENT_USB_Device_ConfigurationChanged
                0x0000000008001108       0x50 build/VirtualSerial.o
                0x0000000008001108                EVENT_USB_Device_ConfigurationChanged
 .text.EVENT_USB_Device_ControlRequest
                0x0000000008001158       0x14 build/VirtualSerial.o
                0x0000000008001158                EVENT_USB_Device_ControlRequest
 .text.EVENT_USB_Device_StartOfFrame
                0x000000000800116c        0xe build/VirtualSerial.o
                0x000000000800116c                EVENT_USB_Device_StartOfFrame
 .text.EVENT_USB_Device_WakeUp
                0x000000000800117a        0xe build/VirtualSerial.o
                0x000000000800117a                EVENT_USB_Device_WakeUp
 .text.EVENT_USB_Device_Suspend
                0x0000000008001188        0xe build/VirtualSerial.o
                0x0000000008001188                EVENT_USB_Device_Suspend
 .text          0x0000000008001196        0x0 build/Descriptors.o
 *fill*         0x0000000008001196        0x2 
 .text.CALLBACK_USB_GetDescriptor
                0x0000000008001198       0xa0 build/Descriptors.o
                0x0000000008001198                CALLBACK_USB_GetDescriptor
 .text          0x0000000008001238        0x0 lib_build/USBController_XMC4000.o
 .text.USBD_HandleEP0_Stall
                0x0000000008001238       0x2c lib_build/USBController_XMC4000.o
                0x0000000008001238                USBD_HandleEP0_Stall
 .text.USB_Device_ProcessControlRequest
                0x0000000008001264      0x43c lib_build/USBController_XMC4000.o
                0x0000000008001264                USB_Device_ProcessControlRequest
 .text.USBD_HandleEP0_IN
                0x00000000080016a0       0x4c lib_build/USBController_XMC4000.o
                0x00000000080016a0                USBD_HandleEP0_IN
 .text.USBD_HandleEP0_OUT
                0x00000000080016ec       0x54 lib_build/USBController_XMC4000.o
                0x00000000080016ec                USBD_HandleEP0_OUT
 .text.USBD_HandleEP0_SETUP
                0x0000000008001740       0x94 lib_build/USBController_XMC4000.o
                0x0000000008001740                USBD_HandleEP0_SETUP
 .text.USBD_SignalDeviceEventHandler
                0x00000000080017d4      0x228 lib_build/USBController_XMC4000.o
                0x00000000080017d4                USBD_SignalDeviceEventHandler
 .text.USBD_SignalEndpointEvent_Handler
                0x00000000080019fc      0x19c lib_build/USBController_XMC4000.o
                0x00000000080019fc                USBD_SignalEndpointEvent_Handler
 .text.USBD_Initialize
                0x0000000008001b98       0xcc lib_build/USBController_XMC4000.o
                0x0000000008001b98                USBD_Initialize
 .text.USB_IsEnumDone
                0x0000000008001c64       0x20 lib_build/USBController_XMC4000.o
                0x0000000008001c64                USB_IsEnumDone
 .text.USBD_SetEndpointBuffer
                0x0000000008001c84       0x7c lib_build/USBController_XMC4000.o
                0x0000000008001c84                USBD_SetEndpointBuffer
 .text          0x0000000008001d00        0x0 lib_build/xmc_usbd.o
 .text.XMC_USBD_lDeviceActive
                0x0000000008001d00       0x68 lib_build/xmc_usbd.o
                0x0000000008001d00                XMC_USBD_lDeviceActive
 .text.XMC_USBD_lReadFifo
                0x0000000008001d68       0xe8 lib_build/xmc_usbd.o
 .text.XMC_USBD_lWriteFifo
                0x0000000008001e50       0xa4 lib_build/xmc_usbd.o
 .text.XMC_USBD_lFlushTXFifo
                0x0000000008001ef4       0x7c lib_build/xmc_usbd.o
 .text.XMC_USBD_lFlushRXFifo
                0x0000000008001f70       0x68 lib_build/xmc_usbd.o
 .text.XMC_USBD_lAssignTXFifo
                0x0000000008001fd8       0x70 lib_build/xmc_usbd.o
 .text.XMC_USBD_lUnassignFifo
                0x0000000008002048       0x38 lib_build/xmc_usbd.o
 .text.XMC_USBD_lStartReadXfer
                0x0000000008002080      0x178 lib_build/xmc_usbd.o
 .text.XMC_USBD_lStartWriteXfer
                0x00000000080021f8      0x198 lib_build/xmc_usbd.o
 .text.XMC_USBD_lHandleUSBReset
                0x0000000008002390      0x150 lib_build/xmc_usbd.o
 .text.XMC_USBD_lHandleOTGInt
                0x00000000080024e0       0x48 lib_build/xmc_usbd.o
 .text.XMC_USBD_lHandleEnumDone
                0x0000000008002528       0x78 lib_build/xmc_usbd.o
 .text.XMC_USBD_lHandleOEPInt
                0x00000000080025a0      0x1bc lib_build/xmc_usbd.o
 .text.XMC_USBD_lHandleIEPInt
                0x000000000800275c      0x1bc lib_build/xmc_usbd.o
 .text.XMC_USBD_lHandleRxFLvl
                0x0000000008002918       0x84 lib_build/xmc_usbd.o
 .text.XMC_USBD_IRQHandler
                0x000000000800299c      0x150 lib_build/xmc_usbd.o
                0x000000000800299c                XMC_USBD_IRQHandler
 .text.XMC_USBD_Enable
                0x0000000008002aec       0x18 lib_build/xmc_usbd.o
                0x0000000008002aec                XMC_USBD_Enable
 .text.XMC_USBD_Disable
                0x0000000008002b04       0x18 lib_build/xmc_usbd.o
                0x0000000008002b04                XMC_USBD_Disable
 .text.XMC_USBD_ClearEvent
                0x0000000008002b1c       0xcc lib_build/xmc_usbd.o
                0x0000000008002b1c                XMC_USBD_ClearEvent
 .text.XMC_USBD_lClearEventOTG
                0x0000000008002be8       0x2c lib_build/xmc_usbd.o
 .text.XMC_USBD_ClearEventINEP
                0x0000000008002c14       0x30 lib_build/xmc_usbd.o
                0x0000000008002c14                XMC_USBD_ClearEventINEP
 .text.XMC_USBD_ClearEventOUTEP
                0x0000000008002c44       0x30 lib_build/xmc_usbd.o
                0x0000000008002c44                XMC_USBD_ClearEventOUTEP
 .text.XMC_USBD_EnableEventOUTEP
                0x0000000008002c74       0x30 lib_build/xmc_usbd.o
                0x0000000008002c74                XMC_USBD_EnableEventOUTEP
 .text.XMC_USBD_EnableEventINEP
                0x0000000008002ca4       0x30 lib_build/xmc_usbd.o
                0x0000000008002ca4                XMC_USBD_EnableEventINEP
 .text.XMC_USBD_GetCapabilities
                0x0000000008002cd4       0x68 lib_build/xmc_usbd.o
                0x0000000008002cd4                XMC_USBD_GetCapabilities
 .text.XMC_USBD_Init
                0x0000000008002d3c      0x23c lib_build/xmc_usbd.o
                0x0000000008002d3c                XMC_USBD_Init
 .text.XMC_USBD_Uninitialize
                0x0000000008002f78       0x3c lib_build/xmc_usbd.o
                0x0000000008002f78                XMC_USBD_Uninitialize
 .text.XMC_USBD_DeviceConnect
                0x0000000008002fb4       0x34 lib_build/xmc_usbd.o
                0x0000000008002fb4                XMC_USBD_DeviceConnect
 .text.XMC_USBD_DeviceDisconnect
                0x0000000008002fe8       0x34 lib_build/xmc_usbd.o
                0x0000000008002fe8                XMC_USBD_DeviceDisconnect
 .text.XMC_USBD_DeviceGetState
                0x000000000800301c       0x64 lib_build/xmc_usbd.o
                0x000000000800301c                XMC_USBD_DeviceGetState
 .text.XMC_USBD_EndpointReadStart
                0x0000000008003080       0x88 lib_build/xmc_usbd.o
                0x0000000008003080                XMC_USBD_EndpointReadStart
 .text.XMC_USBD_EndpointRead
                0x0000000008003108       0x78 lib_build/xmc_usbd.o
                0x0000000008003108                XMC_USBD_EndpointRead
 .text.XMC_USBD_EndpointWrite
                0x0000000008003180       0xa4 lib_build/xmc_usbd.o
                0x0000000008003180                XMC_USBD_EndpointWrite
 .text.XMC_USBD_DeviceSetAddress
                0x0000000008003224       0x4c lib_build/xmc_usbd.o
                0x0000000008003224                XMC_USBD_DeviceSetAddress
 .text.XMC_USBD_EndpointStall
                0x0000000008003270      0x14c lib_build/xmc_usbd.o
                0x0000000008003270                XMC_USBD_EndpointStall
 .text.XMC_USBD_EndpointAbort
                0x00000000080033bc       0x88 lib_build/xmc_usbd.o
                0x00000000080033bc                XMC_USBD_EndpointAbort
 .text.XMC_USBD_EndpointConfigure
                0x0000000008003444      0x2e8 lib_build/xmc_usbd.o
                0x0000000008003444                XMC_USBD_EndpointConfigure
 .text.XMC_USBD_EndpointUnconfigure
                0x000000000800372c      0x170 lib_build/xmc_usbd.o
                0x000000000800372c                XMC_USBD_EndpointUnconfigure
 .text.XMC_USBD_GetFrameNumber
                0x000000000800389c       0x2c lib_build/xmc_usbd.o
                0x000000000800389c                XMC_USBD_GetFrameNumber
 .text.XMC_USBD_IsEnumDone
                0x00000000080038c8       0x38 lib_build/xmc_usbd.o
                0x00000000080038c8                XMC_USBD_IsEnumDone
 .text          0x0000000008003900        0x0 lib_build/CDCClassDevice.o
 .text.CDC_Device_ProcessControlRequest
                0x0000000008003900      0x200 lib_build/CDCClassDevice.o
                0x0000000008003900                CDC_Device_ProcessControlRequest
 .text.CDC_Device_ConfigureEndpoints
                0x0000000008003b00       0x86 lib_build/CDCClassDevice.o
                0x0000000008003b00                CDC_Device_ConfigureEndpoints
 *fill*         0x0000000008003b86        0x2 
 .text.CDC_Device_USBTask
                0x0000000008003b88       0x98 lib_build/CDCClassDevice.o
                0x0000000008003b88                CDC_Device_USBTask
 .text.CDC_Device_SendString
                0x0000000008003c20       0x68 lib_build/CDCClassDevice.o
                0x0000000008003c20                CDC_Device_SendString
 .text.CDC_Device_SendData
                0x0000000008003c88       0x64 lib_build/CDCClassDevice.o
                0x0000000008003c88                CDC_Device_SendData
 .text.CDC_Device_SendByte
                0x0000000008003cec       0x84 lib_build/CDCClassDevice.o
                0x0000000008003cec                CDC_Device_SendByte
 .text.CDC_Device_Flush
                0x0000000008003d70       0xcc lib_build/CDCClassDevice.o
                0x0000000008003d70                CDC_Device_Flush
 .text.CDC_Device_BytesReceived
                0x0000000008003e3c       0xf4 lib_build/CDCClassDevice.o
                0x0000000008003e3c                CDC_Device_BytesReceived
 .text.CDC_Device_ReceiveByte
                0x0000000008003f30      0x104 lib_build/CDCClassDevice.o
                0x0000000008003f30                CDC_Device_ReceiveByte
 .text.CDC_Device_SendControlLineStateChange
                0x0000000008004034       0x80 lib_build/CDCClassDevice.o
                0x0000000008004034                CDC_Device_SendControlLineStateChange
 .text.EVENT_CDC_Device_LineEncodingChanged
                0x00000000080040b4       0x14 lib_build/CDCClassDevice.o
                0x00000000080040b4                EVENT_CDC_Device_LineEncodingChanged
 .text.EVENT_CDC_Device_ControLineStateChanged
                0x00000000080040c8       0x14 lib_build/CDCClassDevice.o
                0x00000000080040c8                EVENT_CDC_Device_ControLineStateChanged
 .text.EVENT_CDC_Device_BreakSent
                0x00000000080040dc       0x18 lib_build/CDCClassDevice.o
                0x00000000080040dc                EVENT_CDC_Device_BreakSent
 .text          0x00000000080040f4        0x0 lib_build/USBTask.o
 .text.USB_USBTask
                0x00000000080040f4        0xc lib_build/USBTask.o
                0x00000000080040f4                USB_USBTask
 .text.USB_DeviceTask
                0x0000000008004100       0x84 lib_build/USBTask.o
 .text          0x0000000008004184        0x0 lib_build/Endpoint_XMC4000.o
 .text.__NVIC_EnableIRQ
                0x0000000008004184       0x3c lib_build/Endpoint_XMC4000.o
 .text.__NVIC_DisableIRQ
                0x00000000080041c0       0x44 lib_build/Endpoint_XMC4000.o
 .text.Endpoint_WaitUntilReady
                0x0000000008004204      0x124 lib_build/Endpoint_XMC4000.o
                0x0000000008004204                Endpoint_WaitUntilReady
 .text.Endpoint_ClearOUT
                0x0000000008004328       0x98 lib_build/Endpoint_XMC4000.o
                0x0000000008004328                Endpoint_ClearOUT
 .text.Endpoint_ClearIN
                0x00000000080043c0       0xf0 lib_build/Endpoint_XMC4000.o
                0x00000000080043c0                Endpoint_ClearIN
 .text.Endpoint_IsReadWriteAllowed
                0x00000000080044b0       0x64 lib_build/Endpoint_XMC4000.o
                0x00000000080044b0                Endpoint_IsReadWriteAllowed
 .text.Endpoint_Write_8
                0x0000000008004514       0x68 lib_build/Endpoint_XMC4000.o
                0x0000000008004514                Endpoint_Write_8
 .text.Endpoint_Read_8
                0x000000000800457c       0x70 lib_build/Endpoint_XMC4000.o
                0x000000000800457c                Endpoint_Read_8
 .text.Endpoint_Write_32_LE
                0x00000000080045ec       0x68 lib_build/Endpoint_XMC4000.o
                0x00000000080045ec                Endpoint_Write_32_LE
 .text.Endpoint_Read_32_LE
                0x0000000008004654       0x70 lib_build/Endpoint_XMC4000.o
                0x0000000008004654                Endpoint_Read_32_LE
 .text.Endpoint_ConfigureEndpointTable
                0x00000000080046c4      0x150 lib_build/Endpoint_XMC4000.o
                0x00000000080046c4                Endpoint_ConfigureEndpointTable
 .text          0x0000000008004814        0x0 lib_build/xmc4_scu.o
 .text.XMC_SCU_CLOCK_GetUsbClockSource
                0x0000000008004814       0x1c lib_build/xmc4_scu.o
 .text.XMC_SCU_CLOCK_GetWdtClockSource
                0x0000000008004830       0x1c lib_build/xmc4_scu.o
 .text.XMC_SCU_CLOCK_GetExternalOutputClockSource
                0x000000000800484c       0x20 lib_build/xmc4_scu.o
 .text.XMC_SCU_CLOCK_GetSystemClockFrequency
                0x000000000800486c       0x28 lib_build/xmc4_scu.o
 .text.XMC_SCU_CLOCK_GetCpuClockFrequency
                0x0000000008004894       0x18 lib_build/xmc4_scu.o
 .text.XMC_SCU_GetMirrorStatus
                0x00000000080048ac       0x18 lib_build/xmc4_scu.o
 .text.XMC_SCU_lDelay
                0x00000000080048c4       0x48 lib_build/xmc4_scu.o
 .text.XMC_SCU_INTERRUPT_EnableEvent
                0x000000000800490c       0x24 lib_build/xmc4_scu.o
                0x000000000800490c                XMC_SCU_INTERRUPT_EnableEvent
 .text.XMC_SCU_INTERRUPT_DisableEvent
                0x0000000008004930       0x28 lib_build/xmc4_scu.o
                0x0000000008004930                XMC_SCU_INTERRUPT_DisableEvent
 .text.XMC_SCU_INTERRUPT_TriggerEvent
                0x0000000008004958       0x24 lib_build/xmc4_scu.o
                0x0000000008004958                XMC_SCU_INTERRUPT_TriggerEvent
 .text.XMC_SCU_INTERUPT_GetEventStatus
                0x000000000800497c       0x18 lib_build/xmc4_scu.o
                0x000000000800497c                XMC_SCU_INTERUPT_GetEventStatus
 .text.XMC_SCU_INTERRUPT_ClearEventStatus
                0x0000000008004994       0x20 lib_build/xmc4_scu.o
                0x0000000008004994                XMC_SCU_INTERRUPT_ClearEventStatus
 .text.XMC_SCU_GetBootMode
                0x00000000080049b4       0x1c lib_build/xmc4_scu.o
                0x00000000080049b4                XMC_SCU_GetBootMode
 .text.XMC_SCU_SetBootMode
                0x00000000080049d0       0x20 lib_build/xmc4_scu.o
                0x00000000080049d0                XMC_SCU_SetBootMode
 .text.XMC_SCU_ReadGPR
                0x00000000080049f0       0x24 lib_build/xmc4_scu.o
                0x00000000080049f0                XMC_SCU_ReadGPR
 .text.XMC_SCU_WriteGPR
                0x0000000008004a14       0x28 lib_build/xmc4_scu.o
                0x0000000008004a14                XMC_SCU_WriteGPR
 .text.XMC_SCU_EnableOutOfRangeComparator
                0x0000000008004a3c       0x38 lib_build/xmc4_scu.o
                0x0000000008004a3c                XMC_SCU_EnableOutOfRangeComparator
 .text.XMC_SCU_DisableOutOfRangeComparator
                0x0000000008004a74       0x3c lib_build/xmc4_scu.o
                0x0000000008004a74                XMC_SCU_DisableOutOfRangeComparator
 .text.XMC_SCU_CalibrateTemperatureSensor
                0x0000000008004ab0       0x30 lib_build/xmc4_scu.o
                0x0000000008004ab0                XMC_SCU_CalibrateTemperatureSensor
 .text.XMC_SCU_EnableTemperatureSensor
                0x0000000008004ae0       0x24 lib_build/xmc4_scu.o
                0x0000000008004ae0                XMC_SCU_EnableTemperatureSensor
 .text.XMC_SCU_DisableTemperatureSensor
                0x0000000008004b04       0x24 lib_build/xmc4_scu.o
                0x0000000008004b04                XMC_SCU_DisableTemperatureSensor
 .text.XMC_SCU_IsTemperatureSensorEnabled
                0x0000000008004b28       0x28 lib_build/xmc4_scu.o
                0x0000000008004b28                XMC_SCU_IsTemperatureSensorEnabled
 .text.XMC_SCU_IsTemperatureSensorReady
                0x0000000008004b50       0x28 lib_build/xmc4_scu.o
                0x0000000008004b50                XMC_SCU_IsTemperatureSensorReady
 .text.XMC_SCU_StartTemperatureMeasurement
                0x0000000008004b78       0x4c lib_build/xmc4_scu.o
                0x0000000008004b78                XMC_SCU_StartTemperatureMeasurement
 .text.XMC_SCU_GetTemperatureMeasurement
                0x0000000008004bc4       0x38 lib_build/xmc4_scu.o
                0x0000000008004bc4                XMC_SCU_GetTemperatureMeasurement
 .text.XMC_SCU_IsTemperatureSensorBusy
                0x0000000008004bfc       0x28 lib_build/xmc4_scu.o
                0x0000000008004bfc                XMC_SCU_IsTemperatureSensorBusy
 .text.XMC_SCU_WriteToRetentionMemory
                0x0000000008004c24       0x4c lib_build/xmc4_scu.o
                0x0000000008004c24                XMC_SCU_WriteToRetentionMemory
 .text.XMC_SCU_ReadFromRetentionMemory
                0x0000000008004c70       0x48 lib_build/xmc4_scu.o
                0x0000000008004c70                XMC_SCU_ReadFromRetentionMemory
 .text.XMC_SCU_CLOCK_Init
                0x0000000008004cb8       0xe6 lib_build/xmc4_scu.o
                0x0000000008004cb8                XMC_SCU_CLOCK_Init
 *fill*         0x0000000008004d9e        0x2 
 .text.XMC_SCU_TRAP_Enable
                0x0000000008004da0       0x28 lib_build/xmc4_scu.o
                0x0000000008004da0                XMC_SCU_TRAP_Enable
 .text.XMC_SCU_TRAP_Disable
                0x0000000008004dc8       0x24 lib_build/xmc4_scu.o
                0x0000000008004dc8                XMC_SCU_TRAP_Disable
 .text.XMC_SCU_TRAP_GetStatus
                0x0000000008004dec       0x18 lib_build/xmc4_scu.o
                0x0000000008004dec                XMC_SCU_TRAP_GetStatus
 .text.XMC_SCU_TRAP_Trigger
                0x0000000008004e04       0x20 lib_build/xmc4_scu.o
                0x0000000008004e04                XMC_SCU_TRAP_Trigger
 .text.XMC_SCU_TRAP_ClearStatus
                0x0000000008004e24       0x20 lib_build/xmc4_scu.o
                0x0000000008004e24                XMC_SCU_TRAP_ClearStatus
 .text.XMC_SCU_PARITY_ClearStatus
                0x0000000008004e44       0x24 lib_build/xmc4_scu.o
                0x0000000008004e44                XMC_SCU_PARITY_ClearStatus
 .text.XMC_SCU_PARITY_GetStatus
                0x0000000008004e68       0x18 lib_build/xmc4_scu.o
                0x0000000008004e68                XMC_SCU_PARITY_GetStatus
 .text.XMC_SCU_PARITY_Enable
                0x0000000008004e80       0x24 lib_build/xmc4_scu.o
                0x0000000008004e80                XMC_SCU_PARITY_Enable
 .text.XMC_SCU_PARITY_Disable
                0x0000000008004ea4       0x28 lib_build/xmc4_scu.o
                0x0000000008004ea4                XMC_SCU_PARITY_Disable
 .text.XMC_SCU_PARITY_EnableTrapGeneration
                0x0000000008004ecc       0x24 lib_build/xmc4_scu.o
                0x0000000008004ecc                XMC_SCU_PARITY_EnableTrapGeneration
 .text.XMC_SCU_PARITY_DisableTrapGeneration
                0x0000000008004ef0       0x28 lib_build/xmc4_scu.o
                0x0000000008004ef0                XMC_SCU_PARITY_DisableTrapGeneration
 .text.XMC_SCU_INTERRUPT_EnableNmiRequest
                0x0000000008004f18       0x24 lib_build/xmc4_scu.o
                0x0000000008004f18                XMC_SCU_INTERRUPT_EnableNmiRequest
 .text.XMC_SCU_INTERRUPT_DisableNmiRequest
                0x0000000008004f3c       0x28 lib_build/xmc4_scu.o
                0x0000000008004f3c                XMC_SCU_INTERRUPT_DisableNmiRequest
 .text.XMC_SCU_RESET_AssertPeripheralReset
                0x0000000008004f64       0x3c lib_build/xmc4_scu.o
                0x0000000008004f64                XMC_SCU_RESET_AssertPeripheralReset
 .text.XMC_SCU_RESET_DeassertPeripheralReset
                0x0000000008004fa0       0x3c lib_build/xmc4_scu.o
                0x0000000008004fa0                XMC_SCU_RESET_DeassertPeripheralReset
 .text.XMC_SCU_RESET_IsPeripheralResetAsserted
                0x0000000008004fdc       0x48 lib_build/xmc4_scu.o
                0x0000000008004fdc                XMC_SCU_RESET_IsPeripheralResetAsserted
 .text.XMC_SCU_CLOCK_GetSystemPllClockFrequency
                0x0000000008005024       0x7c lib_build/xmc4_scu.o
                0x0000000008005024                XMC_SCU_CLOCK_GetSystemPllClockFrequency
 .text.XMC_SCU_CLOCK_GetSystemPllClockSourceFrequency
                0x00000000080050a0       0x30 lib_build/xmc4_scu.o
                0x00000000080050a0                XMC_SCU_CLOCK_GetSystemPllClockSourceFrequency
 .text.XMC_SCU_CLOCK_GetUsbPllClockFrequency
                0x00000000080050d0       0x54 lib_build/xmc4_scu.o
                0x00000000080050d0                XMC_SCU_CLOCK_GetUsbPllClockFrequency
 .text.XMC_SCU_CLOCK_GetCcuClockFrequency
                0x0000000008005124       0x2c lib_build/xmc4_scu.o
                0x0000000008005124                XMC_SCU_CLOCK_GetCcuClockFrequency
 .text.XMC_SCU_CLOCK_GetUsbClockFrequency
                0x0000000008005150       0x48 lib_build/xmc4_scu.o
                0x0000000008005150                XMC_SCU_CLOCK_GetUsbClockFrequency
 .text.XMC_SCU_CLOCK_GetEbuClockFrequency
                0x0000000008005198       0x28 lib_build/xmc4_scu.o
                0x0000000008005198                XMC_SCU_CLOCK_GetEbuClockFrequency
 .text.XMC_SCU_CLOCK_GetWdtClockFrequency
                0x00000000080051c0       0x58 lib_build/xmc4_scu.o
                0x00000000080051c0                XMC_SCU_CLOCK_GetWdtClockFrequency
 .text.XMC_SCU_CLOCK_GetExternalOutputClockFrequency
                0x0000000008005218       0x70 lib_build/xmc4_scu.o
                0x0000000008005218                XMC_SCU_CLOCK_GetExternalOutputClockFrequency
 .text.XMC_SCU_CLOCK_GetPeripheralClockFrequency
                0x0000000008005288       0x20 lib_build/xmc4_scu.o
                0x0000000008005288                XMC_SCU_CLOCK_GetPeripheralClockFrequency
 .text.XMC_SCU_CLOCK_SetSystemClockSource
                0x00000000080052a8       0x28 lib_build/xmc4_scu.o
                0x00000000080052a8                XMC_SCU_CLOCK_SetSystemClockSource
 .text.XMC_SCU_CLOCK_SetUsbClockSource
                0x00000000080052d0       0x28 lib_build/xmc4_scu.o
                0x00000000080052d0                XMC_SCU_CLOCK_SetUsbClockSource
 .text.XMC_SCU_CLOCK_SetWdtClockSource
                0x00000000080052f8       0x28 lib_build/xmc4_scu.o
                0x00000000080052f8                XMC_SCU_CLOCK_SetWdtClockSource
 .text.XMC_SCU_CLOCK_SetExternalOutputClockSource
                0x0000000008005320       0x2c lib_build/xmc4_scu.o
                0x0000000008005320                XMC_SCU_CLOCK_SetExternalOutputClockSource
 .text.XMC_SCU_CLOCK_SetSystemPllClockSource
                0x000000000800534c       0x44 lib_build/xmc4_scu.o
                0x000000000800534c                XMC_SCU_CLOCK_SetSystemPllClockSource
 .text.XMC_SCU_HIB_SetRtcClockSource
                0x0000000008005390       0x40 lib_build/xmc4_scu.o
                0x0000000008005390                XMC_SCU_HIB_SetRtcClockSource
 .text.XMC_SCU_HIB_SetStandbyClockSource
                0x00000000080053d0       0x40 lib_build/xmc4_scu.o
                0x00000000080053d0                XMC_SCU_HIB_SetStandbyClockSource
 .text.XMC_SCU_CLOCK_SetSystemClockDivider
                0x0000000008005410       0x2c lib_build/xmc4_scu.o
                0x0000000008005410                XMC_SCU_CLOCK_SetSystemClockDivider
 .text.XMC_SCU_CLOCK_SetCcuClockDivider
                0x000000000800543c       0x2c lib_build/xmc4_scu.o
                0x000000000800543c                XMC_SCU_CLOCK_SetCcuClockDivider
 .text.XMC_SCU_CLOCK_SetCpuClockDivider
                0x0000000008005468       0x2c lib_build/xmc4_scu.o
                0x0000000008005468                XMC_SCU_CLOCK_SetCpuClockDivider
 .text.XMC_SCU_CLOCK_SetPeripheralClockDivider
                0x0000000008005494       0x2c lib_build/xmc4_scu.o
                0x0000000008005494                XMC_SCU_CLOCK_SetPeripheralClockDivider
 .text.XMC_SCU_CLOCK_SetUsbClockDivider
                0x00000000080054c0       0x2c lib_build/xmc4_scu.o
                0x00000000080054c0                XMC_SCU_CLOCK_SetUsbClockDivider
 .text.XMC_SCU_CLOCK_SetEbuClockDivider
                0x00000000080054ec       0x2c lib_build/xmc4_scu.o
                0x00000000080054ec                XMC_SCU_CLOCK_SetEbuClockDivider
 .text.XMC_SCU_CLOCK_SetWdtClockDivider
                0x0000000008005518       0x2c lib_build/xmc4_scu.o
                0x0000000008005518                XMC_SCU_CLOCK_SetWdtClockDivider
 .text.XMC_SCU_CLOCK_SetExternalOutputClockDivider
                0x0000000008005544       0x30 lib_build/xmc4_scu.o
                0x0000000008005544                XMC_SCU_CLOCK_SetExternalOutputClockDivider
 .text.XMC_SCU_CLOCK_EnableClock
                0x0000000008005574       0x20 lib_build/xmc4_scu.o
                0x0000000008005574                XMC_SCU_CLOCK_EnableClock
 .text.XMC_SCU_CLOCK_DisableClock
                0x0000000008005594       0x20 lib_build/xmc4_scu.o
                0x0000000008005594                XMC_SCU_CLOCK_DisableClock
 .text.XMC_SCU_CLOCK_IsClockEnabled
                0x00000000080055b4       0x2c lib_build/xmc4_scu.o
                0x00000000080055b4                XMC_SCU_CLOCK_IsClockEnabled
 .text.XMC_SCU_POWER_GetEVR13Voltage
                0x00000000080055e0       0x30 lib_build/xmc4_scu.o
                0x00000000080055e0                XMC_SCU_POWER_GetEVR13Voltage
 .text.XMC_SCU_POWER_GetEVR33Voltage
                0x0000000008005610       0x34 lib_build/xmc4_scu.o
                0x0000000008005610                XMC_SCU_POWER_GetEVR33Voltage
 .text.XMC_SCU_CLOCK_EnableUsbPll
                0x0000000008005644       0x24 lib_build/xmc4_scu.o
                0x0000000008005644                XMC_SCU_CLOCK_EnableUsbPll
 .text.XMC_SCU_CLOCK_DisableUsbPll
                0x0000000008005668       0x24 lib_build/xmc4_scu.o
                0x0000000008005668                XMC_SCU_CLOCK_DisableUsbPll
 .text.XMC_SCU_CLOCK_StartUsbPll
                0x000000000800568c       0x78 lib_build/xmc4_scu.o
                0x000000000800568c                XMC_SCU_CLOCK_StartUsbPll
 .text.XMC_SCU_CLOCK_StopUsbPll
                0x0000000008005704       0x1c lib_build/xmc4_scu.o
                0x0000000008005704                XMC_SCU_CLOCK_StopUsbPll
 .text.XMC_SCU_CLOCK_SetBackupClockCalibrationMode
                0x0000000008005720       0x4c lib_build/xmc4_scu.o
                0x0000000008005720                XMC_SCU_CLOCK_SetBackupClockCalibrationMode
 .text.XMC_SCU_POWER_EnableUsb
                0x000000000800576c       0x1c lib_build/xmc4_scu.o
                0x000000000800576c                XMC_SCU_POWER_EnableUsb
 .text.XMC_SCU_POWER_DisableUsb
                0x0000000008005788       0x1c lib_build/xmc4_scu.o
                0x0000000008005788                XMC_SCU_POWER_DisableUsb
 .text.XMC_SCU_CLOCK_IsUsbPllLocked
                0x00000000080057a4       0x24 lib_build/xmc4_scu.o
                0x00000000080057a4                XMC_SCU_CLOCK_IsUsbPllLocked
 .text.XMC_SCU_HIB_EnableHibernateDomain
                0x00000000080057c8       0x58 lib_build/xmc4_scu.o
                0x00000000080057c8                XMC_SCU_HIB_EnableHibernateDomain
 .text.XMC_SCU_HIB_DisableHibernateDomain
                0x0000000008005820       0x24 lib_build/xmc4_scu.o
                0x0000000008005820                XMC_SCU_HIB_DisableHibernateDomain
 .text.XMC_SCU_HIB_IsHibernateDomainEnabled
                0x0000000008005844       0x3c lib_build/xmc4_scu.o
                0x0000000008005844                XMC_SCU_HIB_IsHibernateDomainEnabled
 .text.XMC_SCU_HIB_EnableInternalSlowClock
                0x0000000008005880       0x34 lib_build/xmc4_scu.o
                0x0000000008005880                XMC_SCU_HIB_EnableInternalSlowClock
 .text.XMC_SCU_HIB_DisableInternalSlowClock
                0x00000000080058b4       0x34 lib_build/xmc4_scu.o
                0x00000000080058b4                XMC_SCU_HIB_DisableInternalSlowClock
 .text.XMC_SCU_HIB_ClearEventStatus
                0x00000000080058e8       0x34 lib_build/xmc4_scu.o
                0x00000000080058e8                XMC_SCU_HIB_ClearEventStatus
 .text.XMC_SCU_HIB_TriggerEvent
                0x000000000800591c       0x34 lib_build/xmc4_scu.o
                0x000000000800591c                XMC_SCU_HIB_TriggerEvent
 .text.XMC_SCU_HIB_EnableEvent
                0x0000000008005950       0x38 lib_build/xmc4_scu.o
                0x0000000008005950                XMC_SCU_HIB_EnableEvent
 .text.XMC_SCU_HIB_DisableEvent
                0x0000000008005988       0x3c lib_build/xmc4_scu.o
                0x0000000008005988                XMC_SCU_HIB_DisableEvent
 .text.XMC_SCU_HIB_EnterHibernateState
                0x00000000080059c4       0x34 lib_build/xmc4_scu.o
                0x00000000080059c4                XMC_SCU_HIB_EnterHibernateState
 .text.XMC_SCU_HIB_EnterHibernateStateEx
                0x00000000080059f8       0x1c lib_build/xmc4_scu.o
                0x00000000080059f8                XMC_SCU_HIB_EnterHibernateStateEx
 .text.XMC_SCU_HIB_SetWakeupTriggerInput
                0x0000000008005a14       0x50 lib_build/xmc4_scu.o
                0x0000000008005a14                XMC_SCU_HIB_SetWakeupTriggerInput
 .text.XMC_SCU_HIB_SetPinMode
                0x0000000008005a64       0x54 lib_build/xmc4_scu.o
                0x0000000008005a64                XMC_SCU_HIB_SetPinMode
 .text.XMC_SCU_HIB_SetPinOutputLevel
                0x0000000008005ab8       0x58 lib_build/xmc4_scu.o
                0x0000000008005ab8                XMC_SCU_HIB_SetPinOutputLevel
 .text.XMC_SCU_HIB_SetInput0
                0x0000000008005b10       0x50 lib_build/xmc4_scu.o
                0x0000000008005b10                XMC_SCU_HIB_SetInput0
 .text.XMC_SCU_HIB_SetSR0Input
                0x0000000008005b60       0x40 lib_build/xmc4_scu.o
                0x0000000008005b60                XMC_SCU_HIB_SetSR0Input
 .text.XMC_SCU_CLOCK_IsLowPowerOscillatorStable
                0x0000000008005ba0       0x24 lib_build/xmc4_scu.o
                0x0000000008005ba0                XMC_SCU_CLOCK_IsLowPowerOscillatorStable
 .text.XMC_SCU_CLOCK_EnableLowPowerOscillator
                0x0000000008005bc4       0x6c lib_build/xmc4_scu.o
                0x0000000008005bc4                XMC_SCU_CLOCK_EnableLowPowerOscillator
 .text.XMC_SCU_CLOCK_DisableLowPowerOscillator
                0x0000000008005c30       0x34 lib_build/xmc4_scu.o
                0x0000000008005c30                XMC_SCU_CLOCK_DisableLowPowerOscillator
 .text.XMC_SCU_CLOCK_EnableLowPowerOscillatorGeneralPurposeInput
                0x0000000008005c64       0x34 lib_build/xmc4_scu.o
                0x0000000008005c64                XMC_SCU_CLOCK_EnableLowPowerOscillatorGeneralPurposeInput
 .text.XMC_SCU_CLOCK_DisableLowPowerOscillatorGeneralPurposeInput
                0x0000000008005c98       0x38 lib_build/xmc4_scu.o
                0x0000000008005c98                XMC_SCU_CLOCK_DisableLowPowerOscillatorGeneralPurposeInput
 .text.XMC_SCU_CLOCK_GetLowPowerOscillatorGeneralPurposeInputStatus
                0x0000000008005cd0       0x1c lib_build/xmc4_scu.o
                0x0000000008005cd0                XMC_SCU_CLOCK_GetLowPowerOscillatorGeneralPurposeInputStatus
 .text.XMC_SCU_CLOCK_EnableHighPerformanceOscillator
                0x0000000008005cec       0x50 lib_build/xmc4_scu.o
                0x0000000008005cec                XMC_SCU_CLOCK_EnableHighPerformanceOscillator
 .text.XMC_SCU_CLOCK_IsHighPerformanceOscillatorStable
                0x0000000008005d3c       0x28 lib_build/xmc4_scu.o
                0x0000000008005d3c                XMC_SCU_CLOCK_IsHighPerformanceOscillatorStable
 .text.XMC_SCU_CLOCK_DisableHighPerformanceOscillator
                0x0000000008005d64       0x20 lib_build/xmc4_scu.o
                0x0000000008005d64                XMC_SCU_CLOCK_DisableHighPerformanceOscillator
 .text.XMC_SCU_CLOCK_EnableHighPerformanceOscillatorGeneralPurposeInput
                0x0000000008005d84       0x20 lib_build/xmc4_scu.o
                0x0000000008005d84                XMC_SCU_CLOCK_EnableHighPerformanceOscillatorGeneralPurposeInput
 .text.XMC_SCU_CLOCK_DisableHighPerformanceOscillatorGeneralPurposeInput
                0x0000000008005da4       0x20 lib_build/xmc4_scu.o
                0x0000000008005da4                XMC_SCU_CLOCK_DisableHighPerformanceOscillatorGeneralPurposeInput
 .text.XMC_SCU_CLOCK_GetHighPerformanceOscillatorGeneralPurposeInputStatus
                0x0000000008005dc4       0x1c lib_build/xmc4_scu.o
                0x0000000008005dc4                XMC_SCU_CLOCK_GetHighPerformanceOscillatorGeneralPurposeInputStatus
 .text.XMC_SCU_CLOCK_EnableSystemPll
                0x0000000008005de0       0x24 lib_build/xmc4_scu.o
                0x0000000008005de0                XMC_SCU_CLOCK_EnableSystemPll
 .text.XMC_SCU_CLOCK_DisableSystemPll
                0x0000000008005e04       0x24 lib_build/xmc4_scu.o
                0x0000000008005e04                XMC_SCU_CLOCK_DisableSystemPll
 .text.XMC_SCU_CLOCK_StartSystemPll
                0x0000000008005e28      0x178 lib_build/xmc4_scu.o
                0x0000000008005e28                XMC_SCU_CLOCK_StartSystemPll
 .text.XMC_SCU_CLOCK_StopSystemPll
                0x0000000008005fa0       0x20 lib_build/xmc4_scu.o
                0x0000000008005fa0                XMC_SCU_CLOCK_StopSystemPll
 .text.XMC_SCU_CLOCK_StepSystemPllFrequency
                0x0000000008005fc0       0x30 lib_build/xmc4_scu.o
                0x0000000008005fc0                XMC_SCU_CLOCK_StepSystemPllFrequency
 .text.XMC_SCU_CLOCK_IsSystemPllLocked
                0x0000000008005ff0       0x24 lib_build/xmc4_scu.o
                0x0000000008005ff0                XMC_SCU_CLOCK_IsSystemPllLocked
 .text.XMC_SCU_INTERRUPT_SetEventHandler
                0x0000000008006014       0x58 lib_build/xmc4_scu.o
                0x0000000008006014                XMC_SCU_INTERRUPT_SetEventHandler
 .text.XMC_SCU_IRQHandler
                0x000000000800606c       0x60 lib_build/xmc4_scu.o
                0x000000000800606c                XMC_SCU_IRQHandler
 .text          0x00000000080060cc        0x0 lib_build/EndpointStream_XMC4000.o
 .text.Endpoint_Write_Stream_LE
                0x00000000080060cc      0x114 lib_build/EndpointStream_XMC4000.o
                0x00000000080060cc                Endpoint_Write_Stream_LE
 .text.SwapCopy
                0x00000000080061e0       0x44 lib_build/EndpointStream_XMC4000.o
                0x00000000080061e0                SwapCopy
 .text.Endpoint_Write_Stream_BE
                0x0000000008006224       0xe8 lib_build/EndpointStream_XMC4000.o
                0x0000000008006224                Endpoint_Write_Stream_BE
 .text.Endpoint_Read_Stream_LE
                0x000000000800630c       0xf0 lib_build/EndpointStream_XMC4000.o
                0x000000000800630c                Endpoint_Read_Stream_LE
 .text.Endpoint_Read_Stream_BE
                0x00000000080063fc       0xf0 lib_build/EndpointStream_XMC4000.o
                0x00000000080063fc                Endpoint_Read_Stream_BE
 .text.Endpoint_Write_Control_Stream_LE
                0x00000000080064ec       0x70 lib_build/EndpointStream_XMC4000.o
                0x00000000080064ec                Endpoint_Write_Control_Stream_LE
 .text.Endpoint_Write_Control_Stream_BE
                0x000000000800655c       0x20 lib_build/EndpointStream_XMC4000.o
                0x000000000800655c                Endpoint_Write_Control_Stream_BE
 .text.Endpoint_Read_Control_Stream_LE
                0x000000000800657c       0x68 lib_build/EndpointStream_XMC4000.o
                0x000000000800657c                Endpoint_Read_Control_Stream_LE
 .text.Endpoint_Read_Control_Stream_BE
                0x00000000080065e4       0x20 lib_build/EndpointStream_XMC4000.o
                0x00000000080065e4                Endpoint_Read_Control_Stream_BE
 .text.Endpoint_Null_Stream
                0x0000000008006604       0xdc lib_build/EndpointStream_XMC4000.o
                0x0000000008006604                Endpoint_Null_Stream
 .text          0x00000000080066e0        0x0 lib_build/memcpy.o
 .text.thumb2_memcpy
                0x00000000080066e0       0x3e lib_build/memcpy.o
                0x00000000080066e0                thumb2_memcpy
 .text          0x000000000800671e        0x0 lib_build/xmc_eru.o
 .text.XMC_ERU_ETL_Init
                0x000000000800671e       0x4e lib_build/xmc_eru.o
                0x000000000800671e                XMC_ERU_ETL_Init
 .text.XMC_ERU_OGU_Init
                0x000000000800676c       0x2a lib_build/xmc_eru.o
                0x000000000800676c                XMC_ERU_OGU_Init
 .text.XMC_ERU_ETL_SetInput
                0x0000000008006796       0x4e lib_build/xmc_eru.o
                0x0000000008006796                XMC_ERU_ETL_SetInput
 .text.XMC_ERU_ETL_SetSource
                0x00000000080067e4       0x36 lib_build/xmc_eru.o
                0x00000000080067e4                XMC_ERU_ETL_SetSource
 .text.XMC_ERU_ETL_SetEdgeDetection
                0x000000000800681a       0x36 lib_build/xmc_eru.o
                0x000000000800681a                XMC_ERU_ETL_SetEdgeDetection
 .text.XMC_ERU_ETL_GetEdgeDetection
                0x0000000008006850       0x28 lib_build/xmc_eru.o
                0x0000000008006850                XMC_ERU_ETL_GetEdgeDetection
 .text.XMC_ERU_ETL_SetStatusFlagMode
                0x0000000008006878       0x36 lib_build/xmc_eru.o
                0x0000000008006878                XMC_ERU_ETL_SetStatusFlagMode
 .text.XMC_ERU_ETL_EnableOutputTrigger
                0x00000000080068ae       0x48 lib_build/xmc_eru.o
                0x00000000080068ae                XMC_ERU_ETL_EnableOutputTrigger
 .text.XMC_ERU_ETL_DisableOutputTrigger
                0x00000000080068f6       0x2a lib_build/xmc_eru.o
                0x00000000080068f6                XMC_ERU_ETL_DisableOutputTrigger
 .text.XMC_ERU_OGU_EnablePatternDetection
                0x0000000008006920       0x4c lib_build/xmc_eru.o
                0x0000000008006920                XMC_ERU_OGU_EnablePatternDetection
 .text.XMC_ERU_OGU_DisablePatternDetection
                0x000000000800696c       0x2c lib_build/xmc_eru.o
                0x000000000800696c                XMC_ERU_OGU_DisablePatternDetection
 .text.XMC_ERU_OGU_EnablePeripheralTrigger
                0x0000000008006998       0x38 lib_build/xmc_eru.o
                0x0000000008006998                XMC_ERU_OGU_EnablePeripheralTrigger
 .text.XMC_ERU_OGU_DisablePeripheralTrigger
                0x00000000080069d0       0x2c lib_build/xmc_eru.o
                0x00000000080069d0                XMC_ERU_OGU_DisablePeripheralTrigger
 .text.XMC_ERU_OGU_SetServiceRequestMode
                0x00000000080069fc       0x38 lib_build/xmc_eru.o
                0x00000000080069fc                XMC_ERU_OGU_SetServiceRequestMode
 .text          0x0000000008006a34        0x0 lib_build/xmc4_eru.o
 .text.XMC_ERU_Enable
                0x0000000008006a34       0x24 lib_build/xmc4_eru.o
                0x0000000008006a34                XMC_ERU_Enable
 .text.XMC_ERU_Disable
                0x0000000008006a58       0x24 lib_build/xmc4_eru.o
                0x0000000008006a58                XMC_ERU_Disable
 .text          0x0000000008006a7c        0x0 lib_build/xmc_gpio.o
 .text.XMC_GPIO_SetMode
                0x0000000008006a7c       0x82 lib_build/xmc_gpio.o
                0x0000000008006a7c                XMC_GPIO_SetMode
 .text.XMC_GPIO_SetHardwareControl
                0x0000000008006afe       0x46 lib_build/xmc_gpio.o
                0x0000000008006afe                XMC_GPIO_SetHardwareControl
 .text          0x0000000008006b44        0x0 lib_build/xmc4_gpio.o
 .text.XMC_GPIO_Init
                0x0000000008006b44      0x144 lib_build/xmc4_gpio.o
                0x0000000008006b44                XMC_GPIO_Init
 .text.XMC_GPIO_SetOutputStrength
                0x0000000008006c88       0x86 lib_build/xmc4_gpio.o
                0x0000000008006c88                XMC_GPIO_SetOutputStrength
 .text          0x0000000008006d0e        0x0 lib_build/startup_XMC4500.o
 .text          0x0000000008006d0e        0x0 lib_build/system_XMC4500.o
 .text.delay    0x0000000008006d0e       0x2a lib_build/system_XMC4500.o
 .text.SystemInit
                0x0000000008006d38       0x24 lib_build/system_XMC4500.o
                0x0000000008006d38                SystemInit
 .text.SystemCoreSetup
                0x0000000008006d5c       0x70 lib_build/system_XMC4500.o
                0x0000000008006d5c                SystemCoreSetup
 .text.SystemCoreClockSetup
                0x0000000008006dcc      0x208 lib_build/system_XMC4500.o
 .text.SystemCoreClockUpdate
                0x0000000008006fd4       0xd4 lib_build/system_XMC4500.o
                0x0000000008006fd4                SystemCoreClockUpdate
 .text.OSCHP_GetFrequency
                0x00000000080070a8       0x14 lib_build/system_XMC4500.o
                0x00000000080070a8                OSCHP_GetFrequency
 .text          0x00000000080070bc        0x0 lib_build/syscalls.o
 .text._sbrk    0x00000000080070bc       0x68 lib_build/syscalls.o
                0x00000000080070bc                _sbrk
 .text._init    0x0000000008007124        0xe lib_build/syscalls.o
                0x0000000008007124                _init
 .text          0x0000000008007132        0x0 /usr/bin/../lib/gcc/arm-none-eabi/7.3.1/../../../../arm-none-eabi/lib/thumb/v7e-m/libg.a(lib_a-errno.o)
 *fill*         0x0000000008007132        0x2 
 .text.__errno  0x0000000008007134        0xc /usr/bin/../lib/gcc/arm-none-eabi/7.3.1/../../../../arm-none-eabi/lib/thumb/v7e-m/libg.a(lib_a-errno.o)
                0x0000000008007134                __errno
 .text          0x0000000008007140        0x0 /usr/bin/../lib/gcc/arm-none-eabi/7.3.1/../../../../arm-none-eabi/lib/thumb/v7e-m/libg.a(lib_a-impure.o)
 .text          0x0000000008007140        0x0 /usr/bin/../lib/gcc/arm-none-eabi/7.3.1/../../../../arm-none-eabi/lib/thumb/v7e-m/libg.a(lib_a-init.o)
 .text.__libc_init_array
                0x0000000008007140       0x48 /usr/bin/../lib/gcc/arm-none-eabi/7.3.1/../../../../arm-none-eabi/lib/thumb/v7e-m/libg.a(lib_a-init.o)
                0x0000000008007140                __libc_init_array
 .text          0x0000000008007188      0x134 /usr/bin/../lib/gcc/arm-none-eabi/7.3.1/../../../../arm-none-eabi/lib/thumb/v7e-m/libg.a(lib_a-memcpy.o)
                0x0000000008007188                memcpy
 .text          0x00000000080072bc        0x0 /usr/bin/../lib/gcc/arm-none-eabi/7.3.1/../../../../arm-none-eabi/lib/thumb/v7e-m/libg.a(lib_a-memset.o)
 .text.memset   0x00000000080072bc       0x94 /usr/bin/../lib/gcc/arm-none-eabi/7.3.1/../../../../arm-none-eabi/lib/thumb/v7e-m/libg.a(lib_a-memset.o)
                0x00000000080072bc                memset
 .text          0x0000000008007350        0x0 /usr/bin/../lib/gcc/arm-none-eabi/7.3.1/../../../../arm-none-eabi/lib/thumb/v7e-m/libg.a(lib_a-printf.o)
 .text._printf_r
                0x0000000008007350       0x20 /usr/bin/../lib/gcc/arm-none-eabi/7.3.1/../../../../arm-none-eabi/lib/thumb/v7e-m/libg.a(lib_a-printf.o)
                0x0000000008007350                _printf_r
 .text.printf   0x0000000008007370       0x28 /usr/bin/../lib/gcc/arm-none-eabi/7.3.1/../../../../arm-none-eabi/lib/thumb/v7e-m/libg.a(lib_a-printf.o)
                0x0000000008007370                printf
 *fill*         0x0000000008007398       0x28 
 .text          0x00000000080073c0       0xdc /usr/bin/../lib/gcc/arm-none-eabi/7.3.1/../../../../arm-none-eabi/lib/thumb/v7e-m/libg.a(lib_a-strlen.o)
                0x00000000080073c0                strlen
 .text          0x000000000800749c        0x0 /usr/bin/../lib/gcc/arm-none-eabi/7.3.1/../../../../arm-none-eabi/lib/thumb/v7e-m/libg.a(lib_a-vfprintf.o)
 .text._vfprintf_r
                0x000000000800749c     0x1a80 /usr/bin/../lib/gcc/arm-none-eabi/7.3.1/../../../../arm-none-eabi/lib/thumb/v7e-m/libg.a(lib_a-vfprintf.o)
                0x000000000800749c                _vfprintf_r
 .text.vfprintf
                0x0000000008008f1c       0x18 /usr/bin/../lib/gcc/arm-none-eabi/7.3.1/../../../../arm-none-eabi/lib/thumb/v7e-m/libg.a(lib_a-vfprintf.o)
                0x0000000008008f1c                vfprintf
 .text.__sbprintf
                0x0000000008008f34       0x84 /usr/bin/../lib/gcc/arm-none-eabi/7.3.1/../../../../arm-none-eabi/lib/thumb/v7e-m/libg.a(lib_a-vfprintf.o)
 .text          0x0000000008008fb8        0x0 /usr/bin/../lib/gcc/arm-none-eabi/7.3.1/../../../../arm-none-eabi/lib/thumb/v7e-m/libg.a(lib_a-wsetup.o)
 .text.__swsetup_r
                0x0000000008008fb8       0xcc /usr/bin/../lib/gcc/arm-none-eabi/7.3.1/../../../../arm-none-eabi/lib/thumb/v7e-m/libg.a(lib_a-wsetup.o)
                0x0000000008008fb8                __swsetup_r
 .text          0x0000000008009084        0x0 /usr/bin/../lib/gcc/arm-none-eabi/7.3.1/../../../../arm-none-eabi/lib/thumb/v7e-m/libg.a(lib_a-dtoa.o)
 .text.quorem   0x0000000008009084      0x124 /usr/bin/../lib/gcc/arm-none-eabi/7.3.1/../../../../arm-none-eabi/lib/thumb/v7e-m/libg.a(lib_a-dtoa.o)
 .text._dtoa_r  0x00000000080091a8      0xdf4 /usr/bin/../lib/gcc/arm-none-eabi/7.3.1/../../../../arm-none-eabi/lib/thumb/v7e-m/libg.a(lib_a-dtoa.o)
                0x00000000080091a8                _dtoa_r
 .text          0x0000000008009f9c        0x0 /usr/bin/../lib/gcc/arm-none-eabi/7.3.1/../../../../arm-none-eabi/lib/thumb/v7e-m/libg.a(lib_a-fflush.o)
 .text.__sflush_r
                0x0000000008009f9c      0x154 /usr/bin/../lib/gcc/arm-none-eabi/7.3.1/../../../../arm-none-eabi/lib/thumb/v7e-m/libg.a(lib_a-fflush.o)
                0x0000000008009f9c                __sflush_r
 .text._fflush_r
                0x000000000800a0f0       0x5c /usr/bin/../lib/gcc/arm-none-eabi/7.3.1/../../../../arm-none-eabi/lib/thumb/v7e-m/libg.a(lib_a-fflush.o)
                0x000000000800a0f0                _fflush_r
 .text.fflush   0x000000000800a14c       0x24 /usr/bin/../lib/gcc/arm-none-eabi/7.3.1/../../../../arm-none-eabi/lib/thumb/v7e-m/libg.a(lib_a-fflush.o)
                0x000000000800a14c                fflush
 .text          0x000000000800a170        0x0 /usr/bin/../lib/gcc/arm-none-eabi/7.3.1/../../../../arm-none-eabi/lib/thumb/v7e-m/libg.a(lib_a-findfp.o)
 .text.std      0x000000000800a170       0x50 /usr/bin/../lib/gcc/arm-none-eabi/7.3.1/../../../../arm-none-eabi/lib/thumb/v7e-m/libg.a(lib_a-findfp.o)
 .text._cleanup_r
                0x000000000800a1c0        0xc /usr/bin/../lib/gcc/arm-none-eabi/7.3.1/../../../../arm-none-eabi/lib/thumb/v7e-m/libg.a(lib_a-findfp.o)
                0x000000000800a1c0                _cleanup_r
 .text.__fp_lock
                0x000000000800a1cc       0x1c /usr/bin/../lib/gcc/arm-none-eabi/7.3.1/../../../../arm-none-eabi/lib/thumb/v7e-m/libg.a(lib_a-findfp.o)
 .text.__fp_unlock
                0x000000000800a1e8       0x1c /usr/bin/../lib/gcc/arm-none-eabi/7.3.1/../../../../arm-none-eabi/lib/thumb/v7e-m/libg.a(lib_a-findfp.o)
 .text.__sfmoreglue
                0x000000000800a204       0x30 /usr/bin/../lib/gcc/arm-none-eabi/7.3.1/../../../../arm-none-eabi/lib/thumb/v7e-m/libg.a(lib_a-findfp.o)
                0x000000000800a204                __sfmoreglue
 .text._cleanup
                0x000000000800a234       0x14 /usr/bin/../lib/gcc/arm-none-eabi/7.3.1/../../../../arm-none-eabi/lib/thumb/v7e-m/libg.a(lib_a-findfp.o)
                0x000000000800a234                _cleanup
 .text.__sinit  0x000000000800a248       0x58 /usr/bin/../lib/gcc/arm-none-eabi/7.3.1/../../../../arm-none-eabi/lib/thumb/v7e-m/libg.a(lib_a-findfp.o)
                0x000000000800a248                __sinit
 .text.__sfp    0x000000000800a2a0       0xa4 /usr/bin/../lib/gcc/arm-none-eabi/7.3.1/../../../../arm-none-eabi/lib/thumb/v7e-m/libg.a(lib_a-findfp.o)
                0x000000000800a2a0                __sfp
 .text.__sfp_lock_acquire
                0x000000000800a344        0xc /usr/bin/../lib/gcc/arm-none-eabi/7.3.1/../../../../arm-none-eabi/lib/thumb/v7e-m/libg.a(lib_a-findfp.o)
                0x000000000800a344                __sfp_lock_acquire
 .text.__sfp_lock_release
                0x000000000800a350        0xc /usr/bin/../lib/gcc/arm-none-eabi/7.3.1/../../../../arm-none-eabi/lib/thumb/v7e-m/libg.a(lib_a-findfp.o)
                0x000000000800a350                __sfp_lock_release
 .text.__sinit_lock_acquire
                0x000000000800a35c        0xc /usr/bin/../lib/gcc/arm-none-eabi/7.3.1/../../../../arm-none-eabi/lib/thumb/v7e-m/libg.a(lib_a-findfp.o)
                0x000000000800a35c                __sinit_lock_acquire
 .text.__sinit_lock_release
                0x000000000800a368        0xc /usr/bin/../lib/gcc/arm-none-eabi/7.3.1/../../../../arm-none-eabi/lib/thumb/v7e-m/libg.a(lib_a-findfp.o)
                0x000000000800a368                __sinit_lock_release
 .text.__fp_lock_all
                0x000000000800a374       0x24 /usr/bin/../lib/gcc/arm-none-eabi/7.3.1/../../../../arm-none-eabi/lib/thumb/v7e-m/libg.a(lib_a-findfp.o)
                0x000000000800a374                __fp_lock_all
 .text.__fp_unlock_all
                0x000000000800a398       0x24 /usr/bin/../lib/gcc/arm-none-eabi/7.3.1/../../../../arm-none-eabi/lib/thumb/v7e-m/libg.a(lib_a-findfp.o)
                0x000000000800a398                __fp_unlock_all
 .text          0x000000000800a3bc        0x0 /usr/bin/../lib/gcc/arm-none-eabi/7.3.1/../../../../arm-none-eabi/lib/thumb/v7e-m/libg.a(lib_a-freer.o)
 .text._malloc_trim_r
                0x000000000800a3bc       0xa0 /usr/bin/../lib/gcc/arm-none-eabi/7.3.1/../../../../arm-none-eabi/lib/thumb/v7e-m/libg.a(lib_a-freer.o)
                0x000000000800a3bc                _malloc_trim_r
 .text._free_r  0x000000000800a45c      0x1e8 /usr/bin/../lib/gcc/arm-none-eabi/7.3.1/../../../../arm-none-eabi/lib/thumb/v7e-m/libg.a(lib_a-freer.o)
                0x000000000800a45c                _free_r
 .text          0x000000000800a644        0x0 /usr/bin/../lib/gcc/arm-none-eabi/7.3.1/../../../../arm-none-eabi/lib/thumb/v7e-m/libg.a(lib_a-fwalk.o)
 .text._fwalk   0x000000000800a644       0x4c /usr/bin/../lib/gcc/arm-none-eabi/7.3.1/../../../../arm-none-eabi/lib/thumb/v7e-m/libg.a(lib_a-fwalk.o)
                0x000000000800a644                _fwalk
 .text._fwalk_reent
                0x000000000800a690       0x54 /usr/bin/../lib/gcc/arm-none-eabi/7.3.1/../../../../arm-none-eabi/lib/thumb/v7e-m/libg.a(lib_a-fwalk.o)
                0x000000000800a690                _fwalk_reent
 .text          0x000000000800a6e4        0x0 /usr/bin/../lib/gcc/arm-none-eabi/7.3.1/../../../../arm-none-eabi/lib/thumb/v7e-m/libg.a(lib_a-localeconv.o)
 .text.__localeconv_l
                0x000000000800a6e4        0x4 /usr/bin/../lib/gcc/arm-none-eabi/7.3.1/../../../../arm-none-eabi/lib/thumb/v7e-m/libg.a(lib_a-localeconv.o)
                0x000000000800a6e4                __localeconv_l
 .text._localeconv_r
                0x000000000800a6e8       0x1c /usr/bin/../lib/gcc/arm-none-eabi/7.3.1/../../../../arm-none-eabi/lib/thumb/v7e-m/libg.a(lib_a-localeconv.o)
                0x000000000800a6e8                _localeconv_r
 .text.localeconv
                0x000000000800a704       0x1c /usr/bin/../lib/gcc/arm-none-eabi/7.3.1/../../../../arm-none-eabi/lib/thumb/v7e-m/libg.a(lib_a-localeconv.o)
                0x000000000800a704                localeconv
 .text          0x000000000800a720        0x0 /usr/bin/../lib/gcc/arm-none-eabi/7.3.1/../../../../arm-none-eabi/lib/thumb/v7e-m/libg.a(lib_a-lock.o)
 .text.__retarget_lock_init
                0x000000000800a720        0x4 /usr/bin/../lib/gcc/arm-none-eabi/7.3.1/../../../../arm-none-eabi/lib/thumb/v7e-m/libg.a(lib_a-lock.o)
                0x000000000800a720                __retarget_lock_init
 .text.__retarget_lock_init_recursive
                0x000000000800a724        0x4 /usr/bin/../lib/gcc/arm-none-eabi/7.3.1/../../../../arm-none-eabi/lib/thumb/v7e-m/libg.a(lib_a-lock.o)
                0x000000000800a724                __retarget_lock_init_recursive
 .text.__retarget_lock_close
                0x000000000800a728        0x4 /usr/bin/../lib/gcc/arm-none-eabi/7.3.1/../../../../arm-none-eabi/lib/thumb/v7e-m/libg.a(lib_a-lock.o)
                0x000000000800a728                __retarget_lock_close
 .text.__retarget_lock_close_recursive
                0x000000000800a72c        0x4 /usr/bin/../lib/gcc/arm-none-eabi/7.3.1/../../../../arm-none-eabi/lib/thumb/v7e-m/libg.a(lib_a-lock.o)
                0x000000000800a72c                __retarget_lock_close_recursive
 .text.__retarget_lock_acquire
                0x000000000800a730        0x4 /usr/bin/../lib/gcc/arm-none-eabi/7.3.1/../../../../arm-none-eabi/lib/thumb/v7e-m/libg.a(lib_a-lock.o)
                0x000000000800a730                __retarget_lock_acquire
 .text.__retarget_lock_acquire_recursive
                0x000000000800a734        0x4 /usr/bin/../lib/gcc/arm-none-eabi/7.3.1/../../../../arm-none-eabi/lib/thumb/v7e-m/libg.a(lib_a-lock.o)
                0x000000000800a734                __retarget_lock_acquire_recursive
 .text.__retarget_lock_try_acquire
                0x000000000800a738        0x4 /usr/bin/../lib/gcc/arm-none-eabi/7.3.1/../../../../arm-none-eabi/lib/thumb/v7e-m/libg.a(lib_a-lock.o)
                0x000000000800a738                __retarget_lock_try_acquire
 .text.__retarget_lock_try_acquire_recursive
                0x000000000800a73c        0x4 /usr/bin/../lib/gcc/arm-none-eabi/7.3.1/../../../../arm-none-eabi/lib/thumb/v7e-m/libg.a(lib_a-lock.o)
                0x000000000800a73c                __retarget_lock_try_acquire_recursive
 .text.__retarget_lock_release
                0x000000000800a740        0x4 /usr/bin/../lib/gcc/arm-none-eabi/7.3.1/../../../../arm-none-eabi/lib/thumb/v7e-m/libg.a(lib_a-lock.o)
                0x000000000800a740                __retarget_lock_release
 .text.__retarget_lock_release_recursive
                0x000000000800a744        0x4 /usr/bin/../lib/gcc/arm-none-eabi/7.3.1/../../../../arm-none-eabi/lib/thumb/v7e-m/libg.a(lib_a-lock.o)
                0x000000000800a744                __retarget_lock_release_recursive
 .text          0x000000000800a748        0x0 /usr/bin/../lib/gcc/arm-none-eabi/7.3.1/../../../../arm-none-eabi/lib/thumb/v7e-m/libg.a(lib_a-makebuf.o)
 .text.__swhatbuf_r
                0x000000000800a748       0x5c /usr/bin/../lib/gcc/arm-none-eabi/7.3.1/../../../../arm-none-eabi/lib/thumb/v7e-m/libg.a(lib_a-makebuf.o)
                0x000000000800a748                __swhatbuf_r
 .text.__smakebuf_r
                0x000000000800a7a4       0x94 /usr/bin/../lib/gcc/arm-none-eabi/7.3.1/../../../../arm-none-eabi/lib/thumb/v7e-m/libg.a(lib_a-makebuf.o)
                0x000000000800a7a4                __smakebuf_r
 .text          0x000000000800a838        0x0 /usr/bin/../lib/gcc/arm-none-eabi/7.3.1/../../../../arm-none-eabi/lib/thumb/v7e-m/libg.a(lib_a-mallocr.o)
 .text._malloc_r
                0x000000000800a838      0x548 /usr/bin/../lib/gcc/arm-none-eabi/7.3.1/../../../../arm-none-eabi/lib/thumb/v7e-m/libg.a(lib_a-mallocr.o)
                0x000000000800a838                _malloc_r
 .text          0x000000000800ad80       0xa0 /usr/bin/../lib/gcc/arm-none-eabi/7.3.1/../../../../arm-none-eabi/lib/thumb/v7e-m/libg.a(lib_a-memchr.o)
                0x000000000800ad80                memchr
 .text          0x000000000800ae20        0x0 /usr/bin/../lib/gcc/arm-none-eabi/7.3.1/../../../../arm-none-eabi/lib/thumb/v7e-m/libg.a(lib_a-mlock.o)
 .text.__malloc_lock
                0x000000000800ae20        0xc /usr/bin/../lib/gcc/arm-none-eabi/7.3.1/../../../../arm-none-eabi/lib/thumb/v7e-m/libg.a(lib_a-mlock.o)
                0x000000000800ae20                __malloc_lock
 .text.__malloc_unlock
                0x000000000800ae2c        0xc /usr/bin/../lib/gcc/arm-none-eabi/7.3.1/../../../../arm-none-eabi/lib/thumb/v7e-m/libg.a(lib_a-mlock.o)
                0x000000000800ae2c                __malloc_unlock
 .text          0x000000000800ae38        0x0 /usr/bin/../lib/gcc/arm-none-eabi/7.3.1/../../../../arm-none-eabi/lib/thumb/v7e-m/libg.a(lib_a-mprec.o)
 .text._Balloc  0x000000000800ae38       0x4c /usr/bin/../lib/gcc/arm-none-eabi/7.3.1/../../../../arm-none-eabi/lib/thumb/v7e-m/libg.a(lib_a-mprec.o)
                0x000000000800ae38                _Balloc
 .text._Bfree   0x000000000800ae84       0x14 /usr/bin/../lib/gcc/arm-none-eabi/7.3.1/../../../../arm-none-eabi/lib/thumb/v7e-m/libg.a(lib_a-mprec.o)
                0x000000000800ae84                _Bfree
 .text.__multadd
                0x000000000800ae98       0x80 /usr/bin/../lib/gcc/arm-none-eabi/7.3.1/../../../../arm-none-eabi/lib/thumb/v7e-m/libg.a(lib_a-mprec.o)
                0x000000000800ae98                __multadd
 .text.__s2b    0x000000000800af18       0x98 /usr/bin/../lib/gcc/arm-none-eabi/7.3.1/../../../../arm-none-eabi/lib/thumb/v7e-m/libg.a(lib_a-mprec.o)
                0x000000000800af18                __s2b
 .text.__hi0bits
                0x000000000800afb0       0x40 /usr/bin/../lib/gcc/arm-none-eabi/7.3.1/../../../../arm-none-eabi/lib/thumb/v7e-m/libg.a(lib_a-mprec.o)
                0x000000000800afb0                __hi0bits
 .text.__lo0bits
                0x000000000800aff0       0x60 /usr/bin/../lib/gcc/arm-none-eabi/7.3.1/../../../../arm-none-eabi/lib/thumb/v7e-m/libg.a(lib_a-mprec.o)
                0x000000000800aff0                __lo0bits
 .text.__i2b    0x000000000800b050       0x14 /usr/bin/../lib/gcc/arm-none-eabi/7.3.1/../../../../arm-none-eabi/lib/thumb/v7e-m/libg.a(lib_a-mprec.o)
                0x000000000800b050                __i2b
 .text.__multiply
                0x000000000800b064      0x14c /usr/bin/../lib/gcc/arm-none-eabi/7.3.1/../../../../arm-none-eabi/lib/thumb/v7e-m/libg.a(lib_a-mprec.o)
                0x000000000800b064                __multiply
 .text.__pow5mult
                0x000000000800b1b0       0xa0 /usr/bin/../lib/gcc/arm-none-eabi/7.3.1/../../../../arm-none-eabi/lib/thumb/v7e-m/libg.a(lib_a-mprec.o)
                0x000000000800b1b0                __pow5mult
 .text.__lshift
                0x000000000800b250       0xac /usr/bin/../lib/gcc/arm-none-eabi/7.3.1/../../../../arm-none-eabi/lib/thumb/v7e-m/libg.a(lib_a-mprec.o)
                0x000000000800b250                __lshift
 .text.__mcmp   0x000000000800b2fc       0x38 /usr/bin/../lib/gcc/arm-none-eabi/7.3.1/../../../../arm-none-eabi/lib/thumb/v7e-m/libg.a(lib_a-mprec.o)
                0x000000000800b2fc                __mcmp
 .text.__mdiff  0x000000000800b334       0xec /usr/bin/../lib/gcc/arm-none-eabi/7.3.1/../../../../arm-none-eabi/lib/thumb/v7e-m/libg.a(lib_a-mprec.o)
                0x000000000800b334                __mdiff
 .text.__ulp    0x000000000800b420       0x44 /usr/bin/../lib/gcc/arm-none-eabi/7.3.1/../../../../arm-none-eabi/lib/thumb/v7e-m/libg.a(lib_a-mprec.o)
                0x000000000800b420                __ulp
 .text.__b2d    0x000000000800b464       0xc0 /usr/bin/../lib/gcc/arm-none-eabi/7.3.1/../../../../arm-none-eabi/lib/thumb/v7e-m/libg.a(lib_a-mprec.o)
                0x000000000800b464                __b2d
 .text.__d2b    0x000000000800b524       0xb0 /usr/bin/../lib/gcc/arm-none-eabi/7.3.1/../../../../arm-none-eabi/lib/thumb/v7e-m/libg.a(lib_a-mprec.o)
                0x000000000800b524                __d2b
 .text.__ratio  0x000000000800b5d4       0x5c /usr/bin/../lib/gcc/arm-none-eabi/7.3.1/../../../../arm-none-eabi/lib/thumb/v7e-m/libg.a(lib_a-mprec.o)
                0x000000000800b5d4                __ratio
 .text._mprec_log10
                0x000000000800b630       0x38 /usr/bin/../lib/gcc/arm-none-eabi/7.3.1/../../../../arm-none-eabi/lib/thumb/v7e-m/libg.a(lib_a-mprec.o)
                0x000000000800b630                _mprec_log10
 .text.__copybits
                0x000000000800b668       0x48 /usr/bin/../lib/gcc/arm-none-eabi/7.3.1/../../../../arm-none-eabi/lib/thumb/v7e-m/libg.a(lib_a-mprec.o)
                0x000000000800b668                __copybits
 .text.__any_on
                0x000000000800b6b0       0x54 /usr/bin/../lib/gcc/arm-none-eabi/7.3.1/../../../../arm-none-eabi/lib/thumb/v7e-m/libg.a(lib_a-mprec.o)
                0x000000000800b6b0                __any_on
 .text          0x000000000800b704        0x0 /usr/bin/../lib/gcc/arm-none-eabi/7.3.1/../../../../arm-none-eabi/lib/thumb/v7e-m/libg.a(lib_a-s_frexp.o)
 .text.frexp    0x000000000800b704       0x64 /usr/bin/../lib/gcc/arm-none-eabi/7.3.1/../../../../arm-none-eabi/lib/thumb/v7e-m/libg.a(lib_a-s_frexp.o)
                0x000000000800b704                frexp
 .text          0x000000000800b768        0x0 /usr/bin/../lib/gcc/arm-none-eabi/7.3.1/../../../../arm-none-eabi/lib/thumb/v7e-m/libg.a(lib_a-sbrkr.o)
 .text._sbrk_r  0x000000000800b768       0x24 /usr/bin/../lib/gcc/arm-none-eabi/7.3.1/../../../../arm-none-eabi/lib/thumb/v7e-m/libg.a(lib_a-sbrkr.o)
                0x000000000800b768                _sbrk_r
 .text          0x000000000800b78c        0x0 /usr/bin/../lib/gcc/arm-none-eabi/7.3.1/../../../../arm-none-eabi/lib/thumb/v7e-m/libg.a(lib_a-stdio.o)
 .text.__sread  0x000000000800b78c       0x24 /usr/bin/../lib/gcc/arm-none-eabi/7.3.1/../../../../arm-none-eabi/lib/thumb/v7e-m/libg.a(lib_a-stdio.o)
                0x000000000800b78c                __sread
 .text.__seofread
                0x000000000800b7b0        0x4 /usr/bin/../lib/gcc/arm-none-eabi/7.3.1/../../../../arm-none-eabi/lib/thumb/v7e-m/libg.a(lib_a-stdio.o)
                0x000000000800b7b0                __seofread
 .text.__swrite
                0x000000000800b7b4       0x3c /usr/bin/../lib/gcc/arm-none-eabi/7.3.1/../../../../arm-none-eabi/lib/thumb/v7e-m/libg.a(lib_a-stdio.o)
                0x000000000800b7b4                __swrite
 .text.__sseek  0x000000000800b7f0       0x20 /usr/bin/../lib/gcc/arm-none-eabi/7.3.1/../../../../arm-none-eabi/lib/thumb/v7e-m/libg.a(lib_a-stdio.o)
                0x000000000800b7f0                __sseek
 .text.__sclose
                0x000000000800b810        0x8 /usr/bin/../lib/gcc/arm-none-eabi/7.3.1/../../../../arm-none-eabi/lib/thumb/v7e-m/libg.a(lib_a-stdio.o)
                0x000000000800b810                __sclose
 .text          0x000000000800b818        0x0 /usr/bin/../lib/gcc/arm-none-eabi/7.3.1/../../../../arm-none-eabi/lib/thumb/v7e-m/libg.a(lib_a-strncpy.o)
 .text.strncpy  0x000000000800b818       0x64 /usr/bin/../lib/gcc/arm-none-eabi/7.3.1/../../../../arm-none-eabi/lib/thumb/v7e-m/libg.a(lib_a-strncpy.o)
                0x000000000800b818                strncpy
 .text          0x000000000800b87c        0x0 /usr/bin/../lib/gcc/arm-none-eabi/7.3.1/../../../../arm-none-eabi/lib/thumb/v7e-m/libg.a(lib_a-vfiprintf.o)
 .text.__sprint_r.part.0
                0x000000000800b87c       0x78 /usr/bin/../lib/gcc/arm-none-eabi/7.3.1/../../../../arm-none-eabi/lib/thumb/v7e-m/libg.a(lib_a-vfiprintf.o)
 .text.__sprint_r
                0x000000000800b8f4       0x14 /usr/bin/../lib/gcc/arm-none-eabi/7.3.1/../../../../arm-none-eabi/lib/thumb/v7e-m/libg.a(lib_a-vfiprintf.o)
                0x000000000800b8f4                __sprint_r
 .text._vfiprintf_r
                0x000000000800b908      0xce4 /usr/bin/../lib/gcc/arm-none-eabi/7.3.1/../../../../arm-none-eabi/lib/thumb/v7e-m/libg.a(lib_a-vfiprintf.o)
                0x000000000800b908                _vfiprintf_r
 .text.vfiprintf
                0x000000000800c5ec       0x18 /usr/bin/../lib/gcc/arm-none-eabi/7.3.1/../../../../arm-none-eabi/lib/thumb/v7e-m/libg.a(lib_a-vfiprintf.o)
                0x000000000800c5ec                vfiprintf
 .text.__sbprintf
                0x000000000800c604       0x84 /usr/bin/../lib/gcc/arm-none-eabi/7.3.1/../../../../arm-none-eabi/lib/thumb/v7e-m/libg.a(lib_a-vfiprintf.o)
 .text          0x000000000800c688        0x0 /usr/bin/../lib/gcc/arm-none-eabi/7.3.1/../../../../arm-none-eabi/lib/thumb/v7e-m/libg.a(lib_a-writer.o)
 .text._write_r
                0x000000000800c688       0x2c /usr/bin/../lib/gcc/arm-none-eabi/7.3.1/../../../../arm-none-eabi/lib/thumb/v7e-m/libg.a(lib_a-writer.o)
                0x000000000800c688                _write_r
 .text          0x000000000800c6b4        0x0 /usr/bin/../lib/gcc/arm-none-eabi/7.3.1/../../../../arm-none-eabi/lib/thumb/v7e-m/libg.a(lib_a-callocr.o)
 .text._calloc_r
                0x000000000800c6b4       0x68 /usr/bin/../lib/gcc/arm-none-eabi/7.3.1/../../../../arm-none-eabi/lib/thumb/v7e-m/libg.a(lib_a-callocr.o)
                0x000000000800c6b4                _calloc_r
 .text          0x000000000800c71c        0x0 /usr/bin/../lib/gcc/arm-none-eabi/7.3.1/../../../../arm-none-eabi/lib/thumb/v7e-m/libg.a(lib_a-closer.o)
 .text._close_r
                0x000000000800c71c       0x24 /usr/bin/../lib/gcc/arm-none-eabi/7.3.1/../../../../arm-none-eabi/lib/thumb/v7e-m/libg.a(lib_a-closer.o)
                0x000000000800c71c                _close_r
 .text          0x000000000800c740        0x0 /usr/bin/../lib/gcc/arm-none-eabi/7.3.1/../../../../arm-none-eabi/lib/thumb/v7e-m/libg.a(lib_a-fclose.o)
 .text._fclose_r
                0x000000000800c740       0xd0 /usr/bin/../lib/gcc/arm-none-eabi/7.3.1/../../../../arm-none-eabi/lib/thumb/v7e-m/libg.a(lib_a-fclose.o)
                0x000000000800c740                _fclose_r
 .text.fclose   0x000000000800c810       0x10 /usr/bin/../lib/gcc/arm-none-eabi/7.3.1/../../../../arm-none-eabi/lib/thumb/v7e-m/libg.a(lib_a-fclose.o)
                0x000000000800c810                fclose
 .text          0x000000000800c820        0x0 /usr/bin/../lib/gcc/arm-none-eabi/7.3.1/../../../../arm-none-eabi/lib/thumb/v7e-m/libg.a(lib_a-fputwc.o)
 .text.__fputwc
                0x000000000800c820       0xa0 /usr/bin/../lib/gcc/arm-none-eabi/7.3.1/../../../../arm-none-eabi/lib/thumb/v7e-m/libg.a(lib_a-fputwc.o)
                0x000000000800c820                __fputwc
 .text._fputwc_r
                0x000000000800c8c0       0x64 /usr/bin/../lib/gcc/arm-none-eabi/7.3.1/../../../../arm-none-eabi/lib/thumb/v7e-m/libg.a(lib_a-fputwc.o)
                0x000000000800c8c0                _fputwc_r
 .text.fputwc   0x000000000800c924       0x38 /usr/bin/../lib/gcc/arm-none-eabi/7.3.1/../../../../arm-none-eabi/lib/thumb/v7e-m/libg.a(lib_a-fputwc.o)
                0x000000000800c924                fputwc
 .text          0x000000000800c95c        0x0 /usr/bin/../lib/gcc/arm-none-eabi/7.3.1/../../../../arm-none-eabi/lib/thumb/v7e-m/libg.a(lib_a-fstatr.o)
 .text._fstat_r
                0x000000000800c95c       0x28 /usr/bin/../lib/gcc/arm-none-eabi/7.3.1/../../../../arm-none-eabi/lib/thumb/v7e-m/libg.a(lib_a-fstatr.o)
                0x000000000800c95c                _fstat_r
 .text          0x000000000800c984        0x0 /usr/bin/../lib/gcc/arm-none-eabi/7.3.1/../../../../arm-none-eabi/lib/thumb/v7e-m/libg.a(lib_a-fvwrite.o)
 .text.__sfvwrite_r
                0x000000000800c984      0x2fc /usr/bin/../lib/gcc/arm-none-eabi/7.3.1/../../../../arm-none-eabi/lib/thumb/v7e-m/libg.a(lib_a-fvwrite.o)
                0x000000000800c984                __sfvwrite_r
 .text          0x000000000800cc80        0x0 /usr/bin/../lib/gcc/arm-none-eabi/7.3.1/../../../../arm-none-eabi/lib/thumb/v7e-m/libg.a(lib_a-isattyr.o)
 .text._isatty_r
                0x000000000800cc80       0x24 /usr/bin/../lib/gcc/arm-none-eabi/7.3.1/../../../../arm-none-eabi/lib/thumb/v7e-m/libg.a(lib_a-isattyr.o)
                0x000000000800cc80                _isatty_r
 .text          0x000000000800cca4        0x0 /usr/bin/../lib/gcc/arm-none-eabi/7.3.1/../../../../arm-none-eabi/lib/thumb/v7e-m/libg.a(lib_a-locale.o)
 .text._setlocale_r
                0x000000000800cca4       0x40 /usr/bin/../lib/gcc/arm-none-eabi/7.3.1/../../../../arm-none-eabi/lib/thumb/v7e-m/libg.a(lib_a-locale.o)
                0x000000000800cca4                _setlocale_r
 .text.__locale_mb_cur_max
                0x000000000800cce4       0x1c /usr/bin/../lib/gcc/arm-none-eabi/7.3.1/../../../../arm-none-eabi/lib/thumb/v7e-m/libg.a(lib_a-locale.o)
                0x000000000800cce4                __locale_mb_cur_max
 .text.__locale_ctype_ptr_l
                0x000000000800cd00        0x8 /usr/bin/../lib/gcc/arm-none-eabi/7.3.1/../../../../arm-none-eabi/lib/thumb/v7e-m/libg.a(lib_a-locale.o)
                0x000000000800cd00                __locale_ctype_ptr_l
 .text.__locale_ctype_ptr
                0x000000000800cd08       0x1c /usr/bin/../lib/gcc/arm-none-eabi/7.3.1/../../../../arm-none-eabi/lib/thumb/v7e-m/libg.a(lib_a-locale.o)
                0x000000000800cd08                __locale_ctype_ptr
 .text.setlocale
                0x000000000800cd24       0x10 /usr/bin/../lib/gcc/arm-none-eabi/7.3.1/../../../../arm-none-eabi/lib/thumb/v7e-m/libg.a(lib_a-locale.o)
                0x000000000800cd24                setlocale
 .text          0x000000000800cd34        0x0 /usr/bin/../lib/gcc/arm-none-eabi/7.3.1/../../../../arm-none-eabi/lib/thumb/v7e-m/libg.a(lib_a-lseekr.o)
 .text._lseek_r
                0x000000000800cd34       0x2c /usr/bin/../lib/gcc/arm-none-eabi/7.3.1/../../../../arm-none-eabi/lib/thumb/v7e-m/libg.a(lib_a-lseekr.o)
                0x000000000800cd34                _lseek_r
 .text          0x000000000800cd60        0x0 /usr/bin/../lib/gcc/arm-none-eabi/7.3.1/../../../../arm-none-eabi/lib/thumb/v7e-m/libg.a(lib_a-mbtowc_r.o)
 .text._mbtowc_r
                0x000000000800cd60       0x24 /usr/bin/../lib/gcc/arm-none-eabi/7.3.1/../../../../arm-none-eabi/lib/thumb/v7e-m/libg.a(lib_a-mbtowc_r.o)
                0x000000000800cd60                _mbtowc_r
 .text.__ascii_mbtowc
                0x000000000800cd84       0x2c /usr/bin/../lib/gcc/arm-none-eabi/7.3.1/../../../../arm-none-eabi/lib/thumb/v7e-m/libg.a(lib_a-mbtowc_r.o)
                0x000000000800cd84                __ascii_mbtowc
 .text          0x000000000800cdb0        0x0 /usr/bin/../lib/gcc/arm-none-eabi/7.3.1/../../../../arm-none-eabi/lib/thumb/v7e-m/libg.a(lib_a-memmove.o)
 .text.memmove  0x000000000800cdb0       0xc8 /usr/bin/../lib/gcc/arm-none-eabi/7.3.1/../../../../arm-none-eabi/lib/thumb/v7e-m/libg.a(lib_a-memmove.o)
                0x000000000800cdb0                memmove
 .text          0x000000000800ce78        0x0 /usr/bin/../lib/gcc/arm-none-eabi/7.3.1/../../../../arm-none-eabi/lib/thumb/v7e-m/libg.a(lib_a-readr.o)
 .text._read_r  0x000000000800ce78       0x2c /usr/bin/../lib/gcc/arm-none-eabi/7.3.1/../../../../arm-none-eabi/lib/thumb/v7e-m/libg.a(lib_a-readr.o)
                0x000000000800ce78                _read_r
 .text          0x000000000800cea4        0x0 /usr/bin/../lib/gcc/arm-none-eabi/7.3.1/../../../../arm-none-eabi/lib/thumb/v7e-m/libg.a(lib_a-reallocr.o)
 .text._realloc_r
                0x000000000800cea4      0x35c /usr/bin/../lib/gcc/arm-none-eabi/7.3.1/../../../../arm-none-eabi/lib/thumb/v7e-m/libg.a(lib_a-reallocr.o)
                0x000000000800cea4                _realloc_r
 .text          0x000000000800d200        0x0 /usr/bin/../lib/gcc/arm-none-eabi/7.3.1/../../../../arm-none-eabi/lib/thumb/v7e-m/libg.a(lib_a-reent.o)
 .text.cleanup_glue
                0x000000000800d200       0x28 /usr/bin/../lib/gcc/arm-none-eabi/7.3.1/../../../../arm-none-eabi/lib/thumb/v7e-m/libg.a(lib_a-reent.o)
                0x000000000800d200                cleanup_glue
 .text._reclaim_reent
                0x000000000800d228       0x88 /usr/bin/../lib/gcc/arm-none-eabi/7.3.1/../../../../arm-none-eabi/lib/thumb/v7e-m/libg.a(lib_a-reent.o)
                0x000000000800d228                _reclaim_reent
 *fill*         0x000000000800d2b0       0x10 
 .text          0x000000000800d2c0      0x2dc /usr/bin/../lib/gcc/arm-none-eabi/7.3.1/../../../../arm-none-eabi/lib/thumb/v7e-m/libg.a(lib_a-strcmp.o)
                0x000000000800d2c8                strcmp
 .text          0x000000000800d59c        0x0 /usr/bin/../lib/gcc/arm-none-eabi/7.3.1/../../../../arm-none-eabi/lib/thumb/v7e-m/libg.a(lib_a-wbuf.o)
 .text.__swbuf_r
                0x000000000800d59c       0xb0 /usr/bin/../lib/gcc/arm-none-eabi/7.3.1/../../../../arm-none-eabi/lib/thumb/v7e-m/libg.a(lib_a-wbuf.o)
                0x000000000800d59c                __swbuf_r
 .text.__swbuf  0x000000000800d64c       0x10 /usr/bin/../lib/gcc/arm-none-eabi/7.3.1/../../../../arm-none-eabi/lib/thumb/v7e-m/libg.a(lib_a-wbuf.o)
                0x000000000800d64c                __swbuf
 .text          0x000000000800d65c        0x0 /usr/bin/../lib/gcc/arm-none-eabi/7.3.1/../../../../arm-none-eabi/lib/thumb/v7e-m/libg.a(lib_a-wcrtomb.o)
 .text._wcrtomb_r
                0x000000000800d65c       0x50 /usr/bin/../lib/gcc/arm-none-eabi/7.3.1/../../../../arm-none-eabi/lib/thumb/v7e-m/libg.a(lib_a-wcrtomb.o)
                0x000000000800d65c                _wcrtomb_r
 .text.wcrtomb  0x000000000800d6ac       0x54 /usr/bin/../lib/gcc/arm-none-eabi/7.3.1/../../../../arm-none-eabi/lib/thumb/v7e-m/libg.a(lib_a-wcrtomb.o)
                0x000000000800d6ac                wcrtomb
 .text          0x000000000800d700        0x0 /usr/bin/../lib/gcc/arm-none-eabi/7.3.1/../../../../arm-none-eabi/lib/thumb/v7e-m/libg.a(lib_a-wctomb_r.o)
 .text._wctomb_r
                0x000000000800d700       0x24 /usr/bin/../lib/gcc/arm-none-eabi/7.3.1/../../../../arm-none-eabi/lib/thumb/v7e-m/libg.a(lib_a-wctomb_r.o)
                0x000000000800d700                _wctomb_r
 .text.__ascii_wctomb
                0x000000000800d724       0x1c /usr/bin/../lib/gcc/arm-none-eabi/7.3.1/../../../../arm-none-eabi/lib/thumb/v7e-m/libg.a(lib_a-wctomb_r.o)
                0x000000000800d724                __ascii_wctomb
 .text          0x000000000800d740        0x0 /usr/bin/../lib/gcc/arm-none-eabi/7.3.1/../../../../arm-none-eabi/lib/thumb/v7e-m/libg.a(lib_a-ctype_.o)
 .text          0x000000000800d740      0x378 /usr/bin/../lib/gcc/arm-none-eabi/7.3.1/thumb/v7e-m/libgcc.a(_arm_addsubdf3.o)
                0x000000000800d740                __aeabi_drsub
                0x000000000800d748                __aeabi_dsub
                0x000000000800d748                __subdf3
                0x000000000800d74c                __adddf3
                0x000000000800d74c                __aeabi_dadd
                0x000000000800d9c4                __aeabi_ui2d
                0x000000000800d9c4                __floatunsidf
                0x000000000800d9e4                __floatsidf
                0x000000000800d9e4                __aeabi_i2d
                0x000000000800da08                __extendsfdf2
                0x000000000800da08                __aeabi_f2d
                0x000000000800da4c                __aeabi_ul2d
                0x000000000800da4c                __floatundidf
                0x000000000800da5c                __floatdidf
                0x000000000800da5c                __aeabi_l2d
 .text          0x000000000800dab8      0x424 /usr/bin/../lib/gcc/arm-none-eabi/7.3.1/thumb/v7e-m/libgcc.a(_arm_muldivdf3.o)
                0x000000000800dab8                __aeabi_dmul
                0x000000000800dab8                __muldf3
                0x000000000800dd0c                __aeabi_ddiv
                0x000000000800dd0c                __divdf3
 .text          0x000000000800dedc      0x110 /usr/bin/../lib/gcc/arm-none-eabi/7.3.1/thumb/v7e-m/libgcc.a(_arm_cmpdf2.o)
                0x000000000800dedc                __gtdf2
                0x000000000800dedc                __gedf2
                0x000000000800dee4                __ltdf2
                0x000000000800dee4                __ledf2
                0x000000000800deec                __cmpdf2
                0x000000000800deec                __eqdf2
                0x000000000800deec                __nedf2
                0x000000000800df68                __aeabi_cdrcmple
                0x000000000800df78                __aeabi_cdcmple
                0x000000000800df78                __aeabi_cdcmpeq
                0x000000000800df88                __aeabi_dcmpeq
                0x000000000800df9c                __aeabi_dcmplt
                0x000000000800dfb0                __aeabi_dcmple
                0x000000000800dfc4                __aeabi_dcmpge
                0x000000000800dfd8                __aeabi_dcmpgt
 .text          0x000000000800dfec       0x2c /usr/bin/../lib/gcc/arm-none-eabi/7.3.1/thumb/v7e-m/libgcc.a(_arm_unorddf2.o)
                0x000000000800dfec                __aeabi_dcmpun
                0x000000000800dfec                __unorddf2
 .text          0x000000000800e018       0x50 /usr/bin/../lib/gcc/arm-none-eabi/7.3.1/thumb/v7e-m/libgcc.a(_arm_fixdfsi.o)
                0x000000000800e018                __fixdfsi
                0x000000000800e018                __aeabi_d2iz
 .text          0x000000000800e068       0x30 /usr/bin/../lib/gcc/arm-none-eabi/7.3.1/thumb/v7e-m/libgcc.a(_aeabi_uldivmod.o)
                0x000000000800e068                __aeabi_uldivmod
 .text          0x000000000800e098      0x2cc /usr/bin/../lib/gcc/arm-none-eabi/7.3.1/thumb/v7e-m/libgcc.a(_udivmoddi4.o)
                0x000000000800e098                __udivmoddi4
 .text          0x000000000800e364        0x4 /usr/bin/../lib/gcc/arm-none-eabi/7.3.1/thumb/v7e-m/libgcc.a(_dvmd_tls.o)
                0x000000000800e364                __aeabi_ldiv0
                0x000000000800e364                __aeabi_idiv0
 .text          0x000000000800e368        0x0 /usr/bin/../lib/gcc/arm-none-eabi/7.3.1/../../../../arm-none-eabi/lib/thumb/v7e-m/libnosys.a(close.o)
 .text._close   0x000000000800e368       0x10 /usr/bin/../lib/gcc/arm-none-eabi/7.3.1/../../../../arm-none-eabi/lib/thumb/v7e-m/libnosys.a(close.o)
                0x000000000800e368                _close
 .text          0x000000000800e378        0x0 /usr/bin/../lib/gcc/arm-none-eabi/7.3.1/../../../../arm-none-eabi/lib/thumb/v7e-m/libnosys.a(fstat.o)
 .text._fstat   0x000000000800e378       0x10 /usr/bin/../lib/gcc/arm-none-eabi/7.3.1/../../../../arm-none-eabi/lib/thumb/v7e-m/libnosys.a(fstat.o)
                0x000000000800e378                _fstat
 .text          0x000000000800e388        0x0 /usr/bin/../lib/gcc/arm-none-eabi/7.3.1/../../../../arm-none-eabi/lib/thumb/v7e-m/libnosys.a(isatty.o)
 .text._isatty  0x000000000800e388       0x10 /usr/bin/../lib/gcc/arm-none-eabi/7.3.1/../../../../arm-none-eabi/lib/thumb/v7e-m/libnosys.a(isatty.o)
                0x000000000800e388                _isatty
 .text          0x000000000800e398        0x0 /usr/bin/../lib/gcc/arm-none-eabi/7.3.1/../../../../arm-none-eabi/lib/thumb/v7e-m/libnosys.a(lseek.o)
 .text._lseek   0x000000000800e398       0x10 /usr/bin/../lib/gcc/arm-none-eabi/7.3.1/../../../../arm-none-eabi/lib/thumb/v7e-m/libnosys.a(lseek.o)
                0x000000000800e398                _lseek
 .text          0x000000000800e3a8        0x0 /usr/bin/../lib/gcc/arm-none-eabi/7.3.1/../../../../arm-none-eabi/lib/thumb/v7e-m/libnosys.a(read.o)
 .text._read    0x000000000800e3a8       0x10 /usr/bin/../lib/gcc/arm-none-eabi/7.3.1/../../../../arm-none-eabi/lib/thumb/v7e-m/libnosys.a(read.o)
                0x000000000800e3a8                _read
 .text          0x000000000800e3b8        0x0 /usr/bin/../lib/gcc/arm-none-eabi/7.3.1/../../../../arm-none-eabi/lib/thumb/v7e-m/libnosys.a(write.o)
 .text._write   0x000000000800e3b8       0x10 /usr/bin/../lib/gcc/arm-none-eabi/7.3.1/../../../../arm-none-eabi/lib/thumb/v7e-m/libnosys.a(write.o)
                0x000000000800e3b8                _write
 *(.init)
 *(.fini)
 *crtbegin.o(.ctors)
 *crtbegin?.o(.ctors)
 *(EXCLUDE_FILE(*crtend.o *crtend?.o) .ctors)
 *(SORT_BY_NAME(.ctors.*))
 *(.ctors)
 *crtbegin.o(.dtors)
 *crtbegin?.o(.dtors)
 *(EXCLUDE_FILE(*crtend.o *crtend?.o) .dtors)
 *(SORT_BY_NAME(.dtors.*))
 *(.dtors)
 *(.rodata .rodata.*)
 .rodata        0x000000000800e3c8      0x1fc build/main.o
                0x000000000800e534                clock_config
 .rodata        0x000000000800e5c4       0xda build/Descriptors.o
                0x000000000800e5c4                DeviceDescriptor
                0x000000000800e5d8                ConfigurationDescriptor
                0x000000000800e618                LanguageString
                0x000000000800e620                ManufacturerString
                0x000000000800e67c                ProductString
 *fill*         0x000000000800e69e        0x2 
 .rodata        0x000000000800e6a0       0x40 lib_build/xmc_usbd.o
                0x000000000800e6a0                Driver_USBD0
 .rodata        0x000000000800e6e0        0x8 lib_build/CDCClassDevice.o
 .rodata._global_impure_ptr
                0x000000000800e6e8        0x4 /usr/bin/../lib/gcc/arm-none-eabi/7.3.1/../../../../arm-none-eabi/lib/thumb/v7e-m/libg.a(lib_a-impure.o)