Archive member included to satisfy reference by file (symbol)

/usr/bin/../lib/gcc/arm-none-eabi/7.3.1/../../../../arm-none-eabi/lib/thumb/v7e-m/libg.a(lib_a-errno.o)
                              lib_build/syscalls.o (__errno)
/usr/bin/../lib/gcc/arm-none-eabi/7.3.1/../../../../arm-none-eabi/lib/thumb/v7e-m/libg.a(lib_a-impure.o)
                              /usr/bin/../lib/gcc/arm-none-eabi/7.3.1/../../../../arm-none-eabi/lib/thumb/v7e-m/libg.a(lib_a-errno.o) (_impure_ptr)
/usr/bin/../lib/gcc/arm-none-eabi/7.3.1/../../../../arm-none-eabi/lib/thumb/v7e-m/libg.a(lib_a-init.o)
                              lib_build/startup_XMC4500.o (__libc_init_array)
/usr/bin/../lib/gcc/arm-none-eabi/7.3.1/../../../../arm-none-eabi/lib/thumb/v7e-m/libg.a(lib_a-memcpy.o)
                              lib_build/xmc_usbd.o (memcpy)
/usr/bin/../lib/gcc/arm-none-eabi/7.3.1/../../../../arm-none-eabi/lib/thumb/v7e-m/libg.a(lib_a-memset.o)
                              build/main.o (memset)
/usr/bin/../lib/gcc/arm-none-eabi/7.3.1/../../../../arm-none-eabi/lib/thumb/v7e-m/libg.a(lib_a-printf.o)
                              build/main.o (printf)
/usr/bin/../lib/gcc/arm-none-eabi/7.3.1/../../../../arm-none-eabi/lib/thumb/v7e-m/libg.a(lib_a-putchar.o)
                              build/main.o (putchar)
/usr/bin/../lib/gcc/arm-none-eabi/7.3.1/../../../../arm-none-eabi/lib/thumb/v7e-m/libg.a(lib_a-strlen.o)
                              build/main.o (strlen)
/usr/bin/../lib/gcc/arm-none-eabi/7.3.1/../../../../arm-none-eabi/lib/thumb/v7e-m/libg.a(lib_a-vfprintf.o)
                              /usr/bin/../lib/gcc/arm-none-eabi/7.3.1/../../../../arm-none-eabi/lib/thumb/v7e-m/libg.a(lib_a-printf.o) (_vfprintf_r)
/usr/bin/../lib/gcc/arm-none-eabi/7.3.1/../../../../arm-none-eabi/lib/thumb/v7e-m/libg.a(lib_a-wsetup.o)
                              /usr/bin/../lib/gcc/arm-none-eabi/7.3.1/../../../../arm-none-eabi/lib/thumb/v7e-m/libg.a(lib_a-vfprintf.o) (__swsetup_r)
/usr/bin/../lib/gcc/arm-none-eabi/7.3.1/../../../../arm-none-eabi/lib/thumb/v7e-m/libg.a(lib_a-dtoa.o)
                              /usr/bin/../lib/gcc/arm-none-eabi/7.3.1/../../../../arm-none-eabi/lib/thumb/v7e-m/libg.a(lib_a-vfprintf.o) (_dtoa_r)
/usr/bin/../lib/gcc/arm-none-eabi/7.3.1/../../../../arm-none-eabi/lib/thumb/v7e-m/libg.a(lib_a-fflush.o)
                              /usr/bin/../lib/gcc/arm-none-eabi/7.3.1/../../../../arm-none-eabi/lib/thumb/v7e-m/libg.a(lib_a-vfprintf.o) (_fflush_r)
/usr/bin/../lib/gcc/arm-none-eabi/7.3.1/../../../../arm-none-eabi/lib/thumb/v7e-m/libg.a(lib_a-findfp.o)
                              /usr/bin/../lib/gcc/arm-none-eabi/7.3.1/../../../../arm-none-eabi/lib/thumb/v7e-m/libg.a(lib_a-vfprintf.o) (__sinit)
/usr/bin/../lib/gcc/arm-none-eabi/7.3.1/../../../../arm-none-eabi/lib/thumb/v7e-m/libg.a(lib_a-freer.o)
                              /usr/bin/../lib/gcc/arm-none-eabi/7.3.1/../../../../arm-none-eabi/lib/thumb/v7e-m/libg.a(lib_a-vfprintf.o) (_free_r)
/usr/bin/../lib/gcc/arm-none-eabi/7.3.1/../../../../arm-none-eabi/lib/thumb/v7e-m/libg.a(lib_a-fwalk.o)
                              /usr/bin/../lib/gcc/arm-none-eabi/7.3.1/../../../../arm-none-eabi/lib/thumb/v7e-m/libg.a(lib_a-findfp.o) (_fwalk)
/usr/bin/../lib/gcc/arm-none-eabi/7.3.1/../../../../arm-none-eabi/lib/thumb/v7e-m/libg.a(lib_a-localeconv.o)
                              /usr/bin/../lib/gcc/arm-none-eabi/7.3.1/../../../../arm-none-eabi/lib/thumb/v7e-m/libg.a(lib_a-vfprintf.o) (_localeconv_r)
/usr/bin/../lib/gcc/arm-none-eabi/7.3.1/../../../../arm-none-eabi/lib/thumb/v7e-m/libg.a(lib_a-lock.o)
                              /usr/bin/../lib/gcc/arm-none-eabi/7.3.1/../../../../arm-none-eabi/lib/thumb/v7e-m/libg.a(lib_a-vfprintf.o) (__retarget_lock_init_recursive)
/usr/bin/../lib/gcc/arm-none-eabi/7.3.1/../../../../arm-none-eabi/lib/thumb/v7e-m/libg.a(lib_a-makebuf.o)
                              /usr/bin/../lib/gcc/arm-none-eabi/7.3.1/../../../../arm-none-eabi/lib/thumb/v7e-m/libg.a(lib_a-wsetup.o) (__smakebuf_r)
/usr/bin/../lib/gcc/arm-none-eabi/7.3.1/../../../../arm-none-eabi/lib/thumb/v7e-m/libg.a(lib_a-mallocr.o)
                              /usr/bin/../lib/gcc/arm-none-eabi/7.3.1/../../../../arm-none-eabi/lib/thumb/v7e-m/libg.a(lib_a-vfprintf.o) (_malloc_r)
/usr/bin/../lib/gcc/arm-none-eabi/7.3.1/../../../../arm-none-eabi/lib/thumb/v7e-m/libg.a(lib_a-memchr.o)
                              /usr/bin/../lib/gcc/arm-none-eabi/7.3.1/../../../../arm-none-eabi/lib/thumb/v7e-m/libg.a(lib_a-vfprintf.o) (memchr)
/usr/bin/../lib/gcc/arm-none-eabi/7.3.1/../../../../arm-none-eabi/lib/thumb/v7e-m/libg.a(lib_a-mlock.o)
                              /usr/bin/../lib/gcc/arm-none-eabi/7.3.1/../../../../arm-none-eabi/lib/thumb/v7e-m/libg.a(lib_a-freer.o) (__malloc_lock)
/usr/bin/../lib/gcc/arm-none-eabi/7.3.1/../../../../arm-none-eabi/lib/thumb/v7e-m/libg.a(lib_a-mprec.o)
[...]
Memory Configuration

Name             Origin             Length             Attributes
FLASH_1_cached   0x0000000008000000 0x0000000000100000 xr
FLASH_1_uncached 0x000000000c000000 0x0000000000100000 xr
PSRAM_1          0x0000000010000000 0x0000000000010000 !xr
DSRAM_1_system   0x0000000020000000 0x0000000000010000 !xr
DSRAM_2_comm     0x0000000030000000 0x0000000000008000 !xr
*default*        0x0000000000000000 0xffffffffffffffff

Linker script and memory map

LOAD build/main.o
LOAD build/VirtualSerial.o
LOAD build/Descriptors.o
LOAD lib_build/USBController_XMC4000.o
LOAD lib_build/xmc_usbd.o
LOAD lib_build/CDCClassDevice.o
LOAD lib_build/USBTask.o
LOAD lib_build/Endpoint_XMC4000.o
LOAD lib_build/xmc4_scu.o
LOAD lib_build/EndpointStream_XMC4000.o
LOAD lib_build/memcpy.o
LOAD lib_build/xmc_gpio.o
LOAD lib_build/xmc4_gpio.o
LOAD lib_build/startup_XMC4500.o
LOAD lib_build/system_XMC4500.o
LOAD lib_build/syscalls.o
LOAD /usr/bin/../lib/gcc/arm-none-eabi/7.3.1/../../../../arm-none-eabi/lib/thumb/v7e-m/libm.a
START GROUP
LOAD /usr/bin/../lib/gcc/arm-none-eabi/7.3.1/thumb/v7e-m/libgcc.a
LOAD /usr/bin/../lib/gcc/arm-none-eabi/7.3.1/../../../../arm-none-eabi/lib/thumb/v7e-m/libg.a
LOAD /usr/bin/../lib/gcc/arm-none-eabi/7.3.1/../../../../arm-none-eabi/lib/thumb/v7e-m/libc.a
END GROUP
START GROUP
LOAD /usr/bin/../lib/gcc/arm-none-eabi/7.3.1/thumb/v7e-m/libgcc.a
LOAD /usr/bin/../lib/gcc/arm-none-eabi/7.3.1/../../../../arm-none-eabi/lib/thumb/v7e-m/libc.a
LOAD /usr/bin/../lib/gcc/arm-none-eabi/7.3.1/../../../../arm-none-eabi/lib/thumb/v7e-m/libnosys.a
END GROUP
                0x0000000000000800                stack_size = DEFINED (stack_size)?stack_size:0x800
                0x0000000000000040                no_init_size = 0x40

.text           0x0000000008000000     0xe650 load address 0x000000000c000000
                0x0000000008000000                sText = .
 *(.reset)
 .reset         0x0000000008000000      0x2b2 lib_build/startup_XMC4500.o
                0x0000000008000000                __Vectors
                0x0000000008000200                Reset_Handler
                0x00000000080002b0                VADC0_C0_3_IRQHandler
                0x00000000080002b0                DSD0_7_IRQHandler
                0x00000000080002b0                DebugMon_Handler
                0x00000000080002b0                VADC0_C0_0_IRQHandler
                0x00000000080002b0                CAN0_4_IRQHandler
                0x00000000080002b0                VADC0_G2_0_IRQHandler
                0x00000000080002b0                USIC0_5_IRQHandler
                0x00000000080002b0                POSIF0_0_IRQHandler
                0x00000000080002b0                POSIF1_0_IRQHandler
                0x00000000080002b0                HardFault_Handler
                0x00000000080002b0                VADC0_G1_1_IRQHandler
                0x00000000080002b0                PendSV_Handler
                0x00000000080002b0                NMI_Handler
                0x00000000080002b0                USIC1_3_IRQHandler
                0x00000000080002b0                CCU40_2_IRQHandler
                0x00000000080002b0                SCU_0_IRQHandler
                0x00000000080002b0                ERU0_0_IRQHandler
                0x00000000080002b0                CCU41_0_IRQHandler
                0x00000000080002b0                USIC1_5_IRQHandler
                0x00000000080002b0                DSD0_4_IRQHandler
                0x00000000080002b0                CCU80_1_IRQHandler
                0x00000000080002b0                CCU81_0_IRQHandler
                0x00000000080002b0                UsageFault_Handler
                0x00000000080002b0                USIC0_0_IRQHandler
                0x00000000080002b0                POSIF1_1_IRQHandler
                0x00000000080002b0                ERU0_2_IRQHandler
                0x00000000080002b0                CCU81_1_IRQHandler
                0x00000000080002b0                ERU1_1_IRQHandler
                0x00000000080002b0                VADC0_G2_3_IRQHandler
                0x00000000080002b0                VADC0_G2_2_IRQHandler
                0x00000000080002b0                CCU42_3_IRQHandler
                0x00000000080002b0                ERU0_3_IRQHandler
                0x00000000080002b0                DSD0_5_IRQHandler
                0x00000000080002b0                CAN0_6_IRQHandler
                0x00000000080002b0                CCU43_0_IRQHandler
                0x00000000080002b0                VADC0_G0_1_IRQHandler
                0x00000000080002b0                CCU81_2_IRQHandler
                0x00000000080002b0                USIC2_4_IRQHandler
                0x00000000080002b0                CCU81_3_IRQHandler
                0x00000000080002b0                CCU42_1_IRQHandler
                0x00000000080002b0                USIC1_1_IRQHandler
                0x00000000080002b0                USIC2_5_IRQHandler
                0x00000000080002b0                CCU40_0_IRQHandler
                0x00000000080002b0                CAN0_0_IRQHandler
                0x00000000080002b0                ERU1_0_IRQHandler
                0x00000000080002b0                CCU42_2_IRQHandler
                0x00000000080002b0                Default_Handler
                0x00000000080002b0                USIC1_4_IRQHandler
                0x00000000080002b0                ERU1_3_IRQHandler
                0x00000000080002b0                USIC1_0_IRQHandler
                0x00000000080002b0                POSIF0_1_IRQHandler
                0x00000000080002b0                VADC0_G0_0_IRQHandler
                0x00000000080002b0                DSD0_2_IRQHandler
                0x00000000080002b0                CCU80_3_IRQHandler
                0x00000000080002b0                CCU41_3_IRQHandler
                0x00000000080002b0                CCU80_2_IRQHandler
                0x00000000080002b0                VADC0_G1_3_IRQHandler
                0x00000000080002b0                VADC0_G0_3_IRQHandler
                0x00000000080002b0                GPDMA0_0_IRQHandler
                0x00000000080002b0                PMU0_0_IRQHandler
                0x00000000080002b0                CAN0_7_IRQHandler
                0x00000000080002b0                DSD0_1_IRQHandler
                0x00000000080002b0                CCU41_2_IRQHandler
                0x00000000080002b0                VADC0_C0_1_IRQHandler
                0x00000000080002b0                CCU43_2_IRQHandler
                0x00000000080002b0                USIC2_2_IRQHandler
                0x00000000080002b0                MemManage_Handler
                0x00000000080002b0                VADC0_G3_1_IRQHandler
                0x00000000080002b0                DAC0_0_IRQHandler
                0x00000000080002b0                SVC_Handler
                0x00000000080002b0                VADC0_G3_3_IRQHandler
                0x00000000080002b0                ERU1_2_IRQHandler
                0x00000000080002b0                CCU41_1_IRQHandler
                0x00000000080002b0                DSD0_6_IRQHandler
                0x00000000080002b0                CCU43_1_IRQHandler
                0x00000000080002b0                VADC0_G1_2_IRQHandler
                0x00000000080002b0                USIC2_3_IRQHandler
                0x00000000080002b0                CAN0_2_IRQHandler
                0x00000000080002b0                USIC2_0_IRQHandler
                0x00000000080002b0                VADC0_G0_2_IRQHandler
                0x00000000080002b0                VADC0_G2_1_IRQHandler
                0x00000000080002b0                CAN0_3_IRQHandler
                0x00000000080002b0                ETH0_0_IRQHandler
                0x00000000080002b0                USIC0_3_IRQHandler
                0x00000000080002b0                DSD0_0_IRQHandler
                0x00000000080002b0                VADC0_C0_2_IRQHandler
                0x00000000080002b0                CCU42_0_IRQHandler
                0x00000000080002b0                FCE0_0_IRQHandler
                0x00000000080002b0                VADC0_G1_0_IRQHandler
                0x00000000080002b0                CAN0_5_IRQHandler
                0x00000000080002b0                CCU80_0_IRQHandler
                0x00000000080002b0                CCU40_1_IRQHandler
                0x00000000080002b0                USIC2_1_IRQHandler
                0x00000000080002b0                USIC0_1_IRQHandler
                0x00000000080002b0                VADC0_G3_2_IRQHandler
                0x00000000080002b0                CCU40_3_IRQHandler
                0x00000000080002b0                BusFault_Handler
                0x00000000080002b0                LEDTS0_0_IRQHandler
                0x00000000080002b0                USIC0_4_IRQHandler
                0x00000000080002b0                CCU43_3_IRQHandler
                0x00000000080002b0                ERU0_1_IRQHandler
                0x00000000080002b0                VADC0_G3_0_IRQHandler
                0x00000000080002b0                USIC1_2_IRQHandler
                0x00000000080002b0                DSD0_3_IRQHandler
                0x00000000080002b0                SDMMC0_0_IRQHandler
                0x00000000080002b0                CAN0_1_IRQHandler
                0x00000000080002b0                USIC0_2_IRQHandler
                0x00000000080002b0                DAC0_1_IRQHandler
                0x00000000080002b0                GPDMA1_0_IRQHandler
 *(.text .text.* .gnu.linkonce.t.*)
 .text          0x00000000080002b2        0x0 build/main.o
 *fill*         0x00000000080002b2        0x2 
 .text.__NVIC_SetPriority
                0x00000000080002b4       0x54 build/main.o
 .text.SysTick_Config
                0x0000000008000308       0x44 build/main.o
 .text.XMC_GPIO_SetOutputLow
                0x000000000800034c       0x24 build/main.o
 .text.XMC_GPIO_ToggleOutput
                0x0000000008000370       0x24 build/main.o
 .text.XMC_GPIO_GetInput
                0x0000000008000394       0x26 build/main.o
 *fill*         0x00000000080003ba        0x2 
 .text.ascii_to_morse
                0x00000000080003bc      0x7e0 build/main.o
                0x00000000080003bc                ascii_to_morse
 .text.SysTick_Handler
                0x0000000008000b9c       0xf8 build/main.o
                0x0000000008000b9c                SysTick_Handler
 .text.translate_to_morse
                0x0000000008000c94       0x50 build/main.o
                0x0000000008000c94                translate_to_morse
 .text.SystemCoreClockSetup
                0x0000000008000ce4       0x34 build/main.o
                0x0000000008000ce4                SystemCoreClockSetup
 .text.main     0x0000000008000d18      0x104 build/main.o
                0x0000000008000d18                main
 .text          0x0000000008000e1c        0x0 build/VirtualSerial.o
 .text.__NVIC_GetPriorityGrouping
                0x0000000008000e1c       0x1c build/VirtualSerial.o
 .text.__NVIC_EnableIRQ
                0x0000000008000e38       0x3c build/VirtualSerial.o
 .text.__NVIC_ClearPendingIRQ
                0x0000000008000e74       0x3c build/VirtualSerial.o
 .text.__NVIC_SetPriority
                0x0000000008000eb0       0x54 build/VirtualSerial.o
 .text.NVIC_EncodePriority
                0x0000000008000f04       0x66 build/VirtualSerial.o
 *fill*         0x0000000008000f6a        0x2 
 .text.USB0_0_IRQHandler
                0x0000000008000f6c       0x14 build/VirtualSerial.o
                0x0000000008000f6c                USB0_0_IRQHandler
 .text.USB_Init
                0x0000000008000f80       0x58 build/VirtualSerial.o
                0x0000000008000f80                USB_Init
 .text.EVENT_USB_Device_Connect
                0x0000000008000fd8        0xe build/VirtualSerial.o
                0x0000000008000fd8                EVENT_USB_Device_Connect
 .text.EVENT_USB_Device_Disconnect
                0x0000000008000fe6        0xe build/VirtualSerial.o
                0x0000000008000fe6                EVENT_USB_Device_Disconnect
 .text.EVENT_USB_Device_Reset
                0x0000000008000ff4       0x30 build/VirtualSerial.o
                0x0000000008000ff4                EVENT_USB_Device_Reset
 .text.EVENT_USB_Device_ConfigurationChanged
                0x0000000008001024       0x50 build/VirtualSerial.o
                0x0000000008001024                EVENT_USB_Device_ConfigurationChanged
 .text.EVENT_USB_Device_ControlRequest
                0x0000000008001074       0x14 build/VirtualSerial.o
                0x0000000008001074                EVENT_USB_Device_ControlRequest
 .text.EVENT_USB_Device_StartOfFrame
                0x0000000008001088        0xe build/VirtualSerial.o
                0x0000000008001088                EVENT_USB_Device_StartOfFrame
 .text.EVENT_USB_Device_WakeUp
                0x0000000008001096        0xe build/VirtualSerial.o
                0x0000000008001096                EVENT_USB_Device_WakeUp
 .text.EVENT_USB_Device_Suspend
                0x00000000080010a4        0xe build/VirtualSerial.o
                0x00000000080010a4                EVENT_USB_Device_Suspend
 .text          0x00000000080010b2        0x0 build/Descriptors.o
 *fill*         0x00000000080010b2        0x2 
 .text.CALLBACK_USB_GetDescriptor
                0x00000000080010b4       0xa0 build/Descriptors.o
                0x00000000080010b4                CALLBACK_USB_GetDescriptor
 .text          0x0000000008001154        0x0 lib_build/USBController_XMC4000.o
 .text.USBD_HandleEP0_Stall
                0x0000000008001154       0x2c lib_build/USBController_XMC4000.o
                0x0000000008001154                USBD_HandleEP0_Stall
 .text.USB_Device_ProcessControlRequest
                0x0000000008001180      0x43c lib_build/USBController_XMC4000.o
                0x0000000008001180                USB_Device_ProcessControlRequest
 .text.USBD_HandleEP0_IN
                0x00000000080015bc       0x4c lib_build/USBController_XMC4000.o
                0x00000000080015bc                USBD_HandleEP0_IN
 .text.USBD_HandleEP0_OUT
                0x0000000008001608       0x54 lib_build/USBController_XMC4000.o
                0x0000000008001608                USBD_HandleEP0_OUT
 .text.USBD_HandleEP0_SETUP
                0x000000000800165c       0x94 lib_build/USBController_XMC4000.o
                0x000000000800165c                USBD_HandleEP0_SETUP
 .text.USBD_SignalDeviceEventHandler
                0x00000000080016f0      0x228 lib_build/USBController_XMC4000.o
                0x00000000080016f0                USBD_SignalDeviceEventHandler
 .text.USBD_SignalEndpointEvent_Handler
                0x0000000008001918      0x19c lib_build/USBController_XMC4000.o
                0x0000000008001918                USBD_SignalEndpointEvent_Handler
 .text.USBD_Initialize
                0x0000000008001ab4       0xcc lib_build/USBController_XMC4000.o
                0x0000000008001ab4                USBD_Initialize
 .text.USB_IsEnumDone
                0x0000000008001b80       0x20 lib_build/USBController_XMC4000.o
                0x0000000008001b80                USB_IsEnumDone
 .text.USBD_SetEndpointBuffer
                0x0000000008001ba0       0x7c lib_build/USBController_XMC4000.o
                0x0000000008001ba0                USBD_SetEndpointBuffer
 .text          0x0000000008001c1c        0x0 lib_build/xmc_usbd.o
 .text.XMC_USBD_lDeviceActive
                0x0000000008001c1c       0x68 lib_build/xmc_usbd.o
                0x0000000008001c1c                XMC_USBD_lDeviceActive
 .text.XMC_USBD_lReadFifo
                0x0000000008001c84       0xe8 lib_build/xmc_usbd.o
 .text.XMC_USBD_lWriteFifo
                0x0000000008001d6c       0xa4 lib_build/xmc_usbd.o
 .text.XMC_USBD_lFlushTXFifo
                0x0000000008001e10       0x7c lib_build/xmc_usbd.o
 .text.XMC_USBD_lFlushRXFifo
                0x0000000008001e8c       0x68 lib_build/xmc_usbd.o
 .text.XMC_USBD_lAssignTXFifo
                0x0000000008001ef4       0x70 lib_build/xmc_usbd.o
 .text.XMC_USBD_lUnassignFifo
                0x0000000008001f64       0x38 lib_build/xmc_usbd.o
 .text.XMC_USBD_lStartReadXfer
                0x0000000008001f9c      0x178 lib_build/xmc_usbd.o
 .text.XMC_USBD_lStartWriteXfer
                0x0000000008002114      0x198 lib_build/xmc_usbd.o
 .text.XMC_USBD_lHandleUSBReset
                0x00000000080022ac      0x150 lib_build/xmc_usbd.o
 .text.XMC_USBD_lHandleOTGInt
                0x00000000080023fc       0x48 lib_build/xmc_usbd.o
 .text.XMC_USBD_lHandleEnumDone
                0x0000000008002444       0x78 lib_build/xmc_usbd.o
 .text.XMC_USBD_lHandleOEPInt
                0x00000000080024bc      0x1bc lib_build/xmc_usbd.o
 .text.XMC_USBD_lHandleIEPInt
                0x0000000008002678      0x1bc lib_build/xmc_usbd.o
 .text.XMC_USBD_lHandleRxFLvl
                0x0000000008002834       0x84 lib_build/xmc_usbd.o
 .text.XMC_USBD_IRQHandler
                0x00000000080028b8      0x150 lib_build/xmc_usbd.o
                0x00000000080028b8                XMC_USBD_IRQHandler
 .text.XMC_USBD_Enable
                0x0000000008002a08       0x18 lib_build/xmc_usbd.o
                0x0000000008002a08                XMC_USBD_Enable
 .text.XMC_USBD_Disable
                0x0000000008002a20       0x18 lib_build/xmc_usbd.o
                0x0000000008002a20                XMC_USBD_Disable
 .text.XMC_USBD_ClearEvent
                0x0000000008002a38       0xcc lib_build/xmc_usbd.o
                0x0000000008002a38                XMC_USBD_ClearEvent
 .text.XMC_USBD_lClearEventOTG
                0x0000000008002b04       0x2c lib_build/xmc_usbd.o
 .text.XMC_USBD_ClearEventINEP
                0x0000000008002b30       0x30 lib_build/xmc_usbd.o
                0x0000000008002b30                XMC_USBD_ClearEventINEP
 .text.XMC_USBD_ClearEventOUTEP
                0x0000000008002b60       0x30 lib_build/xmc_usbd.o
                0x0000000008002b60                XMC_USBD_ClearEventOUTEP
 .text.XMC_USBD_EnableEventOUTEP
                0x0000000008002b90       0x30 lib_build/xmc_usbd.o
                0x0000000008002b90                XMC_USBD_EnableEventOUTEP
 .text.XMC_USBD_EnableEventINEP
                0x0000000008002bc0       0x30 lib_build/xmc_usbd.o
                0x0000000008002bc0                XMC_USBD_EnableEventINEP
 .text.XMC_USBD_GetCapabilities
                0x0000000008002bf0       0x68 lib_build/xmc_usbd.o
                0x0000000008002bf0                XMC_USBD_GetCapabilities
 .text.XMC_USBD_Init
                0x0000000008002c58      0x23c lib_build/xmc_usbd.o
                0x0000000008002c58                XMC_USBD_Init
 .text.XMC_USBD_Uninitialize
                0x0000000008002e94       0x3c lib_build/xmc_usbd.o
                0x0000000008002e94                XMC_USBD_Uninitialize
 .text.XMC_USBD_DeviceConnect
                0x0000000008002ed0       0x34 lib_build/xmc_usbd.o
                0x0000000008002ed0                XMC_USBD_DeviceConnect
 .text.XMC_USBD_DeviceDisconnect
                0x0000000008002f04       0x34 lib_build/xmc_usbd.o
                0x0000000008002f04                XMC_USBD_DeviceDisconnect
 .text.XMC_USBD_DeviceGetState
                0x0000000008002f38       0x64 lib_build/xmc_usbd.o
                0x0000000008002f38                XMC_USBD_DeviceGetState
 .text.XMC_USBD_EndpointReadStart
                0x0000000008002f9c       0x88 lib_build/xmc_usbd.o
                0x0000000008002f9c                XMC_USBD_EndpointReadStart
 .text.XMC_USBD_EndpointRead
                0x0000000008003024       0x78 lib_build/xmc_usbd.o
                0x0000000008003024                XMC_USBD_EndpointRead
 .text.XMC_USBD_EndpointWrite
                0x000000000800309c       0xa4 lib_build/xmc_usbd.o
                0x000000000800309c                XMC_USBD_EndpointWrite
 .text.XMC_USBD_DeviceSetAddress
                0x0000000008003140       0x4c lib_build/xmc_usbd.o
                0x0000000008003140                XMC_USBD_DeviceSetAddress
 .text.XMC_USBD_EndpointStall
                0x000000000800318c      0x14c lib_build/xmc_usbd.o
                0x000000000800318c                XMC_USBD_EndpointStall
 .text.XMC_USBD_EndpointAbort
                0x00000000080032d8       0x88 lib_build/xmc_usbd.o
                0x00000000080032d8                XMC_USBD_EndpointAbort
 .text.XMC_USBD_EndpointConfigure
                0x0000000008003360      0x2e8 lib_build/xmc_usbd.o
                0x0000000008003360                XMC_USBD_EndpointConfigure
 .text.XMC_USBD_EndpointUnconfigure
                0x0000000008003648      0x170 lib_build/xmc_usbd.o
                0x0000000008003648                XMC_USBD_EndpointUnconfigure
 .text.XMC_USBD_GetFrameNumber
                0x00000000080037b8       0x2c lib_build/xmc_usbd.o
                0x00000000080037b8                XMC_USBD_GetFrameNumber
 .text.XMC_USBD_IsEnumDone
                0x00000000080037e4       0x38 lib_build/xmc_usbd.o
                0x00000000080037e4                XMC_USBD_IsEnumDone
 .text          0x000000000800381c        0x0 lib_build/CDCClassDevice.o
 .text.CDC_Device_ProcessControlRequest
                0x000000000800381c      0x200 lib_build/CDCClassDevice.o
                0x000000000800381c                CDC_Device_ProcessControlRequest
 .text.CDC_Device_ConfigureEndpoints
                0x0000000008003a1c       0x86 lib_build/CDCClassDevice.o
                0x0000000008003a1c                CDC_Device_ConfigureEndpoints
 *fill*         0x0000000008003aa2        0x2 
 .text.CDC_Device_USBTask
                0x0000000008003aa4       0x98 lib_build/CDCClassDevice.o
                0x0000000008003aa4                CDC_Device_USBTask
 .text.CDC_Device_SendString
                0x0000000008003b3c       0x68 lib_build/CDCClassDevice.o
                0x0000000008003b3c                CDC_Device_SendString
 .text.CDC_Device_SendData
                0x0000000008003ba4       0x64 lib_build/CDCClassDevice.o
                0x0000000008003ba4                CDC_Device_SendData
 .text.CDC_Device_SendByte
                0x0000000008003c08       0x84 lib_build/CDCClassDevice.o
                0x0000000008003c08                CDC_Device_SendByte
 .text.CDC_Device_Flush
                0x0000000008003c8c       0xcc lib_build/CDCClassDevice.o
                0x0000000008003c8c                CDC_Device_Flush
 .text.CDC_Device_BytesReceived
                0x0000000008003d58       0xf4 lib_build/CDCClassDevice.o
                0x0000000008003d58                CDC_Device_BytesReceived
 .text.CDC_Device_ReceiveByte
                0x0000000008003e4c      0x104 lib_build/CDCClassDevice.o
                0x0000000008003e4c                CDC_Device_ReceiveByte
 .text.CDC_Device_SendControlLineStateChange
                0x0000000008003f50       0x80 lib_build/CDCClassDevice.o
                0x0000000008003f50                CDC_Device_SendControlLineStateChange
 .text.EVENT_CDC_Device_LineEncodingChanged
                0x0000000008003fd0       0x14 lib_build/CDCClassDevice.o
                0x0000000008003fd0                EVENT_CDC_Device_LineEncodingChanged
 .text.EVENT_CDC_Device_ControLineStateChanged
                0x0000000008003fe4       0x14 lib_build/CDCClassDevice.o
                0x0000000008003fe4                EVENT_CDC_Device_ControLineStateChanged
 .text.EVENT_CDC_Device_BreakSent
                0x0000000008003ff8       0x18 lib_build/CDCClassDevice.o
                0x0000000008003ff8                EVENT_CDC_Device_BreakSent
 .text          0x0000000008004010        0x0 lib_build/USBTask.o
 .text.USB_USBTask
                0x0000000008004010        0xc lib_build/USBTask.o
                0x0000000008004010                USB_USBTask
 .text.USB_DeviceTask
                0x000000000800401c       0x84 lib_build/USBTask.o
 .text          0x00000000080040a0        0x0 lib_build/Endpoint_XMC4000.o
 .text.__NVIC_EnableIRQ
                0x00000000080040a0       0x3c lib_build/Endpoint_XMC4000.o
 .text.__NVIC_DisableIRQ
                0x00000000080040dc       0x44 lib_build/Endpoint_XMC4000.o
 .text.Endpoint_WaitUntilReady
                0x0000000008004120      0x124 lib_build/Endpoint_XMC4000.o
                0x0000000008004120                Endpoint_WaitUntilReady
 .text.Endpoint_ClearOUT
                0x0000000008004244       0x98 lib_build/Endpoint_XMC4000.o
                0x0000000008004244                Endpoint_ClearOUT
 .text.Endpoint_ClearIN
                0x00000000080042dc       0xf0 lib_build/Endpoint_XMC4000.o
                0x00000000080042dc                Endpoint_ClearIN
 .text.Endpoint_IsReadWriteAllowed
                0x00000000080043cc       0x64 lib_build/Endpoint_XMC4000.o
                0x00000000080043cc                Endpoint_IsReadWriteAllowed
 .text.Endpoint_Write_8
                0x0000000008004430       0x68 lib_build/Endpoint_XMC4000.o
                0x0000000008004430                Endpoint_Write_8
 .text.Endpoint_Read_8
                0x0000000008004498       0x70 lib_build/Endpoint_XMC4000.o
                0x0000000008004498                Endpoint_Read_8
 .text.Endpoint_Write_32_LE
                0x0000000008004508       0x68 lib_build/Endpoint_XMC4000.o
                0x0000000008004508                Endpoint_Write_32_LE
 .text.Endpoint_Read_32_LE
                0x0000000008004570       0x70 lib_build/Endpoint_XMC4000.o
                0x0000000008004570                Endpoint_Read_32_LE
 .text.Endpoint_ConfigureEndpointTable
                0x00000000080045e0      0x150 lib_build/Endpoint_XMC4000.o
                0x00000000080045e0                Endpoint_ConfigureEndpointTable
 .text          0x0000000008004730        0x0 lib_build/xmc4_scu.o
 .text.XMC_SCU_CLOCK_GetUsbClockSource
                0x0000000008004730       0x1c lib_build/xmc4_scu.o
 .text.XMC_SCU_CLOCK_GetWdtClockSource
                0x000000000800474c       0x1c lib_build/xmc4_scu.o
 .text.XMC_SCU_CLOCK_GetExternalOutputClockSource
                0x0000000008004768       0x20 lib_build/xmc4_scu.o
 .text.XMC_SCU_CLOCK_GetSystemClockFrequency
                0x0000000008004788       0x28 lib_build/xmc4_scu.o
 .text.XMC_SCU_CLOCK_GetCpuClockFrequency
                0x00000000080047b0       0x18 lib_build/xmc4_scu.o
 .text.XMC_SCU_GetMirrorStatus
                0x00000000080047c8       0x18 lib_build/xmc4_scu.o
 .text.XMC_SCU_lDelay
                0x00000000080047e0       0x48 lib_build/xmc4_scu.o
 .text.XMC_SCU_INTERRUPT_EnableEvent
                0x0000000008004828       0x24 lib_build/xmc4_scu.o
                0x0000000008004828                XMC_SCU_INTERRUPT_EnableEvent
 .text.XMC_SCU_INTERRUPT_DisableEvent
                0x000000000800484c       0x28 lib_build/xmc4_scu.o
                0x000000000800484c                XMC_SCU_INTERRUPT_DisableEvent
 .text.XMC_SCU_INTERRUPT_TriggerEvent
                0x0000000008004874       0x24 lib_build/xmc4_scu.o
                0x0000000008004874                XMC_SCU_INTERRUPT_TriggerEvent
 .text.XMC_SCU_INTERUPT_GetEventStatus
                0x0000000008004898       0x18 lib_build/xmc4_scu.o
                0x0000000008004898                XMC_SCU_INTERUPT_GetEventStatus
 .text.XMC_SCU_INTERRUPT_ClearEventStatus
                0x00000000080048b0       0x20 lib_build/xmc4_scu.o
                0x00000000080048b0                XMC_SCU_INTERRUPT_ClearEventStatus
 .text.XMC_SCU_GetBootMode
                0x00000000080048d0       0x1c lib_build/xmc4_scu.o
                0x00000000080048d0                XMC_SCU_GetBootMode
 .text.XMC_SCU_SetBootMode
                0x00000000080048ec       0x20 lib_build/xmc4_scu.o
                0x00000000080048ec                XMC_SCU_SetBootMode
 .text.XMC_SCU_ReadGPR
                0x000000000800490c       0x24 lib_build/xmc4_scu.o
                0x000000000800490c                XMC_SCU_ReadGPR
 .text.XMC_SCU_WriteGPR
                0x0000000008004930       0x28 lib_build/xmc4_scu.o
                0x0000000008004930                XMC_SCU_WriteGPR
 .text.XMC_SCU_EnableOutOfRangeComparator
                0x0000000008004958       0x38 lib_build/xmc4_scu.o
                0x0000000008004958                XMC_SCU_EnableOutOfRangeComparator
 .text.XMC_SCU_DisableOutOfRangeComparator
                0x0000000008004990       0x3c lib_build/xmc4_scu.o
                0x0000000008004990                XMC_SCU_DisableOutOfRangeComparator
 .text.XMC_SCU_CalibrateTemperatureSensor
                0x00000000080049cc       0x30 lib_build/xmc4_scu.o
                0x00000000080049cc                XMC_SCU_CalibrateTemperatureSensor
 .text.XMC_SCU_EnableTemperatureSensor
                0x00000000080049fc       0x24 lib_build/xmc4_scu.o
                0x00000000080049fc                XMC_SCU_EnableTemperatureSensor
 .text.XMC_SCU_DisableTemperatureSensor
                0x0000000008004a20       0x24 lib_build/xmc4_scu.o
                0x0000000008004a20                XMC_SCU_DisableTemperatureSensor
 .text.XMC_SCU_IsTemperatureSensorEnabled
                0x0000000008004a44       0x28 lib_build/xmc4_scu.o
                0x0000000008004a44                XMC_SCU_IsTemperatureSensorEnabled
 .text.XMC_SCU_IsTemperatureSensorReady
                0x0000000008004a6c       0x28 lib_build/xmc4_scu.o
                0x0000000008004a6c                XMC_SCU_IsTemperatureSensorReady
 .text.XMC_SCU_StartTemperatureMeasurement
                0x0000000008004a94       0x4c lib_build/xmc4_scu.o
                0x0000000008004a94                XMC_SCU_StartTemperatureMeasurement
 .text.XMC_SCU_GetTemperatureMeasurement
                0x0000000008004ae0       0x38 lib_build/xmc4_scu.o
                0x0000000008004ae0                XMC_SCU_GetTemperatureMeasurement
 .text.XMC_SCU_IsTemperatureSensorBusy
                0x0000000008004b18       0x28 lib_build/xmc4_scu.o
                0x0000000008004b18                XMC_SCU_IsTemperatureSensorBusy
 .text.XMC_SCU_WriteToRetentionMemory
                0x0000000008004b40       0x4c lib_build/xmc4_scu.o
                0x0000000008004b40                XMC_SCU_WriteToRetentionMemory
 .text.XMC_SCU_ReadFromRetentionMemory
                0x0000000008004b8c       0x48 lib_build/xmc4_scu.o
                0x0000000008004b8c                XMC_SCU_ReadFromRetentionMemory
 .text.XMC_SCU_CLOCK_Init
                0x0000000008004bd4       0xe6 lib_build/xmc4_scu.o
                0x0000000008004bd4                XMC_SCU_CLOCK_Init
 *fill*         0x0000000008004cba        0x2 
 .text.XMC_SCU_TRAP_Enable
                0x0000000008004cbc       0x28 lib_build/xmc4_scu.o
                0x0000000008004cbc                XMC_SCU_TRAP_Enable
 .text.XMC_SCU_TRAP_Disable
                0x0000000008004ce4       0x24 lib_build/xmc4_scu.o
                0x0000000008004ce4                XMC_SCU_TRAP_Disable
 .text.XMC_SCU_TRAP_GetStatus
                0x0000000008004d08       0x18 lib_build/xmc4_scu.o
                0x0000000008004d08                XMC_SCU_TRAP_GetStatus
 .text.XMC_SCU_TRAP_Trigger
                0x0000000008004d20       0x20 lib_build/xmc4_scu.o
                0x0000000008004d20                XMC_SCU_TRAP_Trigger
 .text.XMC_SCU_TRAP_ClearStatus
                0x0000000008004d40       0x20 lib_build/xmc4_scu.o
                0x0000000008004d40                XMC_SCU_TRAP_ClearStatus
 .text.XMC_SCU_PARITY_ClearStatus
                0x0000000008004d60       0x24 lib_build/xmc4_scu.o
                0x0000000008004d60                XMC_SCU_PARITY_ClearStatus
 .text.XMC_SCU_PARITY_GetStatus
                0x0000000008004d84       0x18 lib_build/xmc4_scu.o
                0x0000000008004d84                XMC_SCU_PARITY_GetStatus
 .text.XMC_SCU_PARITY_Enable
                0x0000000008004d9c       0x24 lib_build/xmc4_scu.o
                0x0000000008004d9c                XMC_SCU_PARITY_Enable
 .text.XMC_SCU_PARITY_Disable
                0x0000000008004dc0       0x28 lib_build/xmc4_scu.o
                0x0000000008004dc0                XMC_SCU_PARITY_Disable
 .text.XMC_SCU_PARITY_EnableTrapGeneration
                0x0000000008004de8       0x24 lib_build/xmc4_scu.o
                0x0000000008004de8                XMC_SCU_PARITY_EnableTrapGeneration
 .text.XMC_SCU_PARITY_DisableTrapGeneration
                0x0000000008004e0c       0x28 lib_build/xmc4_scu.o
                0x0000000008004e0c                XMC_SCU_PARITY_DisableTrapGeneration
 .text.XMC_SCU_INTERRUPT_EnableNmiRequest
                0x0000000008004e34       0x24 lib_build/xmc4_scu.o
                0x0000000008004e34                XMC_SCU_INTERRUPT_EnableNmiRequest
 .text.XMC_SCU_INTERRUPT_DisableNmiRequest
                0x0000000008004e58       0x28 lib_build/xmc4_scu.o
                0x0000000008004e58                XMC_SCU_INTERRUPT_DisableNmiRequest
 .text.XMC_SCU_RESET_AssertPeripheralReset
                0x0000000008004e80       0x3c lib_build/xmc4_scu.o
                0x0000000008004e80                XMC_SCU_RESET_AssertPeripheralReset
 .text.XMC_SCU_RESET_DeassertPeripheralReset
                0x0000000008004ebc       0x3c lib_build/xmc4_scu.o
                0x0000000008004ebc                XMC_SCU_RESET_DeassertPeripheralReset
 .text.XMC_SCU_RESET_IsPeripheralResetAsserted
                0x0000000008004ef8       0x48 lib_build/xmc4_scu.o
                0x0000000008004ef8                XMC_SCU_RESET_IsPeripheralResetAsserted
 .text.XMC_SCU_CLOCK_GetSystemPllClockFrequency
                0x0000000008004f40       0x7c lib_build/xmc4_scu.o
                0x0000000008004f40                XMC_SCU_CLOCK_GetSystemPllClockFrequency
 .text.XMC_SCU_CLOCK_GetSystemPllClockSourceFrequency
                0x0000000008004fbc       0x30 lib_build/xmc4_scu.o
                0x0000000008004fbc                XMC_SCU_CLOCK_GetSystemPllClockSourceFrequency
 .text.XMC_SCU_CLOCK_GetUsbPllClockFrequency
                0x0000000008004fec       0x54 lib_build/xmc4_scu.o
                0x0000000008004fec                XMC_SCU_CLOCK_GetUsbPllClockFrequency
 .text.XMC_SCU_CLOCK_GetCcuClockFrequency
                0x0000000008005040       0x2c lib_build/xmc4_scu.o
                0x0000000008005040                XMC_SCU_CLOCK_GetCcuClockFrequency
 .text.XMC_SCU_CLOCK_GetUsbClockFrequency
                0x000000000800506c       0x48 lib_build/xmc4_scu.o
                0x000000000800506c                XMC_SCU_CLOCK_GetUsbClockFrequency
 .text.XMC_SCU_CLOCK_GetEbuClockFrequency
                0x00000000080050b4       0x28 lib_build/xmc4_scu.o
                0x00000000080050b4                XMC_SCU_CLOCK_GetEbuClockFrequency
 .text.XMC_SCU_CLOCK_GetWdtClockFrequency
                0x00000000080050dc       0x58 lib_build/xmc4_scu.o
                0x00000000080050dc                XMC_SCU_CLOCK_GetWdtClockFrequency
 .text.XMC_SCU_CLOCK_GetExternalOutputClockFrequency
                0x0000000008005134       0x70 lib_build/xmc4_scu.o
                0x0000000008005134                XMC_SCU_CLOCK_GetExternalOutputClockFrequency
 .text.XMC_SCU_CLOCK_GetPeripheralClockFrequency
                0x00000000080051a4       0x20 lib_build/xmc4_scu.o
                0x00000000080051a4                XMC_SCU_CLOCK_GetPeripheralClockFrequency
 .text.XMC_SCU_CLOCK_SetSystemClockSource
                0x00000000080051c4       0x28 lib_build/xmc4_scu.o
                0x00000000080051c4                XMC_SCU_CLOCK_SetSystemClockSource
 .text.XMC_SCU_CLOCK_SetUsbClockSource
                0x00000000080051ec       0x28 lib_build/xmc4_scu.o
                0x00000000080051ec                XMC_SCU_CLOCK_SetUsbClockSource
 .text.XMC_SCU_CLOCK_SetWdtClockSource
                0x0000000008005214       0x28 lib_build/xmc4_scu.o
                0x0000000008005214                XMC_SCU_CLOCK_SetWdtClockSource
 .text.XMC_SCU_CLOCK_SetExternalOutputClockSource
                0x000000000800523c       0x2c lib_build/xmc4_scu.o
                0x000000000800523c                XMC_SCU_CLOCK_SetExternalOutputClockSource
 .text.XMC_SCU_CLOCK_SetSystemPllClockSource
                0x0000000008005268       0x44 lib_build/xmc4_scu.o
                0x0000000008005268                XMC_SCU_CLOCK_SetSystemPllClockSource
 .text.XMC_SCU_HIB_SetRtcClockSource
                0x00000000080052ac       0x40 lib_build/xmc4_scu.o
                0x00000000080052ac                XMC_SCU_HIB_SetRtcClockSource
 .text.XMC_SCU_HIB_SetStandbyClockSource
                0x00000000080052ec       0x40 lib_build/xmc4_scu.o
                0x00000000080052ec                XMC_SCU_HIB_SetStandbyClockSource
 .text.XMC_SCU_CLOCK_SetSystemClockDivider
                0x000000000800532c       0x2c lib_build/xmc4_scu.o
                0x000000000800532c                XMC_SCU_CLOCK_SetSystemClockDivider
 .text.XMC_SCU_CLOCK_SetCcuClockDivider
                0x0000000008005358       0x2c lib_build/xmc4_scu.o
                0x0000000008005358                XMC_SCU_CLOCK_SetCcuClockDivider
 .text.XMC_SCU_CLOCK_SetCpuClockDivider
                0x0000000008005384       0x2c lib_build/xmc4_scu.o
                0x0000000008005384                XMC_SCU_CLOCK_SetCpuClockDivider
 .text.XMC_SCU_CLOCK_SetPeripheralClockDivider
                0x00000000080053b0       0x2c lib_build/xmc4_scu.o
                0x00000000080053b0                XMC_SCU_CLOCK_SetPeripheralClockDivider
 .text.XMC_SCU_CLOCK_SetUsbClockDivider
                0x00000000080053dc       0x2c lib_build/xmc4_scu.o
                0x00000000080053dc                XMC_SCU_CLOCK_SetUsbClockDivider
 .text.XMC_SCU_CLOCK_SetEbuClockDivider
                0x0000000008005408       0x2c lib_build/xmc4_scu.o
                0x0000000008005408                XMC_SCU_CLOCK_SetEbuClockDivider
 .text.XMC_SCU_CLOCK_SetWdtClockDivider
                0x0000000008005434       0x2c lib_build/xmc4_scu.o
                0x0000000008005434                XMC_SCU_CLOCK_SetWdtClockDivider
 .text.XMC_SCU_CLOCK_SetExternalOutputClockDivider
                0x0000000008005460       0x30 lib_build/xmc4_scu.o
                0x0000000008005460                XMC_SCU_CLOCK_SetExternalOutputClockDivider
 .text.XMC_SCU_CLOCK_EnableClock
                0x0000000008005490       0x20 lib_build/xmc4_scu.o
                0x0000000008005490                XMC_SCU_CLOCK_EnableClock
 .text.XMC_SCU_CLOCK_DisableClock
                0x00000000080054b0       0x20 lib_build/xmc4_scu.o
                0x00000000080054b0                XMC_SCU_CLOCK_DisableClock
 .text.XMC_SCU_CLOCK_IsClockEnabled
                0x00000000080054d0       0x2c lib_build/xmc4_scu.o
                0x00000000080054d0                XMC_SCU_CLOCK_IsClockEnabled
 .text.XMC_SCU_POWER_GetEVR13Voltage
                0x00000000080054fc       0x30 lib_build/xmc4_scu.o
                0x00000000080054fc                XMC_SCU_POWER_GetEVR13Voltage
 .text.XMC_SCU_POWER_GetEVR33Voltage
                0x000000000800552c       0x34 lib_build/xmc4_scu.o
                0x000000000800552c                XMC_SCU_POWER_GetEVR33Voltage
 .text.XMC_SCU_CLOCK_EnableUsbPll
                0x0000000008005560       0x24 lib_build/xmc4_scu.o
                0x0000000008005560                XMC_SCU_CLOCK_EnableUsbPll
 .text.XMC_SCU_CLOCK_DisableUsbPll
                0x0000000008005584       0x24 lib_build/xmc4_scu.o
                0x0000000008005584                XMC_SCU_CLOCK_DisableUsbPll
 .text.XMC_SCU_CLOCK_StartUsbPll
                0x00000000080055a8       0x78 lib_build/xmc4_scu.o
                0x00000000080055a8                XMC_SCU_CLOCK_StartUsbPll
 .text.XMC_SCU_CLOCK_StopUsbPll
                0x0000000008005620       0x1c lib_build/xmc4_scu.o
                0x0000000008005620                XMC_SCU_CLOCK_StopUsbPll
 .text.XMC_SCU_CLOCK_SetBackupClockCalibrationMode
                0x000000000800563c       0x4c lib_build/xmc4_scu.o
                0x000000000800563c                XMC_SCU_CLOCK_SetBackupClockCalibrationMode
 .text.XMC_SCU_POWER_EnableUsb
                0x0000000008005688       0x1c lib_build/xmc4_scu.o
                0x0000000008005688                XMC_SCU_POWER_EnableUsb
 .text.XMC_SCU_POWER_DisableUsb
                0x00000000080056a4       0x1c lib_build/xmc4_scu.o
                0x00000000080056a4                XMC_SCU_POWER_DisableUsb
 .text.XMC_SCU_CLOCK_IsUsbPllLocked
                0x00000000080056c0       0x24 lib_build/xmc4_scu.o
                0x00000000080056c0                XMC_SCU_CLOCK_IsUsbPllLocked
 .text.XMC_SCU_HIB_EnableHibernateDomain
                0x00000000080056e4       0x58 lib_build/xmc4_scu.o
                0x00000000080056e4                XMC_SCU_HIB_EnableHibernateDomain
 .text.XMC_SCU_HIB_DisableHibernateDomain
                0x000000000800573c       0x24 lib_build/xmc4_scu.o
                0x000000000800573c                XMC_SCU_HIB_DisableHibernateDomain
 .text.XMC_SCU_HIB_IsHibernateDomainEnabled
                0x0000000008005760       0x3c lib_build/xmc4_scu.o
                0x0000000008005760                XMC_SCU_HIB_IsHibernateDomainEnabled
 .text.XMC_SCU_HIB_EnableInternalSlowClock
                0x000000000800579c       0x34 lib_build/xmc4_scu.o
                0x000000000800579c                XMC_SCU_HIB_EnableInternalSlowClock
 .text.XMC_SCU_HIB_DisableInternalSlowClock
                0x00000000080057d0       0x34 lib_build/xmc4_scu.o
                0x00000000080057d0                XMC_SCU_HIB_DisableInternalSlowClock
 .text.XMC_SCU_HIB_ClearEventStatus
                0x0000000008005804       0x34 lib_build/xmc4_scu.o
                0x0000000008005804                XMC_SCU_HIB_ClearEventStatus
 .text.XMC_SCU_HIB_TriggerEvent
                0x0000000008005838       0x34 lib_build/xmc4_scu.o
                0x0000000008005838                XMC_SCU_HIB_TriggerEvent
 .text.XMC_SCU_HIB_EnableEvent
                0x000000000800586c       0x38 lib_build/xmc4_scu.o
                0x000000000800586c                XMC_SCU_HIB_EnableEvent
 .text.XMC_SCU_HIB_DisableEvent
                0x00000000080058a4       0x3c lib_build/xmc4_scu.o
                0x00000000080058a4                XMC_SCU_HIB_DisableEvent
 .text.XMC_SCU_HIB_EnterHibernateState
                0x00000000080058e0       0x34 lib_build/xmc4_scu.o
                0x00000000080058e0                XMC_SCU_HIB_EnterHibernateState
 .text.XMC_SCU_HIB_EnterHibernateStateEx
                0x0000000008005914       0x1c lib_build/xmc4_scu.o
                0x0000000008005914                XMC_SCU_HIB_EnterHibernateStateEx
 .text.XMC_SCU_HIB_SetWakeupTriggerInput
                0x0000000008005930       0x50 lib_build/xmc4_scu.o
                0x0000000008005930                XMC_SCU_HIB_SetWakeupTriggerInput
 .text.XMC_SCU_HIB_SetPinMode
                0x0000000008005980       0x54 lib_build/xmc4_scu.o
                0x0000000008005980                XMC_SCU_HIB_SetPinMode
 .text.XMC_SCU_HIB_SetPinOutputLevel
                0x00000000080059d4       0x58 lib_build/xmc4_scu.o
                0x00000000080059d4                XMC_SCU_HIB_SetPinOutputLevel
 .text.XMC_SCU_HIB_SetInput0
                0x0000000008005a2c       0x50 lib_build/xmc4_scu.o
                0x0000000008005a2c                XMC_SCU_HIB_SetInput0
 .text.XMC_SCU_HIB_SetSR0Input
                0x0000000008005a7c       0x40 lib_build/xmc4_scu.o
                0x0000000008005a7c                XMC_SCU_HIB_SetSR0Input
 .text.XMC_SCU_CLOCK_IsLowPowerOscillatorStable
                0x0000000008005abc       0x24 lib_build/xmc4_scu.o
                0x0000000008005abc                XMC_SCU_CLOCK_IsLowPowerOscillatorStable
 .text.XMC_SCU_CLOCK_EnableLowPowerOscillator
                0x0000000008005ae0       0x6c lib_build/xmc4_scu.o
                0x0000000008005ae0                XMC_SCU_CLOCK_EnableLowPowerOscillator
 .text.XMC_SCU_CLOCK_DisableLowPowerOscillator
                0x0000000008005b4c       0x34 lib_build/xmc4_scu.o
                0x0000000008005b4c                XMC_SCU_CLOCK_DisableLowPowerOscillator
 .text.XMC_SCU_CLOCK_EnableLowPowerOscillatorGeneralPurposeInput
                0x0000000008005b80       0x34 lib_build/xmc4_scu.o
                0x0000000008005b80                XMC_SCU_CLOCK_EnableLowPowerOscillatorGeneralPurposeInput
 .text.XMC_SCU_CLOCK_DisableLowPowerOscillatorGeneralPurposeInput
                0x0000000008005bb4       0x38 lib_build/xmc4_scu.o
                0x0000000008005bb4                XMC_SCU_CLOCK_DisableLowPowerOscillatorGeneralPurposeInput
 .text.XMC_SCU_CLOCK_GetLowPowerOscillatorGeneralPurposeInputStatus
                0x0000000008005bec       0x1c lib_build/xmc4_scu.o
                0x0000000008005bec                XMC_SCU_CLOCK_GetLowPowerOscillatorGeneralPurposeInputStatus
 .text.XMC_SCU_CLOCK_EnableHighPerformanceOscillator
                0x0000000008005c08       0x50 lib_build/xmc4_scu.o
                0x0000000008005c08                XMC_SCU_CLOCK_EnableHighPerformanceOscillator
 .text.XMC_SCU_CLOCK_IsHighPerformanceOscillatorStable
                0x0000000008005c58       0x28 lib_build/xmc4_scu.o
                0x0000000008005c58                XMC_SCU_CLOCK_IsHighPerformanceOscillatorStable
 .text.XMC_SCU_CLOCK_DisableHighPerformanceOscillator
                0x0000000008005c80       0x20 lib_build/xmc4_scu.o
                0x0000000008005c80                XMC_SCU_CLOCK_DisableHighPerformanceOscillator
 .text.XMC_SCU_CLOCK_EnableHighPerformanceOscillatorGeneralPurposeInput
                0x0000000008005ca0       0x20 lib_build/xmc4_scu.o
                0x0000000008005ca0                XMC_SCU_CLOCK_EnableHighPerformanceOscillatorGeneralPurposeInput
 .text.XMC_SCU_CLOCK_DisableHighPerformanceOscillatorGeneralPurposeInput
                0x0000000008005cc0       0x20 lib_build/xmc4_scu.o
                0x0000000008005cc0                XMC_SCU_CLOCK_DisableHighPerformanceOscillatorGeneralPurposeInput
 .text.XMC_SCU_CLOCK_GetHighPerformanceOscillatorGeneralPurposeInputStatus
                0x0000000008005ce0       0x1c lib_build/xmc4_scu.o
                0x0000000008005ce0                XMC_SCU_CLOCK_GetHighPerformanceOscillatorGeneralPurposeInputStatus
 .text.XMC_SCU_CLOCK_EnableSystemPll
                0x0000000008005cfc       0x24 lib_build/xmc4_scu.o
                0x0000000008005cfc                XMC_SCU_CLOCK_EnableSystemPll
 .text.XMC_SCU_CLOCK_DisableSystemPll
                0x0000000008005d20       0x24 lib_build/xmc4_scu.o
                0x0000000008005d20                XMC_SCU_CLOCK_DisableSystemPll
 .text.XMC_SCU_CLOCK_StartSystemPll
                0x0000000008005d44      0x178 lib_build/xmc4_scu.o
                0x0000000008005d44                XMC_SCU_CLOCK_StartSystemPll
 .text.XMC_SCU_CLOCK_StopSystemPll
                0x0000000008005ebc       0x20 lib_build/xmc4_scu.o
                0x0000000008005ebc                XMC_SCU_CLOCK_StopSystemPll
 .text.XMC_SCU_CLOCK_StepSystemPllFrequency
                0x0000000008005edc       0x30 lib_build/xmc4_scu.o
                0x0000000008005edc                XMC_SCU_CLOCK_StepSystemPllFrequency
 .text.XMC_SCU_CLOCK_IsSystemPllLocked
                0x0000000008005f0c       0x24 lib_build/xmc4_scu.o
                0x0000000008005f0c                XMC_SCU_CLOCK_IsSystemPllLocked
 .text.XMC_SCU_INTERRUPT_SetEventHandler
                0x0000000008005f30       0x58 lib_build/xmc4_scu.o
                0x0000000008005f30                XMC_SCU_INTERRUPT_SetEventHandler
 .text.XMC_SCU_IRQHandler
                0x0000000008005f88       0x60 lib_build/xmc4_scu.o
                0x0000000008005f88                XMC_SCU_IRQHandler
 .text          0x0000000008005fe8        0x0 lib_build/EndpointStream_XMC4000.o
 .text.Endpoint_Write_Stream_LE
                0x0000000008005fe8      0x114 lib_build/EndpointStream_XMC4000.o
                0x0000000008005fe8                Endpoint_Write_Stream_LE
 .text.SwapCopy
                0x00000000080060fc       0x44 lib_build/EndpointStream_XMC4000.o
                0x00000000080060fc                SwapCopy
 .text.Endpoint_Write_Stream_BE
                0x0000000008006140       0xe8 lib_build/EndpointStream_XMC4000.o
                0x0000000008006140                Endpoint_Write_Stream_BE
 .text.Endpoint_Read_Stream_LE
                0x0000000008006228       0xf0 lib_build/EndpointStream_XMC4000.o
                0x0000000008006228                Endpoint_Read_Stream_LE
 .text.Endpoint_Read_Stream_BE
                0x0000000008006318       0xf0 lib_build/EndpointStream_XMC4000.o
                0x0000000008006318                Endpoint_Read_Stream_BE
 .text.Endpoint_Write_Control_Stream_LE
                0x0000000008006408       0x70 lib_build/EndpointStream_XMC4000.o
                0x0000000008006408                Endpoint_Write_Control_Stream_LE
 .text.Endpoint_Write_Control_Stream_BE
                0x0000000008006478       0x20 lib_build/EndpointStream_XMC4000.o
                0x0000000008006478                Endpoint_Write_Control_Stream_BE
 .text.Endpoint_Read_Control_Stream_LE
                0x0000000008006498       0x68 lib_build/EndpointStream_XMC4000.o
                0x0000000008006498                Endpoint_Read_Control_Stream_LE
 .text.Endpoint_Read_Control_Stream_BE
                0x0000000008006500       0x20 lib_build/EndpointStream_XMC4000.o
                0x0000000008006500                Endpoint_Read_Control_Stream_BE
 .text.Endpoint_Null_Stream
                0x0000000008006520       0xdc lib_build/EndpointStream_XMC4000.o
                0x0000000008006520                Endpoint_Null_Stream
 .text          0x00000000080065fc        0x0 lib_build/memcpy.o
 .text.thumb2_memcpy
                0x00000000080065fc       0x3e lib_build/memcpy.o
                0x00000000080065fc                thumb2_memcpy
 .text          0x000000000800663a        0x0 lib_build/xmc_gpio.o
 .text.XMC_GPIO_SetMode
                0x000000000800663a       0x82 lib_build/xmc_gpio.o
                0x000000000800663a                XMC_GPIO_SetMode
 .text.XMC_GPIO_SetHardwareControl
                0x00000000080066bc       0x46 lib_build/xmc_gpio.o
                0x00000000080066bc                XMC_GPIO_SetHardwareControl
 .text          0x0000000008006702        0x0 lib_build/xmc4_gpio.o
 *fill*         0x0000000008006702        0x2 
 .text.XMC_GPIO_Init
                0x0000000008006704      0x144 lib_build/xmc4_gpio.o
                0x0000000008006704                XMC_GPIO_Init
 .text.XMC_GPIO_SetOutputStrength
                0x0000000008006848       0x86 lib_build/xmc4_gpio.o
                0x0000000008006848                XMC_GPIO_SetOutputStrength
 .text          0x00000000080068ce        0x0 lib_build/startup_XMC4500.o
 .text          0x00000000080068ce        0x0 lib_build/system_XMC4500.o
 .text.delay    0x00000000080068ce       0x2a lib_build/system_XMC4500.o
 .text.SystemInit
                0x00000000080068f8       0x24 lib_build/system_XMC4500.o
                0x00000000080068f8                SystemInit
 .text.SystemCoreSetup
                0x000000000800691c       0x70 lib_build/system_XMC4500.o
                0x000000000800691c                SystemCoreSetup
 .text.SystemCoreClockSetup
                0x000000000800698c      0x208 lib_build/system_XMC4500.o
 .text.SystemCoreClockUpdate
                0x0000000008006b94       0xd4 lib_build/system_XMC4500.o
                0x0000000008006b94                SystemCoreClockUpdate
 .text.OSCHP_GetFrequency
                0x0000000008006c68       0x14 lib_build/system_XMC4500.o
                0x0000000008006c68                OSCHP_GetFrequency
 .text          0x0000000008006c7c        0x0 lib_build/syscalls.o
 .text._sbrk    0x0000000008006c7c       0x68 lib_build/syscalls.o
                0x0000000008006c7c                _sbrk
 .text._init    0x0000000008006ce4        0xe lib_build/syscalls.o
                0x0000000008006ce4                _init
 .text          0x0000000008006cf2        0x0 /usr/bin/../lib/gcc/arm-none-eabi/7.3.1/../../../../arm-none-eabi/lib/thumb/v7e-m/libg.a(lib_a-errno.o)
 *fill*         0x0000000008006cf2        0x2 
 .text.__errno  0x0000000008006cf4        0xc /usr/bin/../lib/gcc/arm-none-eabi/7.3.1/../../../../arm-none-eabi/lib/thumb/v7e-m/libg.a(lib_a-errno.o)
                0x0000000008006cf4                __errno
 .text          0x0000000008006d00        0x0 /usr/bin/../lib/gcc/arm-none-eabi/7.3.1/../../../../arm-none-eabi/lib/thumb/v7e-m/libg.a(lib_a-impure.o)
 .text          0x0000000008006d00        0x0 /usr/bin/../lib/gcc/arm-none-eabi/7.3.1/../../../../arm-none-eabi/lib/thumb/v7e-m/libg.a(lib_a-init.o)
 .text.__libc_init_array
                0x0000000008006d00       0x48 /usr/bin/../lib/gcc/arm-none-eabi/7.3.1/../../../../arm-none-eabi/lib/thumb/v7e-m/libg.a(lib_a-init.o)
                0x0000000008006d00                __libc_init_array
 .text          0x0000000008006d48      0x134 /usr/bin/../lib/gcc/arm-none-eabi/7.3.1/../../../../arm-none-eabi/lib/thumb/v7e-m/libg.a(lib_a-memcpy.o)
                0x0000000008006d48                memcpy
 .text          0x0000000008006e7c        0x0 /usr/bin/../lib/gcc/arm-none-eabi/7.3.1/../../../../arm-none-eabi/lib/thumb/v7e-m/libg.a(lib_a-memset.o)
 .text.memset   0x0000000008006e7c       0x94 /usr/bin/../lib/gcc/arm-none-eabi/7.3.1/../../../../arm-none-eabi/lib/thumb/v7e-m/libg.a(lib_a-memset.o)
                0x0000000008006e7c                memset
 .text          0x0000000008006f10        0x0 /usr/bin/../lib/gcc/arm-none-eabi/7.3.1/../../../../arm-none-eabi/lib/thumb/v7e-m/libg.a(lib_a-printf.o)
 .text._printf_r
                0x0000000008006f10       0x20 /usr/bin/../lib/gcc/arm-none-eabi/7.3.1/../../../../arm-none-eabi/lib/thumb/v7e-m/libg.a(lib_a-printf.o)
                0x0000000008006f10                _printf_r
 .text.printf   0x0000000008006f30       0x28 /usr/bin/../lib/gcc/arm-none-eabi/7.3.1/../../../../arm-none-eabi/lib/thumb/v7e-m/libg.a(lib_a-printf.o)
                0x0000000008006f30                printf
 .text          0x0000000008006f58        0x0 /usr/bin/../lib/gcc/arm-none-eabi/7.3.1/../../../../arm-none-eabi/lib/thumb/v7e-m/libg.a(lib_a-putchar.o)
 .text._putchar_r
                0x0000000008006f58        0x8 /usr/bin/../lib/gcc/arm-none-eabi/7.3.1/../../../../arm-none-eabi/lib/thumb/v7e-m/libg.a(lib_a-putchar.o)
                0x0000000008006f58                _putchar_r
 .text.putchar  0x0000000008006f60       0x14 /usr/bin/../lib/gcc/arm-none-eabi/7.3.1/../../../../arm-none-eabi/lib/thumb/v7e-m/libg.a(lib_a-putchar.o)
                0x0000000008006f60                putchar
 *fill*         0x0000000008006f74        0xc 
 .text          0x0000000008006f80       0xdc /usr/bin/../lib/gcc/arm-none-eabi/7.3.1/../../../../arm-none-eabi/lib/thumb/v7e-m/libg.a(lib_a-strlen.o)
                0x0000000008006f80                strlen
 .text          0x000000000800705c        0x0 /usr/bin/../lib/gcc/arm-none-eabi/7.3.1/../../../../arm-none-eabi/lib/thumb/v7e-m/libg.a(lib_a-vfprintf.o)
 .text._vfprintf_r
                0x000000000800705c     0x1a80 /usr/bin/../lib/gcc/arm-none-eabi/7.3.1/../../../../arm-none-eabi/lib/thumb/v7e-m/libg.a(lib_a-vfprintf.o)
                0x000000000800705c                _vfprintf_r
 .text.vfprintf
                0x0000000008008adc       0x18 /usr/bin/../lib/gcc/arm-none-eabi/7.3.1/../../../../arm-none-eabi/lib/thumb/v7e-m/libg.a(lib_a-vfprintf.o)
                0x0000000008008adc                vfprintf
 .text.__sbprintf
                0x0000000008008af4       0x84 /usr/bin/../lib/gcc/arm-none-eabi/7.3.1/../../../../arm-none-eabi/lib/thumb/v7e-m/libg.a(lib_a-vfprintf.o)
 .text          0x0000000008008b78        0x0 /usr/bin/../lib/gcc/arm-none-eabi/7.3.1/../../../../arm-none-eabi/lib/thumb/v7e-m/libg.a(lib_a-wsetup.o)
 .text.__swsetup_r
                0x0000000008008b78       0xcc /usr/bin/../lib/gcc/arm-none-eabi/7.3.1/../../../../arm-none-eabi/lib/thumb/v7e-m/libg.a(lib_a-wsetup.o)
                0x0000000008008b78                __swsetup_r
 .text          0x0000000008008c44        0x0 /usr/bin/../lib/gcc/arm-none-eabi/7.3.1/../../../../arm-none-eabi/lib/thumb/v7e-m/libg.a(lib_a-dtoa.o)
 .text.quorem   0x0000000008008c44      0x124 /usr/bin/../lib/gcc/arm-none-eabi/7.3.1/../../../../arm-none-eabi/lib/thumb/v7e-m/libg.a(lib_a-dtoa.o)
 .text._dtoa_r  0x0000000008008d68      0xdf4 /usr/bin/../lib/gcc/arm-none-eabi/7.3.1/../../../../arm-none-eabi/lib/thumb/v7e-m/libg.a(lib_a-dtoa.o)
                0x0000000008008d68                _dtoa_r
 .text          0x0000000008009b5c        0x0 /usr/bin/../lib/gcc/arm-none-eabi/7.3.1/../../../../arm-none-eabi/lib/thumb/v7e-m/libg.a(lib_a-fflush.o)
 .text.__sflush_r
                0x0000000008009b5c      0x154 /usr/bin/../lib/gcc/arm-none-eabi/7.3.1/../../../../arm-none-eabi/lib/thumb/v7e-m/libg.a(lib_a-fflush.o)
                0x0000000008009b5c                __sflush_r
 .text._fflush_r
                0x0000000008009cb0       0x5c /usr/bin/../lib/gcc/arm-none-eabi/7.3.1/../../../../arm-none-eabi/lib/thumb/v7e-m/libg.a(lib_a-fflush.o)
                0x0000000008009cb0                _fflush_r
 .text.fflush   0x0000000008009d0c       0x24 /usr/bin/../lib/gcc/arm-none-eabi/7.3.1/../../../../arm-none-eabi/lib/thumb/v7e-m/libg.a(lib_a-fflush.o)
                0x0000000008009d0c                fflush
 .text          0x0000000008009d30        0x0 /usr/bin/../lib/gcc/arm-none-eabi/7.3.1/../../../../arm-none-eabi/lib/thumb/v7e-m/libg.a(lib_a-findfp.o)
 .text.std      0x0000000008009d30       0x50 /usr/bin/../lib/gcc/arm-none-eabi/7.3.1/../../../../arm-none-eabi/lib/thumb/v7e-m/libg.a(lib_a-findfp.o)
 .text._cleanup_r
                0x0000000008009d80        0xc /usr/bin/../lib/gcc/arm-none-eabi/7.3.1/../../../../arm-none-eabi/lib/thumb/v7e-m/libg.a(lib_a-findfp.o)
                0x0000000008009d80                _cleanup_r
 .text.__fp_lock
                0x0000000008009d8c       0x1c /usr/bin/../lib/gcc/arm-none-eabi/7.3.1/../../../../arm-none-eabi/lib/thumb/v7e-m/libg.a(lib_a-findfp.o)
 .text.__fp_unlock
                0x0000000008009da8       0x1c /usr/bin/../lib/gcc/arm-none-eabi/7.3.1/../../../../arm-none-eabi/lib/thumb/v7e-m/libg.a(lib_a-findfp.o)
 .text.__sfmoreglue
                0x0000000008009dc4       0x30 /usr/bin/../lib/gcc/arm-none-eabi/7.3.1/../../../../arm-none-eabi/lib/thumb/v7e-m/libg.a(lib_a-findfp.o)
                0x0000000008009dc4                __sfmoreglue
 .text._cleanup
                0x0000000008009df4       0x14 /usr/bin/../lib/gcc/arm-none-eabi/7.3.1/../../../../arm-none-eabi/lib/thumb/v7e-m/libg.a(lib_a-findfp.o)
                0x0000000008009df4                _cleanup
 .text.__sinit  0x0000000008009e08       0x58 /usr/bin/../lib/gcc/arm-none-eabi/7.3.1/../../../../arm-none-eabi/lib/thumb/v7e-m/libg.a(lib_a-findfp.o)
                0x0000000008009e08                __sinit
 .text.__sfp    0x0000000008009e60       0xa4 /usr/bin/../lib/gcc/arm-none-eabi/7.3.1/../../../../arm-none-eabi/lib/thumb/v7e-m/libg.a(lib_a-findfp.o)
                0x0000000008009e60                __sfp
 .text.__sfp_lock_acquire
                0x0000000008009f04        0xc /usr/bin/../lib/gcc/arm-none-eabi/7.3.1/../../../../arm-none-eabi/lib/thumb/v7e-m/libg.a(lib_a-findfp.o)
                0x0000000008009f04                __sfp_lock_acquire
 .text.__sfp_lock_release
                0x0000000008009f10        0xc /usr/bin/../lib/gcc/arm-none-eabi/7.3.1/../../../../arm-none-eabi/lib/thumb/v7e-m/libg.a(lib_a-findfp.o)
                0x0000000008009f10                __sfp_lock_release
 .text.__sinit_lock_acquire
                0x0000000008009f1c        0xc /usr/bin/../lib/gcc/arm-none-eabi/7.3.1/../../../../arm-none-eabi/lib/thumb/v7e-m/libg.a(lib_a-findfp.o)
                0x0000000008009f1c                __sinit_lock_acquire
 .text.__sinit_lock_release
                0x0000000008009f28        0xc /usr/bin/../lib/gcc/arm-none-eabi/7.3.1/../../../../arm-none-eabi/lib/thumb/v7e-m/libg.a(lib_a-findfp.o)
                0x0000000008009f28                __sinit_lock_release
 .text.__fp_lock_all
                0x0000000008009f34       0x24 /usr/bin/../lib/gcc/arm-none-eabi/7.3.1/../../../../arm-none-eabi/lib/thumb/v7e-m/libg.a(lib_a-findfp.o)
                0x0000000008009f34                __fp_lock_all
 .text.__fp_unlock_all
                0x0000000008009f58       0x24 /usr/bin/../lib/gcc/arm-none-eabi/7.3.1/../../../../arm-none-eabi/lib/thumb/v7e-m/libg.a(lib_a-findfp.o)
                0x0000000008009f58                __fp_unlock_all
 .text          0x0000000008009f7c        0x0 /usr/bin/../lib/gcc/arm-none-eabi/7.3.1/../../../../arm-none-eabi/lib/thumb/v7e-m/libg.a(lib_a-freer.o)
 .text._malloc_trim_r
                0x0000000008009f7c       0xa0 /usr/bin/../lib/gcc/arm-none-eabi/7.3.1/../../../../arm-none-eabi/lib/thumb/v7e-m/libg.a(lib_a-freer.o)
                0x0000000008009f7c                _malloc_trim_r
 .text._free_r  0x000000000800a01c      0x1e8 /usr/bin/../lib/gcc/arm-none-eabi/7.3.1/../../../../arm-none-eabi/lib/thumb/v7e-m/libg.a(lib_a-freer.o)
                0x000000000800a01c                _free_r
 .text          0x000000000800a204        0x0 /usr/bin/../lib/gcc/arm-none-eabi/7.3.1/../../../../arm-none-eabi/lib/thumb/v7e-m/libg.a(lib_a-fwalk.o)
 .text._fwalk   0x000000000800a204       0x4c /usr/bin/../lib/gcc/arm-none-eabi/7.3.1/../../../../arm-none-eabi/lib/thumb/v7e-m/libg.a(lib_a-fwalk.o)
                0x000000000800a204                _fwalk
 .text._fwalk_reent
                0x000000000800a250       0x54 /usr/bin/../lib/gcc/arm-none-eabi/7.3.1/../../../../arm-none-eabi/lib/thumb/v7e-m/libg.a(lib_a-fwalk.o)
                0x000000000800a250                _fwalk_reent
 .text          0x000000000800a2a4        0x0 /usr/bin/../lib/gcc/arm-none-eabi/7.3.1/../../../../arm-none-eabi/lib/thumb/v7e-m/libg.a(lib_a-localeconv.o)
 .text.__localeconv_l
                0x000000000800a2a4        0x4 /usr/bin/../lib/gcc/arm-none-eabi/7.3.1/../../../../arm-none-eabi/lib/thumb/v7e-m/libg.a(lib_a-localeconv.o)
                0x000000000800a2a4                __localeconv_l
 .text._localeconv_r
                0x000000000800a2a8       0x1c /usr/bin/../lib/gcc/arm-none-eabi/7.3.1/../../../../arm-none-eabi/lib/thumb/v7e-m/libg.a(lib_a-localeconv.o)
                0x000000000800a2a8                _localeconv_r
 .text.localeconv
                0x000000000800a2c4       0x1c /usr/bin/../lib/gcc/arm-none-eabi/7.3.1/../../../../arm-none-eabi/lib/thumb/v7e-m/libg.a(lib_a-localeconv.o)
                0x000000000800a2c4                localeconv
 .text          0x000000000800a2e0        0x0 /usr/bin/../lib/gcc/arm-none-eabi/7.3.1/../../../../arm-none-eabi/lib/thumb/v7e-m/libg.a(lib_a-lock.o)
 .text.__retarget_lock_init
                0x000000000800a2e0        0x4 /usr/bin/../lib/gcc/arm-none-eabi/7.3.1/../../../../arm-none-eabi/lib/thumb/v7e-m/libg.a(lib_a-lock.o)
                0x000000000800a2e0                __retarget_lock_init
 .text.__retarget_lock_init_recursive
                0x000000000800a2e4        0x4 /usr/bin/../lib/gcc/arm-none-eabi/7.3.1/../../../../arm-none-eabi/lib/thumb/v7e-m/libg.a(lib_a-lock.o)
                0x000000000800a2e4                __retarget_lock_init_recursive
 .text.__retarget_lock_close
                0x000000000800a2e8        0x4 /usr/bin/../lib/gcc/arm-none-eabi/7.3.1/../../../../arm-none-eabi/lib/thumb/v7e-m/libg.a(lib_a-lock.o)
                0x000000000800a2e8                __retarget_lock_close
 .text.__retarget_lock_close_recursive
                0x000000000800a2ec        0x4 /usr/bin/../lib/gcc/arm-none-eabi/7.3.1/../../../../arm-none-eabi/lib/thumb/v7e-m/libg.a(lib_a-lock.o)
                0x000000000800a2ec                __retarget_lock_close_recursive
 .text.__retarget_lock_acquire
                0x000000000800a2f0        0x4 /usr/bin/../lib/gcc/arm-none-eabi/7.3.1/../../../../arm-none-eabi/lib/thumb/v7e-m/libg.a(lib_a-lock.o)
                0x000000000800a2f0                __retarget_lock_acquire
 .text.__retarget_lock_acquire_recursive
                0x000000000800a2f4        0x4 /usr/bin/../lib/gcc/arm-none-eabi/7.3.1/../../../../arm-none-eabi/lib/thumb/v7e-m/libg.a(lib_a-lock.o)
                0x000000000800a2f4                __retarget_lock_acquire_recursive
 .text.__retarget_lock_try_acquire
                0x000000000800a2f8        0x4 /usr/bin/../lib/gcc/arm-none-eabi/7.3.1/../../../../arm-none-eabi/lib/thumb/v7e-m/libg.a(lib_a-lock.o)
                0x000000000800a2f8                __retarget_lock_try_acquire
 .text.__retarget_lock_try_acquire_recursive
                0x000000000800a2fc        0x4 /usr/bin/../lib/gcc/arm-none-eabi/7.3.1/../../../../arm-none-eabi/lib/thumb/v7e-m/libg.a(lib_a-lock.o)
                0x000000000800a2fc                __retarget_lock_try_acquire_recursive
 .text.__retarget_lock_release
                0x000000000800a300        0x4 /usr/bin/../lib/gcc/arm-none-eabi/7.3.1/../../../../arm-none-eabi/lib/thumb/v7e-m/libg.a(lib_a-lock.o)
                0x000000000800a300                __retarget_lock_release
 .text.__retarget_lock_release_recursive
                0x000000000800a304        0x4 /usr/bin/../lib/gcc/arm-none-eabi/7.3.1/../../../../arm-none-eabi/lib/thumb/v7e-m/libg.a(lib_a-lock.o)
                0x000000000800a304                __retarget_lock_release_recursive
 .text          0x000000000800a308        0x0 /usr/bin/../lib/gcc/arm-none-eabi/7.3.1/../../../../arm-none-eabi/lib/thumb/v7e-m/libg.a(lib_a-makebuf.o)
 .text.__swhatbuf_r
                0x000000000800a308       0x5c /usr/bin/../lib/gcc/arm-none-eabi/7.3.1/../../../../arm-none-eabi/lib/thumb/v7e-m/libg.a(lib_a-makebuf.o)
                0x000000000800a308                __swhatbuf_r
 .text.__smakebuf_r
                0x000000000800a364       0x94 /usr/bin/../lib/gcc/arm-none-eabi/7.3.1/../../../../arm-none-eabi/lib/thumb/v7e-m/libg.a(lib_a-makebuf.o)
                0x000000000800a364                __smakebuf_r
 .text          0x000000000800a3f8        0x0 /usr/bin/../lib/gcc/arm-none-eabi/7.3.1/../../../../arm-none-eabi/lib/thumb/v7e-m/libg.a(lib_a-mallocr.o)
 .text._malloc_r
                0x000000000800a3f8      0x548 /usr/bin/../lib/gcc/arm-none-eabi/7.3.1/../../../../arm-none-eabi/lib/thumb/v7e-m/libg.a(lib_a-mallocr.o)
                0x000000000800a3f8                _malloc_r
 .text          0x000000000800a940       0xa0 /usr/bin/../lib/gcc/arm-none-eabi/7.3.1/../../../../arm-none-eabi/lib/thumb/v7e-m/libg.a(lib_a-memchr.o)
                0x000000000800a940                memchr
 .text          0x000000000800a9e0        0x0 /usr/bin/../lib/gcc/arm-none-eabi/7.3.1/../../../../arm-none-eabi/lib/thumb/v7e-m/libg.a(lib_a-mlock.o)
 .text.__malloc_lock
                0x000000000800a9e0        0xc /usr/bin/../lib/gcc/arm-none-eabi/7.3.1/../../../../arm-none-eabi/lib/thumb/v7e-m/libg.a(lib_a-mlock.o)
                0x000000000800a9e0                __malloc_lock
 .text.__malloc_unlock
                0x000000000800a9ec        0xc /usr/bin/../lib/gcc/arm-none-eabi/7.3.1/../../../../arm-none-eabi/lib/thumb/v7e-m/libg.a(lib_a-mlock.o)
                0x000000000800a9ec                __malloc_unlock
 .text          0x000000000800a9f8        0x0 /usr/bin/../lib/gcc/arm-none-eabi/7.3.1/../../../../arm-none-eabi/lib/thumb/v7e-m/libg.a(lib_a-mprec.o)
 .text._Balloc  0x000000000800a9f8       0x4c /usr/bin/../lib/gcc/arm-none-eabi/7.3.1/../../../../arm-none-eabi/lib/thumb/v7e-m/libg.a(lib_a-mprec.o)
                0x000000000800a9f8                _Balloc
 .text._Bfree   0x000000000800aa44       0x14 /usr/bin/../lib/gcc/arm-none-eabi/7.3.1/../../../../arm-none-eabi/lib/thumb/v7e-m/libg.a(lib_a-mprec.o)
                0x000000000800aa44                _Bfree
 .text.__multadd
                0x000000000800aa58       0x80 /usr/bin/../lib/gcc/arm-none-eabi/7.3.1/../../../../arm-none-eabi/lib/thumb/v7e-m/libg.a(lib_a-mprec.o)
                0x000000000800aa58                __multadd
 .text.__s2b    0x000000000800aad8       0x98 /usr/bin/../lib/gcc/arm-none-eabi/7.3.1/../../../../arm-none-eabi/lib/thumb/v7e-m/libg.a(lib_a-mprec.o)
                0x000000000800aad8                __s2b
 .text.__hi0bits
                0x000000000800ab70       0x40 /usr/bin/../lib/gcc/arm-none-eabi/7.3.1/../../../../arm-none-eabi/lib/thumb/v7e-m/libg.a(lib_a-mprec.o)
                0x000000000800ab70                __hi0bits
 .text.__lo0bits
                0x000000000800abb0       0x60 /usr/bin/../lib/gcc/arm-none-eabi/7.3.1/../../../../arm-none-eabi/lib/thumb/v7e-m/libg.a(lib_a-mprec.o)
                0x000000000800abb0                __lo0bits
 .text.__i2b    0x000000000800ac10       0x14 /usr/bin/../lib/gcc/arm-none-eabi/7.3.1/../../../../arm-none-eabi/lib/thumb/v7e-m/libg.a(lib_a-mprec.o)
                0x000000000800ac10                __i2b
 .text.__multiply
                0x000000000800ac24      0x14c /usr/bin/../lib/gcc/arm-none-eabi/7.3.1/../../../../arm-none-eabi/lib/thumb/v7e-m/libg.a(lib_a-mprec.o)
                0x000000000800ac24                __multiply
 .text.__pow5mult
                0x000000000800ad70       0xa0 /usr/bin/../lib/gcc/arm-none-eabi/7.3.1/../../../../arm-none-eabi/lib/thumb/v7e-m/libg.a(lib_a-mprec.o)
                0x000000000800ad70                __pow5mult
 .text.__lshift
                0x000000000800ae10       0xac /usr/bin/../lib/gcc/arm-none-eabi/7.3.1/../../../../arm-none-eabi/lib/thumb/v7e-m/libg.a(lib_a-mprec.o)
                0x000000000800ae10                __lshift
 .text.__mcmp   0x000000000800aebc       0x38 /usr/bin/../lib/gcc/arm-none-eabi/7.3.1/../../../../arm-none-eabi/lib/thumb/v7e-m/libg.a(lib_a-mprec.o)
                0x000000000800aebc                __mcmp
 .text.__mdiff  0x000000000800aef4       0xec /usr/bin/../lib/gcc/arm-none-eabi/7.3.1/../../../../arm-none-eabi/lib/thumb/v7e-m/libg.a(lib_a-mprec.o)
                0x000000000800aef4                __mdiff
 .text.__ulp    0x000000000800afe0       0x44 /usr/bin/../lib/gcc/arm-none-eabi/7.3.1/../../../../arm-none-eabi/lib/thumb/v7e-m/libg.a(lib_a-mprec.o)
                0x000000000800afe0                __ulp
 .text.__b2d    0x000000000800b024       0xc0 /usr/bin/../lib/gcc/arm-none-eabi/7.3.1/../../../../arm-none-eabi/lib/thumb/v7e-m/libg.a(lib_a-mprec.o)
                0x000000000800b024                __b2d
 .text.__d2b    0x000000000800b0e4       0xb0 /usr/bin/../lib/gcc/arm-none-eabi/7.3.1/../../../../arm-none-eabi/lib/thumb/v7e-m/libg.a(lib_a-mprec.o)
                0x000000000800b0e4                __d2b
 .text.__ratio  0x000000000800b194       0x5c /usr/bin/../lib/gcc/arm-none-eabi/7.3.1/../../../../arm-none-eabi/lib/thumb/v7e-m/libg.a(lib_a-mprec.o)
                0x000000000800b194                __ratio
 .text._mprec_log10
                0x000000000800b1f0       0x38 /usr/bin/../lib/gcc/arm-none-eabi/7.3.1/../../../../arm-none-eabi/lib/thumb/v7e-m/libg.a(lib_a-mprec.o)
                0x000000000800b1f0                _mprec_log10
 .text.__copybits
                0x000000000800b228       0x48 /usr/bin/../lib/gcc/arm-none-eabi/7.3.1/../../../../arm-none-eabi/lib/thumb/v7e-m/libg.a(lib_a-mprec.o)
                0x000000000800b228                __copybits
 .text.__any_on
                0x000000000800b270       0x54 /usr/bin/../lib/gcc/arm-none-eabi/7.3.1/../../../../arm-none-eabi/lib/thumb/v7e-m/libg.a(lib_a-mprec.o)
                0x000000000800b270                __any_on
 .text          0x000000000800b2c4        0x0 /usr/bin/../lib/gcc/arm-none-eabi/7.3.1/../../../../arm-none-eabi/lib/thumb/v7e-m/libg.a(lib_a-putc.o)
 .text._putc_r  0x000000000800b2c4       0x70 /usr/bin/../lib/gcc/arm-none-eabi/7.3.1/../../../../arm-none-eabi/lib/thumb/v7e-m/libg.a(lib_a-putc.o)
                0x000000000800b2c4                _putc_r
 .text.putc     0x000000000800b334       0x78 /usr/bin/../lib/gcc/arm-none-eabi/7.3.1/../../../../arm-none-eabi/lib/thumb/v7e-m/libg.a(lib_a-putc.o)
                0x000000000800b334                putc
 .text          0x000000000800b3ac        0x0 /usr/bin/../lib/gcc/arm-none-eabi/7.3.1/../../../../arm-none-eabi/lib/thumb/v7e-m/libg.a(lib_a-s_frexp.o)
 .text.frexp    0x000000000800b3ac       0x64 /usr/bin/../lib/gcc/arm-none-eabi/7.3.1/../../../../arm-none-eabi/lib/thumb/v7e-m/libg.a(lib_a-s_frexp.o)
                0x000000000800b3ac                frexp
 .text          0x000000000800b410        0x0 /usr/bin/../lib/gcc/arm-none-eabi/7.3.1/../../../../arm-none-eabi/lib/thumb/v7e-m/libg.a(lib_a-sbrkr.o)
 .text._sbrk_r  0x000000000800b410       0x24 /usr/bin/../lib/gcc/arm-none-eabi/7.3.1/../../../../arm-none-eabi/lib/thumb/v7e-m/libg.a(lib_a-sbrkr.o)
                0x000000000800b410                _sbrk_r
 .text          0x000000000800b434        0x0 /usr/bin/../lib/gcc/arm-none-eabi/7.3.1/../../../../arm-none-eabi/lib/thumb/v7e-m/libg.a(lib_a-stdio.o)
 .text.__sread  0x000000000800b434       0x24 /usr/bin/../lib/gcc/arm-none-eabi/7.3.1/../../../../arm-none-eabi/lib/thumb/v7e-m/libg.a(lib_a-stdio.o)
                0x000000000800b434                __sread
 .text.__seofread
                0x000000000800b458        0x4 /usr/bin/../lib/gcc/arm-none-eabi/7.3.1/../../../../arm-none-eabi/lib/thumb/v7e-m/libg.a(lib_a-stdio.o)
                0x000000000800b458                __seofread
 .text.__swrite
                0x000000000800b45c       0x3c /usr/bin/../lib/gcc/arm-none-eabi/7.3.1/../../../../arm-none-eabi/lib/thumb/v7e-m/libg.a(lib_a-stdio.o)
                0x000000000800b45c                __swrite
 .text.__sseek  0x000000000800b498       0x20 /usr/bin/../lib/gcc/arm-none-eabi/7.3.1/../../../../arm-none-eabi/lib/thumb/v7e-m/libg.a(lib_a-stdio.o)
                0x000000000800b498                __sseek
 .text.__sclose
                0x000000000800b4b8        0x8 /usr/bin/../lib/gcc/arm-none-eabi/7.3.1/../../../../arm-none-eabi/lib/thumb/v7e-m/libg.a(lib_a-stdio.o)
                0x000000000800b4b8                __sclose
 .text          0x000000000800b4c0        0x0 /usr/bin/../lib/gcc/arm-none-eabi/7.3.1/../../../../arm-none-eabi/lib/thumb/v7e-m/libg.a(lib_a-strncpy.o)
 .text.strncpy  0x000000000800b4c0       0x64 /usr/bin/../lib/gcc/arm-none-eabi/7.3.1/../../../../arm-none-eabi/lib/thumb/v7e-m/libg.a(lib_a-strncpy.o)
                0x000000000800b4c0                strncpy
 .text          0x000000000800b524        0x0 /usr/bin/../lib/gcc/arm-none-eabi/7.3.1/../../../../arm-none-eabi/lib/thumb/v7e-m/libg.a(lib_a-vfiprintf.o)
 .text.__sprint_r.part.0
                0x000000000800b524       0x78 /usr/bin/../lib/gcc/arm-none-eabi/7.3.1/../../../../arm-none-eabi/lib/thumb/v7e-m/libg.a(lib_a-vfiprintf.o)
 .text.__sprint_r
                0x000000000800b59c       0x14 /usr/bin/../lib/gcc/arm-none-eabi/7.3.1/../../../../arm-none-eabi/lib/thumb/v7e-m/libg.a(lib_a-vfiprintf.o)
                0x000000000800b59c                __sprint_r
 .text._vfiprintf_r
                0x000000000800b5b0      0xce4 /usr/bin/../lib/gcc/arm-none-eabi/7.3.1/../../../../arm-none-eabi/lib/thumb/v7e-m/libg.a(lib_a-vfiprintf.o)
                0x000000000800b5b0                _vfiprintf_r
 .text.vfiprintf
                0x000000000800c294       0x18 /usr/bin/../lib/gcc/arm-none-eabi/7.3.1/../../../../arm-none-eabi/lib/thumb/v7e-m/libg.a(lib_a-vfiprintf.o)
                0x000000000800c294                vfiprintf
 .text.__sbprintf
                0x000000000800c2ac       0x84 /usr/bin/../lib/gcc/arm-none-eabi/7.3.1/../../../../arm-none-eabi/lib/thumb/v7e-m/libg.a(lib_a-vfiprintf.o)
 .text          0x000000000800c330        0x0 /usr/bin/../lib/gcc/arm-none-eabi/7.3.1/../../../../arm-none-eabi/lib/thumb/v7e-m/libg.a(lib_a-wbuf.o)
 .text.__swbuf_r
                0x000000000800c330       0xb0 /usr/bin/../lib/gcc/arm-none-eabi/7.3.1/../../../../arm-none-eabi/lib/thumb/v7e-m/libg.a(lib_a-wbuf.o)
                0x000000000800c330                __swbuf_r
 .text.__swbuf  0x000000000800c3e0       0x10 /usr/bin/../lib/gcc/arm-none-eabi/7.3.1/../../../../arm-none-eabi/lib/thumb/v7e-m/libg.a(lib_a-wbuf.o)
                0x000000000800c3e0                __swbuf
 .text          0x000000000800c3f0        0x0 /usr/bin/../lib/gcc/arm-none-eabi/7.3.1/../../../../arm-none-eabi/lib/thumb/v7e-m/libg.a(lib_a-writer.o)
 .text._write_r
                0x000000000800c3f0       0x2c /usr/bin/../lib/gcc/arm-none-eabi/7.3.1/../../../../arm-none-eabi/lib/thumb/v7e-m/libg.a(lib_a-writer.o)
                0x000000000800c3f0                _write_r
 .text          0x000000000800c41c        0x0 /usr/bin/../lib/gcc/arm-none-eabi/7.3.1/../../../../arm-none-eabi/lib/thumb/v7e-m/libg.a(lib_a-callocr.o)
 .text._calloc_r
                0x000000000800c41c       0x68 /usr/bin/../lib/gcc/arm-none-eabi/7.3.1/../../../../arm-none-eabi/lib/thumb/v7e-m/libg.a(lib_a-callocr.o)
                0x000000000800c41c                _calloc_r
 .text          0x000000000800c484        0x0 /usr/bin/../lib/gcc/arm-none-eabi/7.3.1/../../../../arm-none-eabi/lib/thumb/v7e-m/libg.a(lib_a-closer.o)
 .text._close_r
                0x000000000800c484       0x24 /usr/bin/../lib/gcc/arm-none-eabi/7.3.1/../../../../arm-none-eabi/lib/thumb/v7e-m/libg.a(lib_a-closer.o)
                0x000000000800c484                _close_r
 .text          0x000000000800c4a8        0x0 /usr/bin/../lib/gcc/arm-none-eabi/7.3.1/../../../../arm-none-eabi/lib/thumb/v7e-m/libg.a(lib_a-fclose.o)
 .text._fclose_r
                0x000000000800c4a8       0xd0 /usr/bin/../lib/gcc/arm-none-eabi/7.3.1/../../../../arm-none-eabi/lib/thumb/v7e-m/libg.a(lib_a-fclose.o)
                0x000000000800c4a8                _fclose_r
 .text.fclose   0x000000000800c578       0x10 /usr/bin/../lib/gcc/arm-none-eabi/7.3.1/../../../../arm-none-eabi/lib/thumb/v7e-m/libg.a(lib_a-fclose.o)
                0x000000000800c578                fclose
 .text          0x000000000800c588        0x0 /usr/bin/../lib/gcc/arm-none-eabi/7.3.1/../../../../arm-none-eabi/lib/thumb/v7e-m/libg.a(lib_a-fputwc.o)
 .text.__fputwc
                0x000000000800c588       0xa0 /usr/bin/../lib/gcc/arm-none-eabi/7.3.1/../../../../arm-none-eabi/lib/thumb/v7e-m/libg.a(lib_a-fputwc.o)
                0x000000000800c588                __fputwc
 .text._fputwc_r
                0x000000000800c628       0x64 /usr/bin/../lib/gcc/arm-none-eabi/7.3.1/../../../../arm-none-eabi/lib/thumb/v7e-m/libg.a(lib_a-fputwc.o)
                0x000000000800c628                _fputwc_r
 .text.fputwc   0x000000000800c68c       0x38 /usr/bin/../lib/gcc/arm-none-eabi/7.3.1/../../../../arm-none-eabi/lib/thumb/v7e-m/libg.a(lib_a-fputwc.o)
                0x000000000800c68c                fputwc
 .text          0x000000000800c6c4        0x0 /usr/bin/../lib/gcc/arm-none-eabi/7.3.1/../../../../arm-none-eabi/lib/thumb/v7e-m/libg.a(lib_a-fstatr.o)
 .text._fstat_r
                0x000000000800c6c4       0x28 /usr/bin/../lib/gcc/arm-none-eabi/7.3.1/../../../../arm-none-eabi/lib/thumb/v7e-m/libg.a(lib_a-fstatr.o)
                0x000000000800c6c4                _fstat_r
 .text          0x000000000800c6ec        0x0 /usr/bin/../lib/gcc/arm-none-eabi/7.3.1/../../../../arm-none-eabi/lib/thumb/v7e-m/libg.a(lib_a-fvwrite.o)
 .text.__sfvwrite_r
                0x000000000800c6ec      0x2fc /usr/bin/../lib/gcc/arm-none-eabi/7.3.1/../../../../arm-none-eabi/lib/thumb/v7e-m/libg.a(lib_a-fvwrite.o)
                0x000000000800c6ec                __sfvwrite_r
 .text          0x000000000800c9e8        0x0 /usr/bin/../lib/gcc/arm-none-eabi/7.3.1/../../../../arm-none-eabi/lib/thumb/v7e-m/libg.a(lib_a-isattyr.o)
 .text._isatty_r
                0x000000000800c9e8       0x24 /usr/bin/../lib/gcc/arm-none-eabi/7.3.1/../../../../arm-none-eabi/lib/thumb/v7e-m/libg.a(lib_a-isattyr.o)
                0x000000000800c9e8                _isatty_r
 .text          0x000000000800ca0c        0x0 /usr/bin/../lib/gcc/arm-none-eabi/7.3.1/../../../../arm-none-eabi/lib/thumb/v7e-m/libg.a(lib_a-locale.o)
 .text._setlocale_r
                0x000000000800ca0c       0x40 /usr/bin/../lib/gcc/arm-none-eabi/7.3.1/../../../../arm-none-eabi/lib/thumb/v7e-m/libg.a(lib_a-locale.o)
                0x000000000800ca0c                _setlocale_r
 .text.__locale_mb_cur_max
                0x000000000800ca4c       0x1c /usr/bin/../lib/gcc/arm-none-eabi/7.3.1/../../../../arm-none-eabi/lib/thumb/v7e-m/libg.a(lib_a-locale.o)
                0x000000000800ca4c                __locale_mb_cur_max
 .text.__locale_ctype_ptr_l
                0x000000000800ca68        0x8 /usr/bin/../lib/gcc/arm-none-eabi/7.3.1/../../../../arm-none-eabi/lib/thumb/v7e-m/libg.a(lib_a-locale.o)
                0x000000000800ca68                __locale_ctype_ptr_l
 .text.__locale_ctype_ptr
                0x000000000800ca70       0x1c /usr/bin/../lib/gcc/arm-none-eabi/7.3.1/../../../../arm-none-eabi/lib/thumb/v7e-m/libg.a(lib_a-locale.o)
                0x000000000800ca70                __locale_ctype_ptr
 .text.setlocale
                0x000000000800ca8c       0x10 /usr/bin/../lib/gcc/arm-none-eabi/7.3.1/../../../../arm-none-eabi/lib/thumb/v7e-m/libg.a(lib_a-locale.o)
                0x000000000800ca8c                setlocale
 .text          0x000000000800ca9c        0x0 /usr/bin/../lib/gcc/arm-none-eabi/7.3.1/../../../../arm-none-eabi/lib/thumb/v7e-m/libg.a(lib_a-lseekr.o)
 .text._lseek_r
                0x000000000800ca9c       0x2c /usr/bin/../lib/gcc/arm-none-eabi/7.3.1/../../../../arm-none-eabi/lib/thumb/v7e-m/libg.a(lib_a-lseekr.o)
                0x000000000800ca9c                _lseek_r
 .text          0x000000000800cac8        0x0 /usr/bin/../lib/gcc/arm-none-eabi/7.3.1/../../../../arm-none-eabi/lib/thumb/v7e-m/libg.a(lib_a-mbtowc_r.o)
 .text._mbtowc_r
                0x000000000800cac8       0x24 /usr/bin/../lib/gcc/arm-none-eabi/7.3.1/../../../../arm-none-eabi/lib/thumb/v7e-m/libg.a(lib_a-mbtowc_r.o)
                0x000000000800cac8                _mbtowc_r
 .text.__ascii_mbtowc
                0x000000000800caec       0x2c /usr/bin/../lib/gcc/arm-none-eabi/7.3.1/../../../../arm-none-eabi/lib/thumb/v7e-m/libg.a(lib_a-mbtowc_r.o)
                0x000000000800caec                __ascii_mbtowc
 .text          0x000000000800cb18        0x0 /usr/bin/../lib/gcc/arm-none-eabi/7.3.1/../../../../arm-none-eabi/lib/thumb/v7e-m/libg.a(lib_a-memmove.o)
 .text.memmove  0x000000000800cb18       0xc8 /usr/bin/../lib/gcc/arm-none-eabi/7.3.1/../../../../arm-none-eabi/lib/thumb/v7e-m/libg.a(lib_a-memmove.o)
                0x000000000800cb18                memmove
 .text          0x000000000800cbe0        0x0 /usr/bin/../lib/gcc/arm-none-eabi/7.3.1/../../../../arm-none-eabi/lib/thumb/v7e-m/libg.a(lib_a-readr.o)
 .text._read_r  0x000000000800cbe0       0x2c /usr/bin/../lib/gcc/arm-none-eabi/7.3.1/../../../../arm-none-eabi/lib/thumb/v7e-m/libg.a(lib_a-readr.o)
                0x000000000800cbe0                _read_r
 .text          0x000000000800cc0c        0x0 /usr/bin/../lib/gcc/arm-none-eabi/7.3.1/../../../../arm-none-eabi/lib/thumb/v7e-m/libg.a(lib_a-reallocr.o)
 .text._realloc_r
                0x000000000800cc0c      0x35c /usr/bin/../lib/gcc/arm-none-eabi/7.3.1/../../../../arm-none-eabi/lib/thumb/v7e-m/libg.a(lib_a-reallocr.o)
                0x000000000800cc0c                _realloc_r
 .text          0x000000000800cf68        0x0 /usr/bin/../lib/gcc/arm-none-eabi/7.3.1/../../../../arm-none-eabi/lib/thumb/v7e-m/libg.a(lib_a-reent.o)
 .text.cleanup_glue
                0x000000000800cf68       0x28 /usr/bin/../lib/gcc/arm-none-eabi/7.3.1/../../../../arm-none-eabi/lib/thumb/v7e-m/libg.a(lib_a-reent.o)
                0x000000000800cf68                cleanup_glue
 .text._reclaim_reent
                0x000000000800cf90       0x88 /usr/bin/../lib/gcc/arm-none-eabi/7.3.1/../../../../arm-none-eabi/lib/thumb/v7e-m/libg.a(lib_a-reent.o)
                0x000000000800cf90                _reclaim_reent
 *fill*         0x000000000800d018        0x8 
 .text          0x000000000800d020      0x2dc /usr/bin/../lib/gcc/arm-none-eabi/7.3.1/../../../../arm-none-eabi/lib/thumb/v7e-m/libg.a(lib_a-strcmp.o)
                0x000000000800d028                strcmp
 .text          0x000000000800d2fc        0x0 /usr/bin/../lib/gcc/arm-none-eabi/7.3.1/../../../../arm-none-eabi/lib/thumb/v7e-m/libg.a(lib_a-wcrtomb.o)
 .text._wcrtomb_r
                0x000000000800d2fc       0x50 /usr/bin/../lib/gcc/arm-none-eabi/7.3.1/../../../../arm-none-eabi/lib/thumb/v7e-m/libg.a(lib_a-wcrtomb.o)
                0x000000000800d2fc                _wcrtomb_r
 .text.wcrtomb  0x000000000800d34c       0x54 /usr/bin/../lib/gcc/arm-none-eabi/7.3.1/../../../../arm-none-eabi/lib/thumb/v7e-m/libg.a(lib_a-wcrtomb.o)
                0x000000000800d34c                wcrtomb
 .text          0x000000000800d3a0        0x0 /usr/bin/../lib/gcc/arm-none-eabi/7.3.1/../../../../arm-none-eabi/lib/thumb/v7e-m/libg.a(lib_a-wctomb_r.o)
 .text._wctomb_r
                0x000000000800d3a0       0x24 /usr/bin/../lib/gcc/arm-none-eabi/7.3.1/../../../../arm-none-eabi/lib/thumb/v7e-m/libg.a(lib_a-wctomb_r.o)
                0x000000000800d3a0                _wctomb_r
 .text.__ascii_wctomb
                0x000000000800d3c4       0x1c /usr/bin/../lib/gcc/arm-none-eabi/7.3.1/../../../../arm-none-eabi/lib/thumb/v7e-m/libg.a(lib_a-wctomb_r.o)
                0x000000000800d3c4                __ascii_wctomb
 .text          0x000000000800d3e0        0x0 /usr/bin/../lib/gcc/arm-none-eabi/7.3.1/../../../../arm-none-eabi/lib/thumb/v7e-m/libg.a(lib_a-ctype_.o)
 .text          0x000000000800d3e0      0x378 /usr/bin/../lib/gcc/arm-none-eabi/7.3.1/thumb/v7e-m/libgcc.a(_arm_addsubdf3.o)
                0x000000000800d3e0                __aeabi_drsub
                0x000000000800d3e8                __aeabi_dsub
                0x000000000800d3e8                __subdf3
                0x000000000800d3ec                __adddf3
                0x000000000800d3ec                __aeabi_dadd
                0x000000000800d664                __aeabi_ui2d
                0x000000000800d664                __floatunsidf
                0x000000000800d684                __floatsidf
                0x000000000800d684                __aeabi_i2d
                0x000000000800d6a8                __extendsfdf2
                0x000000000800d6a8                __aeabi_f2d
                0x000000000800d6ec                __aeabi_ul2d
                0x000000000800d6ec                __floatundidf
                0x000000000800d6fc                __floatdidf
                0x000000000800d6fc                __aeabi_l2d
 .text          0x000000000800d758      0x424 /usr/bin/../lib/gcc/arm-none-eabi/7.3.1/thumb/v7e-m/libgcc.a(_arm_muldivdf3.o)
                0x000000000800d758                __aeabi_dmul
                0x000000000800d758                __muldf3
                0x000000000800d9ac                __aeabi_ddiv
                0x000000000800d9ac                __divdf3
 .text          0x000000000800db7c      0x110 /usr/bin/../lib/gcc/arm-none-eabi/7.3.1/thumb/v7e-m/libgcc.a(_arm_cmpdf2.o)
                0x000000000800db7c                __gtdf2
                0x000000000800db7c                __gedf2
                0x000000000800db84                __ltdf2
                0x000000000800db84                __ledf2
                0x000000000800db8c                __cmpdf2
                0x000000000800db8c                __eqdf2
                0x000000000800db8c                __nedf2
                0x000000000800dc08                __aeabi_cdrcmple
                0x000000000800dc18                __aeabi_cdcmple
                0x000000000800dc18                __aeabi_cdcmpeq
                0x000000000800dc28                __aeabi_dcmpeq
                0x000000000800dc3c                __aeabi_dcmplt
                0x000000000800dc50                __aeabi_dcmple
                0x000000000800dc64                __aeabi_dcmpge
                0x000000000800dc78                __aeabi_dcmpgt
 .text          0x000000000800dc8c       0x2c /usr/bin/../lib/gcc/arm-none-eabi/7.3.1/thumb/v7e-m/libgcc.a(_arm_unorddf2.o)
                0x000000000800dc8c                __aeabi_dcmpun
                0x000000000800dc8c                __unorddf2
 .text          0x000000000800dcb8       0x50 /usr/bin/../lib/gcc/arm-none-eabi/7.3.1/thumb/v7e-m/libgcc.a(_arm_fixdfsi.o)
                0x000000000800dcb8                __fixdfsi
                0x000000000800dcb8                __aeabi_d2iz
 .text          0x000000000800dd08       0x30 /usr/bin/../lib/gcc/arm-none-eabi/7.3.1/thumb/v7e-m/libgcc.a(_aeabi_uldivmod.o)
                0x000000000800dd08                __aeabi_uldivmod
 .text          0x000000000800dd38      0x2cc /usr/bin/../lib/gcc/arm-none-eabi/7.3.1/thumb/v7e-m/libgcc.a(_udivmoddi4.o)
                0x000000000800dd38                __udivmoddi4
 .text          0x000000000800e004        0x4 /usr/bin/../lib/gcc/arm-none-eabi/7.3.1/thumb/v7e-m/libgcc.a(_dvmd_tls.o)
                0x000000000800e004                __aeabi_ldiv0
                0x000000000800e004                __aeabi_idiv0
 .text          0x000000000800e008        0x0 /usr/bin/../lib/gcc/arm-none-eabi/7.3.1/../../../../arm-none-eabi/lib/thumb/v7e-m/libnosys.a(close.o)
 .text._close   0x000000000800e008       0x10 /usr/bin/../lib/gcc/arm-none-eabi/7.3.1/../../../../arm-none-eabi/lib/thumb/v7e-m/libnosys.a(close.o)
                0x000000000800e008                _close
 .text          0x000000000800e018        0x0 /usr/bin/../lib/gcc/arm-none-eabi/7.3.1/../../../../arm-none-eabi/lib/thumb/v7e-m/libnosys.a(fstat.o)
 .text._fstat   0x000000000800e018       0x10 /usr/bin/../lib/gcc/arm-none-eabi/7.3.1/../../../../arm-none-eabi/lib/thumb/v7e-m/libnosys.a(fstat.o)
                0x000000000800e018                _fstat
 .text          0x000000000800e028        0x0 /usr/bin/../lib/gcc/arm-none-eabi/7.3.1/../../../../arm-none-eabi/lib/thumb/v7e-m/libnosys.a(isatty.o)
 .text._isatty  0x000000000800e028       0x10 /usr/bin/../lib/gcc/arm-none-eabi/7.3.1/../../../../arm-none-eabi/lib/thumb/v7e-m/libnosys.a(isatty.o)
                0x000000000800e028                _isatty
 .text          0x000000000800e038        0x0 /usr/bin/../lib/gcc/arm-none-eabi/7.3.1/../../../../arm-none-eabi/lib/thumb/v7e-m/libnosys.a(lseek.o)
 .text._lseek   0x000000000800e038       0x10 /usr/bin/../lib/gcc/arm-none-eabi/7.3.1/../../../../arm-none-eabi/lib/thumb/v7e-m/libnosys.a(lseek.o)
                0x000000000800e038                _lseek
 .text          0x000000000800e048        0x0 /usr/bin/../lib/gcc/arm-none-eabi/7.3.1/../../../../arm-none-eabi/lib/thumb/v7e-m/libnosys.a(read.o)
 .text._read    0x000000000800e048       0x10 /usr/bin/../lib/gcc/arm-none-eabi/7.3.1/../../../../arm-none-eabi/lib/thumb/v7e-m/libnosys.a(read.o)
                0x000000000800e048                _read
 .text          0x000000000800e058        0x0 /usr/bin/../lib/gcc/arm-none-eabi/7.3.1/../../../../arm-none-eabi/lib/thumb/v7e-m/libnosys.a(write.o)
 .text._write   0x000000000800e058       0x10 /usr/bin/../lib/gcc/arm-none-eabi/7.3.1/../../../../arm-none-eabi/lib/thumb/v7e-m/libnosys.a(write.o)
                0x000000000800e058                _write
 *(.init)
 *(.fini)
 *crtbegin.o(.ctors)
 *crtbegin?.o(.ctors)
 *(EXCLUDE_FILE(*crtend.o *crtend?.o) .ctors)
 *(SORT_BY_NAME(.ctors.*))
 *(.ctors)
 *crtbegin.o(.dtors)
 *crtbegin?.o(.dtors)
 *(EXCLUDE_FILE(*crtend.o *crtend?.o) .dtors)
 *(SORT_BY_NAME(.dtors.*))
 *(.dtors)
 *(.rodata .rodata.*)
 .rodata        0x000000000800e068      0x1f4 build/main.o
                0x000000000800e1d4                clock_config
 .rodata        0x000000000800e25c       0xda build/Descriptors.o
                0x000000000800e25c                DeviceDescriptor
                0x000000000800e270                ConfigurationDescriptor
                0x000000000800e2b0                LanguageString
                0x000000000800e2b8                ManufacturerString
                0x000000000800e314                ProductString
 *fill*         0x000000000800e336        0x2 
 .rodata        0x000000000800e338       0x40 lib_build/xmc_usbd.o
                0x000000000800e338                Driver_USBD0
 .rodata        0x000000000800e378        0x8 lib_build/CDCClassDevice.o
 .rodata._global_impure_ptr
                0x000000000800e380        0x4 /usr/bin/../lib/gcc/arm-none-eabi/7.3.1/../../../../arm-none-eabi/lib/thumb/v7e-m/libg.a(lib_a-impure.o)
                0x000000000800e380                _global_impure_ptr
 .rodata._vfprintf_r.str1.4
                0x000000000800e384       0x42 /usr/bin/../lib/gcc/arm-none-eabi/7.3.1/../../../../arm-none-eabi/lib/thumb/v7e-m/libg.a(lib_a-vfprintf.o)
 *fill*         0x000000000800e3c6        0x2 
 .rodata.blanks.7330
                0x000000000800e3c8       0x10 /usr/bin/../lib/gcc/arm-none-eabi/7.3.1/../../../../arm-none-eabi/lib/thumb/v7e-m/libg.a(lib_a-vfprintf.o)
 .rodata.zeroes.7331
                0x000000000800e3d8       0x10 /usr/bin/../lib/gcc/arm-none-eabi/7.3.1/../../../../arm-none-eabi/lib/thumb/v7e-m/libg.a(lib_a-vfprintf.o)
 .rodata._dtoa_r.str1.4
                0x000000000800e3e8       0x10 /usr/bin/../lib/gcc/arm-none-eabi/7.3.1/../../../../arm-none-eabi/lib/thumb/v7e-m/libg.a(lib_a-dtoa.o)
                                         0x12 (size before relaxing)
 .rodata.__mprec_bigtens
                0x000000000800e3f8       0x28 /usr/bin/../lib/gcc/arm-none-eabi/7.3.1/../../../../arm-none-eabi/lib/thumb/v7e-m/libg.a(lib_a-mprec.o)
                0x000000000800e3f8                __mprec_bigtens
 .rodata.__mprec_tens
                0x000000000800e420       0xc8 /usr/bin/../lib/gcc/arm-none-eabi/7.3.1/../../../../arm-none-eabi/lib/thumb/v7e-m/libg.a(lib_a-mprec.o)
                0x000000000800e420                __mprec_tens
 .rodata.__mprec_tinytens
                0x000000000800e4e8       0x28 /usr/bin/../lib/gcc/arm-none-eabi/7.3.1/../../../../arm-none-eabi/lib/thumb/v7e-m/libg.a(lib_a-mprec.o)
                0x000000000800e4e8                __mprec_tinytens
 .rodata.p05.6092
                0x000000000800e510        0xc /usr/bin/../lib/gcc/arm-none-eabi/7.3.1/../../../../arm-none-eabi/lib/thumb/v7e-m/libg.a(lib_a-mprec.o)
 .rodata._vfiprintf_r.str1.4
                0x000000000800e51c       0x2f /usr/bin/../lib/gcc/arm-none-eabi/7.3.1/../../../../arm-none-eabi/lib/thumb/v7e-m/libg.a(lib_a-vfiprintf.o)
 .rodata.blanks.7308